Component: Arm Compiler for Embedded 6.24 Tool: armlink [5f371500]

==============================================================================

Section Cross References

    fsm_main.o(.text.ProcessFsmMain) refers to fsm_main.o(.bss.fsmstate) for fsmstate
    fsm_main.o(.text.ProcessFsmMain) refers to messages.o(.text.GetMessage) for GetMessage
    fsm_main.o(.text.ProcessFsmMain) refers to uart.o(.bss.lenuart) for lenuart
    fsm_main.o(.text.ProcessFsmMain) refers to fsm_main.o(.bss.addrfsm) for addrfsm
    fsm_main.o(.text.ProcessFsmMain) refers to fsm_main.o(.bss.lenfsm) for lenfsm
    fsm_main.o(.text.ProcessFsmMain) refers to fsm_main.o(.rodata.str1.1) for .L.str
    fsm_main.o(.text.ProcessFsmMain) refers to sscanf.o(.text) for sscanf
    fsm_main.o(.text.ProcessFsmMain) refers to strchr.o(.text) for strchr
    fsm_main.o(.text.ProcessFsmMain) refers to fsm_main.o(.bss.aRecvbuf) for aRecvbuf
    fsm_main.o(.text.ProcessFsmMain) refers to rt_memcpy_v6.o(.text) for __aeabi_memcpy
    fsm_main.o(.text.ProcessFsmMain) refers to messages.o(.text.SendMessage) for SendMessage
    fsm_main.o(.text.ProcessFsmMain) refers to strcpy.o(.text) for strcpy
    fsm_main.o(.text.ProcessFsmMain) refers to strlen.o(.text) for strlen
    fsm_main.o(.text.ProcessFsmMain) refers to i2cfram.o(.text.i2cFRAM_rd) for i2cFRAM_rd
    fsm_main.o(.text.ProcessFsmMain) refers to i2cfram.o(.bss.leni2c) for leni2c
    fsm_main.o(.text.ProcessFsmMain) refers to i2cfram.o(.text.i2cFRAM_wr) for i2cFRAM_wr
    fsm_main.o(.text.ProcessFsmMain) refers to uart.o(.text.uart_transmit) for uart_transmit
    fsm_main.o(.ARM.exidx.text.ProcessFsmMain) refers to fsm_main.o(.text.ProcessFsmMain) for [Anonymous Symbol]
    fsm_tm.o(.text.ProcessFsmTm) refers to fsm_tm.o(.bss.mtstatectrl) for mtstatectrl
    fsm_tm.o(.text.ProcessFsmTm) refers to messages.o(.text.GetMessage) for GetMessage
    fsm_tm.o(.text.ProcessFsmTm) refers to fsm_main.o(.bss.lenfsm) for lenfsm
    fsm_tm.o(.text.ProcessFsmTm) refers to fsm_tm.o(.bss.nextaddrtm) for nextaddrtm
    fsm_tm.o(.text.ProcessFsmTm) refers to fsm_tm.o(.bss.ProcessFsmTm.steptm) for ProcessFsmTm.steptm
    fsm_tm.o(.text.ProcessFsmTm) refers to fsm_tm.o(.rodata.str1.1) for .L.str
    fsm_tm.o(.text.ProcessFsmTm) refers to sscanf.o(.text) for sscanf
    fsm_tm.o(.text.ProcessFsmTm) refers to fsm_tm.o(.data.fsmstate) for fsmstate
    fsm_tm.o(.text.ProcessFsmTm) refers to timers.o(.text.ResetTimer) for ResetTimer
    fsm_tm.o(.text.ProcessFsmTm) refers to fsm_tm.o(.bss.ProcessFsmTm.aTrbuf) for ProcessFsmTm.aTrbuf
    fsm_tm.o(.text.ProcessFsmTm) refers to strcpy.o(.text) for strcpy
    fsm_tm.o(.text.ProcessFsmTm) refers to fsm_tm.o(.bss.ProcessFsmTm.rdsymbol) for ProcessFsmTm.rdsymbol
    fsm_tm.o(.text.ProcessFsmTm) refers to fsm_tm.o(.bss.ProcessFsmTm.wrsymbol) for ProcessFsmTm.wrsymbol
    fsm_tm.o(.text.ProcessFsmTm) refers to fsm_tm.o(.text.ProcTm) for ProcTm
    fsm_tm.o(.text.ProcessFsmTm) refers to fsm_tm.o(.bss.curraddrtm) for curraddrtm
    fsm_tm.o(.text.ProcessFsmTm) refers to sprintf.o(.text) for sprintf
    fsm_tm.o(.text.ProcessFsmTm) refers to i2cfram.o(.text.i2cFRAM_rd) for i2cFRAM_rd
    fsm_tm.o(.text.ProcessFsmTm) refers to i2cfram.o(.text.i2cFRAM_wr) for i2cFRAM_wr
    fsm_tm.o(.text.ProcessFsmTm) refers to timers.o(.text.GetTimer) for GetTimer
    fsm_tm.o(.text.ProcessFsmTm) refers to strlen.o(.text) for strlen
    fsm_tm.o(.text.ProcessFsmTm) refers to uart.o(.text.uart_transmit) for uart_transmit
    fsm_tm.o(.ARM.exidx.text.ProcessFsmTm) refers to fsm_tm.o(.text.ProcessFsmTm) for [Anonymous Symbol]
    fsm_tm.o(.text.ProcTm) refers to fsm_tm.o(.bss.ProcTm.stepcnt) for ProcTm.stepcnt
    fsm_tm.o(.text.ProcTm) refers to fsm_tm.o(.data.fsmstate) for fsmstate
    fsm_tm.o(.text.ProcTm) refers to fsm_tm.o(.bss.curraddrtm) for curraddrtm
    fsm_tm.o(.text.ProcTm) refers to fsm_tm.o(.bss.nextaddrtm) for nextaddrtm
    fsm_tm.o(.ARM.exidx.text.ProcTm) refers to fsm_tm.o(.text.ProcTm) for [Anonymous Symbol]
    i2cfram.o(.text.init_I2C_FRAM) refers to i2cfram.o(.bss.iic_st) for iic_st
    i2cfram.o(.text.init_I2C_FRAM) refers to i2cfram.o(.text.LL_AHB1_GRP1_EnableClock) for LL_AHB1_GRP1_EnableClock
    i2cfram.o(.text.init_I2C_FRAM) refers to stm32f3xx_ll_gpio.o(.text.LL_GPIO_Init) for LL_GPIO_Init
    i2cfram.o(.text.init_I2C_FRAM) refers to i2cfram.o(.text.LL_APB1_GRP1_EnableClock) for LL_APB1_GRP1_EnableClock
    i2cfram.o(.text.init_I2C_FRAM) refers to i2cfram.o(.text.LL_RCC_SetI2CClockSource) for LL_RCC_SetI2CClockSource
    i2cfram.o(.text.init_I2C_FRAM) refers to i2cfram.o(.text.__NVIC_SetPriority) for __NVIC_SetPriority
    i2cfram.o(.text.init_I2C_FRAM) refers to i2cfram.o(.text.__NVIC_EnableIRQ) for __NVIC_EnableIRQ
    i2cfram.o(.text.init_I2C_FRAM) refers to i2cfram.o(.text.LL_I2C_SetTiming) for LL_I2C_SetTiming
    i2cfram.o(.text.init_I2C_FRAM) refers to i2cfram.o(.text.LL_I2C_Enable) for LL_I2C_Enable
[...]
    SPI3_IRQHandler                          0x0800032b   Thumb Code     0  startup_stm32f303xc.o(.text)
    TAMP_STAMP_IRQHandler                    0x0800032b   Thumb Code     0  startup_stm32f303xc.o(.text)
    TIM1_BRK_TIM15_IRQHandler                0x0800032b   Thumb Code     0  startup_stm32f303xc.o(.text)
    TIM1_CC_IRQHandler                       0x0800032b   Thumb Code     0  startup_stm32f303xc.o(.text)
    TIM1_TRG_COM_TIM17_IRQHandler            0x0800032b   Thumb Code     0  startup_stm32f303xc.o(.text)
    TIM1_UP_TIM16_IRQHandler                 0x0800032b   Thumb Code     0  startup_stm32f303xc.o(.text)
    TIM2_IRQHandler                          0x0800032b   Thumb Code     0  startup_stm32f303xc.o(.text)
    TIM3_IRQHandler                          0x0800032b   Thumb Code     0  startup_stm32f303xc.o(.text)
    TIM4_IRQHandler                          0x0800032b   Thumb Code     0  startup_stm32f303xc.o(.text)
    TIM6_DAC_IRQHandler                      0x0800032b   Thumb Code     0  startup_stm32f303xc.o(.text)
    TIM7_IRQHandler                          0x0800032b   Thumb Code     0  startup_stm32f303xc.o(.text)
    TIM8_BRK_IRQHandler                      0x0800032b   Thumb Code     0  startup_stm32f303xc.o(.text)
    TIM8_CC_IRQHandler                       0x0800032b   Thumb Code     0  startup_stm32f303xc.o(.text)
    TIM8_TRG_COM_IRQHandler                  0x0800032b   Thumb Code     0  startup_stm32f303xc.o(.text)
    TIM8_UP_IRQHandler                       0x0800032b   Thumb Code     0  startup_stm32f303xc.o(.text)
    UART4_IRQHandler                         0x0800032b   Thumb Code     0  startup_stm32f303xc.o(.text)
    UART5_IRQHandler                         0x0800032b   Thumb Code     0  startup_stm32f303xc.o(.text)
    USART1_IRQHandler                        0x0800032b   Thumb Code     0  startup_stm32f303xc.o(.text)
    USART3_IRQHandler                        0x0800032b   Thumb Code     0  startup_stm32f303xc.o(.text)
    USBWakeUp_IRQHandler                     0x0800032b   Thumb Code     0  startup_stm32f303xc.o(.text)
    USBWakeUp_RMP_IRQHandler                 0x0800032b   Thumb Code     0  startup_stm32f303xc.o(.text)
    USB_HP_CAN_TX_IRQHandler                 0x0800032b   Thumb Code     0  startup_stm32f303xc.o(.text)
    USB_HP_IRQHandler                        0x0800032b   Thumb Code     0  startup_stm32f303xc.o(.text)
    USB_LP_CAN_RX0_IRQHandler                0x0800032b   Thumb Code     0  startup_stm32f303xc.o(.text)
    USB_LP_IRQHandler                        0x0800032b   Thumb Code     0  startup_stm32f303xc.o(.text)
    WWDG_IRQHandler                          0x0800032b   Thumb Code     0  startup_stm32f303xc.o(.text)
    __user_initial_stackheap                 0x0800032d   Thumb Code     0  startup_stm32f303xc.o(.text)
    printf                                   0x08000351   Thumb Code    20  printf.o(.text)
    sprintf                                  0x08000369   Thumb Code    38  sprintf.o(.text)
    sscanf                                   0x08000395   Thumb Code    52  sscanf.o(.text)
    strchr                                   0x080003d1   Thumb Code    20  strchr.o(.text)
    strcpy                                   0x080003e5   Thumb Code    72  strcpy.o(.text)
    strlen                                   0x0800042d   Thumb Code    62  strlen.o(.text)
    __aeabi_memcpy                           0x0800046b   Thumb Code     0  rt_memcpy_v6.o(.text)
    __rt_memcpy                              0x0800046b   Thumb Code   138  rt_memcpy_v6.o(.text)
    _memcpy_lastbytes                        0x080004d1   Thumb Code     0  rt_memcpy_v6.o(.text)
    strcmp                                   0x080004f9   Thumb Code   124  strcmpv7em.o(.text)
    __use_two_region_memory                  0x08000575   Thumb Code     2  heapauxi.o(.text)
    __rt_heap_escrow                         0x08000577   Thumb Code     2  heapauxi.o(.text)
    __rt_heap_expand                         0x08000579   Thumb Code     2  heapauxi.o(.text)
    _printf_pre_padding                      0x0800057b   Thumb Code    44  _printf_pad.o(.text)
    _printf_post_padding                     0x080005a7   Thumb Code    34  _printf_pad.o(.text)
    _printf_truncate_signed                  0x080005c9   Thumb Code    18  _printf_truncate.o(.text)
    _printf_truncate_unsigned                0x080005db   Thumb Code    18  _printf_truncate.o(.text)
    _printf_str                              0x080005ed   Thumb Code    82  _printf_str.o(.text)
    _printf_int_dec                          0x08000641   Thumb Code   104  _printf_dec.o(.text)
    _printf_charcount                        0x080006b9   Thumb Code    40  _printf_charcount.o(.text)
    _printf_char_common                      0x080006eb   Thumb Code    32  _printf_char_common.o(.text)
    _sputc                                   0x08000711   Thumb Code    10  _sputc.o(.text)
    _printf_char_file                        0x0800071d   Thumb Code    32  _printf_char_file.o(.text)
    _printf_wctomb                           0x08000741   Thumb Code   182  _printf_wctomb.o(.text)
    _printf_longlong_dec                     0x080007fd   Thumb Code   108  _printf_longlong_dec.o(.text)
    _printf_longlong_oct                     0x08000879   Thumb Code    68  _printf_oct_int_ll.o(.text)
    _printf_int_oct                          0x080008bd   Thumb Code    24  _printf_oct_int_ll.o(.text)
    _printf_ll_oct                           0x080008d5   Thumb Code    12  _printf_oct_int_ll.o(.text)
    _printf_longlong_hex                     0x080008e9   Thumb Code    86  _printf_hex_int_ll_ptr.o(.text)
    _printf_int_hex                          0x0800093f   Thumb Code    28  _printf_hex_int_ll_ptr.o(.text)
    _printf_ll_hex                           0x0800095b   Thumb Code    12  _printf_hex_int_ll_ptr.o(.text)
    _printf_hex_ptr                          0x08000967   Thumb Code    18  _printf_hex_int_ll_ptr.o(.text)
    __printf                                 0x0800097d   Thumb Code   388  __printf_flags_ss_wp.o(.text)
    _scanf_longlong                          0x08000b05   Thumb Code   342  _scanf_longlong.o(.text)
    _scanf_int                               0x08000c5b   Thumb Code   332  _scanf_int.o(.text)
    _scanf_string                            0x08000da7   Thumb Code   224  _scanf_str.o(.text)
    __vfscanf_char                           0x08000e95   Thumb Code    24  scanf_char.o(.text)
    _sgetc                                   0x08000eb5   Thumb Code    30  _sgetc.o(.text)
    _sbackspace                              0x08000ed3   Thumb Code    34  _sgetc.o(.text)
    _scanf_mbtowc                            0x08000ef5   Thumb Code   276  _scanf_mbtowc.o(.text)
    _scanf_wctomb                            0x08001009   Thumb Code   232  _scanf_wctomb.o(.text)
    _scanf_wstring                           0x080010f1   Thumb Code   208  _scanf_wstr.o(.text)
    __aeabi_memcpy4                          0x080011c1   Thumb Code     0  rt_memcpy_w.o(.text)
    __aeabi_memcpy8                          0x080011c1   Thumb Code     0  rt_memcpy_w.o(.text)
    __rt_memcpy_w                            0x080011c1   Thumb Code   100  rt_memcpy_w.o(.text)
    _memcpy_lastbytes_aligned                0x08001209   Thumb Code     0  rt_memcpy_w.o(.text)
    _ll_udiv10                               0x08001225   Thumb Code   138  lludiv10.o(.text)
    isspace                                  0x080012af   Thumb Code    18  isspace.o(.text)
    _printf_int_common                       0x080012c1   Thumb Code   178  _printf_intcommon.o(.text)
    _printf_fp_dec_real                      0x08001523   Thumb Code   620  _printf_fp_dec.o(.text)
    _printf_fp_hex_real                      0x08001791   Thumb Code   756  _printf_fp_hex.o(.text)
    _printf_cs_common                        0x08001a8d   Thumb Code    20  _printf_char.o(.text)
    _printf_char                             0x08001aa1   Thumb Code    16  _printf_char.o(.text)
    _printf_string                           0x08001ab1   Thumb Code     8  _printf_char.o(.text)
    _printf_lcs_common                       0x08001ab9   Thumb Code    20  _printf_wchar.o(.text)
    _printf_wchar                            0x08001acd   Thumb Code    16  _printf_wchar.o(.text)
    _printf_wstring                          0x08001add   Thumb Code     8  _printf_wchar.o(.text)
    _chval                                   0x08001ae5   Thumb Code    28  _chval.o(.text)
    __vfscanf                                0x08001b01   Thumb Code   878  _scanf.o(.text)
    _scanf_really_real                       0x080020c1   Thumb Code   684  scanf_fp.o(.text)
    _scanf_wcharmap                          0x0800236d   Thumb Code    30  _scanf_wcharmap.o(.text)
    ferror                                   0x0800238b   Thumb Code     8  ferror.o(.text)
    _initio                                  0x08002395   Thumb Code   210  initio.o(.text)
    _terminateio                             0x08002467   Thumb Code    56  initio.o(.text)
    _mbrtoc16                                0x080024cd   Thumb Code    64  _mbrtoc16.o(.text)
    _mbrtowc                                 0x080024cd   Thumb Code     0  _mbrtoc16.o(.text)
    _c16rtomb                                0x0800250d   Thumb Code    72  _c16rtomb.o(.text)
    _wcrtomb                                 0x0800250d   Thumb Code     0  _c16rtomb.o(.text)
    __user_setup_stackheap                   0x08002555   Thumb Code    74  sys_stackheap_outer.o(.text)
    __rt_ctype_table                         0x080025a1   Thumb Code    16  rt_ctype_table.o(.text)
    __rt_locale                              0x080025b1   Thumb Code     8  rt_locale_intlibspace.o(.text)
    __aeabi_errno_addr                       0x080025b9   Thumb Code     8  rt_errno_addr_intlibspace.o(.text)
    __errno$intlibspace                      0x080025b9   Thumb Code     0  rt_errno_addr_intlibspace.o(.text)
    __rt_errno_addr$intlibspace              0x080025b9   Thumb Code     0  rt_errno_addr_intlibspace.o(.text)
    free                                     0x080025c1   Thumb Code    78  h1_free.o(.text)
    __aeabi_llsl                             0x0800260f   Thumb Code     0  llshl.o(.text)
    _ll_shift_l                              0x0800260f   Thumb Code    38  llshl.o(.text)
    _printf_fp_infnan                        0x08002635   Thumb Code   112  _printf_fp_infnan.o(.text)
    _btod_etento                             0x080026b5   Thumb Code   224  bigflt0.o(.text)
    __flsbuf                                 0x08002799   Thumb Code   482  flsbuf.o(.text)
    __flsbuf_byte                            0x08002799   Thumb Code     0  flsbuf.o(.text)
    __flsbuf_wide                            0x08002799   Thumb Code     0  flsbuf.o(.text)
    setvbuf                                  0x0800297b   Thumb Code    70  setvbuf.o(.text)
    freopen                                  0x080029c1   Thumb Code   160  fopen.o(.text)
    fopen                                    0x08002a61   Thumb Code    74  fopen.o(.text)
    _fclose_internal                         0x08002ab1   Thumb Code    76  fclose.o(.text)
    fclose                                   0x08002ab1   Thumb Code     0  fclose.o(.text)
    exit                                     0x08002afd   Thumb Code    18  exit.o(.text)
    __rt_SIGRTRED                            0x08002b0f   Thumb Code    14  defsig_rtred_outer.o(.text)
    __aeabi_memclr4                          0x08002b1d   Thumb Code     0  rt_memclr_w.o(.text)
    __aeabi_memclr8                          0x08002b1d   Thumb Code     0  rt_memclr_w.o(.text)
    __rt_memclr_w                            0x08002b1d   Thumb Code     0  rt_memclr_w.o(.text)
    _memset_w                                0x08002b21   Thumb Code    74  rt_memclr_w.o(.text)
    __user_libspace                          0x08002b6d   Thumb Code     8  libspace.o(.text)
    __user_perproc_libspace                  0x08002b6d   Thumb Code     0  libspace.o(.text)
    __user_perthread_libspace                0x08002b6d   Thumb Code     0  libspace.o(.text)
    __rt_heap_descriptor                     0x08002b75   Thumb Code     8  rt_heap_descriptor_intlibspace.o(.text)
    __use_no_heap                            0x08002b7d   Thumb Code     2  hguard.o(.text)
    __heap$guard                             0x08002b7f   Thumb Code     2  hguard.o(.text)
    _terminate_user_alloc                    0x08002b81   Thumb Code     2  init_alloc.o(.text)
    _init_user_alloc                         0x08002b83   Thumb Code     2  init_alloc.o(.text)
    __Heap_Full                              0x08002b85   Thumb Code    34  init_alloc.o(.text)
    __Heap_Broken                            0x08002ba7   Thumb Code     6  init_alloc.o(.text)
    _init_alloc                              0x08002bad   Thumb Code    94  init_alloc.o(.text)
    malloc                                   0x08002c0b   Thumb Code    94  h1_alloc.o(.text)
    __read_errno                             0x08002c69   Thumb Code    10  _rserrno.o(.text)
    __set_errno                              0x08002c73   Thumb Code    12  _rserrno.o(.text)
    _scanf_really_hex_real                   0x08002c81   Thumb Code   786  scanf_hexfp.o(.text)
    _scanf_really_infnan                     0x08002fa1   Thumb Code   292  scanf_infnan.o(.text)
    _fseek                                   0x080030d5   Thumb Code   242  fseek.o(.text)
    fseek                                    0x080030d5   Thumb Code     0  fseek.o(.text)
    _seterr                                  0x080031cd   Thumb Code    20  stdio.o(.text)
    _writebuf                                0x080031e1   Thumb Code   108  stdio.o(.text)
    _fflush                                  0x0800324d   Thumb Code    70  stdio.o(.text)
    _deferredlazyseek                        0x08003293   Thumb Code    60  stdio.o(.text)
    __sig_exit                               0x080032d5   Thumb Code    10  defsig_exit.o(.text)
    __rt_SIGRTRED_inner                      0x080032e1   Thumb Code    14  defsig_rtred_inner.o(.text)
    _sys_exit                                0x08003315   Thumb Code     8  sys_exit.o(.text)
    __Heap_Initialize                        0x08003321   Thumb Code     8  h1_init.o(.text)
    _maybe_terminate_alloc                   0x08003321   Thumb Code     0  maybetermalloc1.o(.text)
    __Heap_DescSize                          0x08003329   Thumb Code     4  h1_init.o(.text)
    __Heap_ProvideMemory                     0x0800332d   Thumb Code    52  h1_extend.o(.text)
    _ftell_internal                          0x08003361   Thumb Code    66  ftell.o(.text)
    ftell                                    0x08003361   Thumb Code     0  ftell.o(.text)
    __default_signal_display                 0x080033a3   Thumb Code    50  defsig_general.o(.text)
    __rt_SIGRTMEM                            0x080033d5   Thumb Code    14  defsig_rtmem_outer.o(.text)
    _ttywrch                                 0x080033e3   Thumb Code    14  sys_wrch.o(.text)
    __I$use$semihosting                      0x080033f1   Thumb Code     0  use_no_semi.o(.text)
    __use_no_semihosting_swi                 0x080033f1   Thumb Code     2  use_no_semi.o(.text)
    __semihosting_library_function           0x080033f3   Thumb Code     0  indicate_semi.o(.text)
    __rt_SIGRTMEM_inner                      0x080033f5   Thumb Code    22  defsig_rtmem_inner.o(.text)
    DMA1_Channel7_IRQHandler                 0x08003445   Thumb Code    60  uart.o(.text.DMA1_Channel7_IRQHandler)
    GetMessage                               0x08003481   Thumb Code    78  messages.o(.text.GetMessage)
    GetTimer                                 0x080034d1   Thumb Code    26  timers.o(.text.GetTimer)
    I2C1_EV_IRQHandler                       0x080034ed   Thumb Code   348  i2cfram.o(.text.I2C1_EV_IRQHandler)
    ITM_SendChar                             0x08003649   Thumb Code    66  retarget_io.o(.text.ITM_SendChar)
    InitKpd4                                 0x0800368d   Thumb Code   126  keypad.o(.text.InitKpd4)
    InitMessages                             0x0800370d   Thumb Code    46  messages.o(.text.InitMessages)
    InitTimers                               0x0800373d   Thumb Code    46  timers.o(.text.InitTimers)
    InitUartDMA                              0x0800376d   Thumb Code   450  uart.o(.text.InitUartDMA)
    LL_GPIO_Init                             0x08003c49   Thumb Code   218  stm32f3xx_ll_gpio.o(.text.LL_GPIO_Init)
    LL_Init1msTick                           0x080041a9   Thumb Code    20  stm32f3xx_ll_utils.o(.text.LL_Init1msTick)
    LL_RCC_GetUSARTClockFreq                 0x08004245   Thumb Code   386  stm32f3xx_ll_rcc.o(.text.LL_RCC_GetUSARTClockFreq)
    LL_SetSystemCoreClock                    0x0800455d   Thumb Code    20  stm32f3xx_ll_utils.o(.text.LL_SetSystemCoreClock)
    ProcTm                                   0x08004799   Thumb Code   286  fsm_tm.o(.text.ProcTm)
    ProcessFsmMain                           0x080048b9   Thumb Code   698  fsm_main.o(.text.ProcessFsmMain)
    ProcessFsmTm                             0x08004b75   Thumb Code   678  fsm_tm.o(.text.ProcessFsmTm)
    ProcessKey                               0x08004e1d   Thumb Code   318  main.o(.text.ProcessKey)
    ProcessKeyKpd4                           0x08004f5d   Thumb Code   380  keypad.o(.text.ProcessKeyKpd4)
    ProcessMessages                          0x080050d9   Thumb Code   106  messages.o(.text.ProcessMessages)
    ProcessTimers                            0x08005145   Thumb Code    50  timers.o(.text.ProcessTimers)
    RCC_GetHCLKClockFreq                     0x08005179   Thumb Code    38  stm32f3xx_ll_rcc.o(.text.RCC_GetHCLKClockFreq)
    RCC_GetPCLK1ClockFreq                    0x080051a1   Thumb Code    36  stm32f3xx_ll_rcc.o(.text.RCC_GetPCLK1ClockFreq)
    RCC_GetPCLK2ClockFreq                    0x080051c5   Thumb Code    36  stm32f3xx_ll_rcc.o(.text.RCC_GetPCLK2ClockFreq)
    RCC_GetSystemClockFreq                   0x080051e9   Thumb Code    86  stm32f3xx_ll_rcc.o(.text.RCC_GetSystemClockFreq)
    RCC_PLL_GetFreqDomain_SYS                0x08005241   Thumb Code   132  stm32f3xx_ll_rcc.o(.text.RCC_PLL_GetFreqDomain_SYS)
    ResetTimer                               0x080052c5   Thumb Code    28  timers.o(.text.ResetTimer)
    SendMessage                              0x080052e1   Thumb Code    36  messages.o(.text.SendMessage)
    SysTick_Handler                          0x08005305   Thumb Code     8  timers.o(.text.SysTick_Handler)
    SystemClock_Config                       0x0800530d   Thumb Code   122  main.o(.text.SystemClock_Config)
    SystemCoreClockUpdate                    0x08005389   Thumb Code   272  system_stm32f3xx.o(.text.SystemCoreClockUpdate)
    SystemInit                               0x08005499   Thumb Code    18  system_stm32f3xx.o(.text.SystemInit)
    USART2_IRQHandler                        0x080054ad   Thumb Code   360  uart.o(.text.USART2_IRQHandler)
    _sys_close                               0x080056fd   Thumb Code    74  retarget_io.o(.text._sys_close)
    _sys_flen                                0x08005749   Thumb Code    72  retarget_io.o(.text._sys_flen)
    _sys_istty                               0x08005791   Thumb Code    72  retarget_io.o(.text._sys_istty)
    _sys_open                                0x080057d9   Thumb Code   132  retarget_io.o(.text._sys_open)
    _sys_seek                                0x0800585d   Thumb Code    82  retarget_io.o(.text._sys_seek)
    _sys_write                               0x080058b1   Thumb Code   118  retarget_io.o(.text._sys_write)
    i2cFRAM_rd                               0x08005929   Thumb Code   212  i2cfram.o(.text.i2cFRAM_rd)
    i2cFRAM_wr                               0x080059fd   Thumb Code   248  i2cfram.o(.text.i2cFRAM_wr)
    init_I2C_FRAM                            0x08005af5   Thumb Code   194  i2cfram.o(.text.init_I2C_FRAM)
    main                                     0x08005bb9   Thumb Code   148  main.o(.text.main)
    scankeypad                               0x08005c4d   Thumb Code   138  keypad.o(.text.scankeypad)
    uart_transmit                            0x08005ce9   Thumb Code   110  uart.o(.text.uart_transmit)
    _btod_d2e                                0x08005d57   Thumb Code    62  btod.o(CL$$btod_d2e)
    _d2e_denorm_low                          0x08005d95   Thumb Code    70  btod.o(CL$$btod_d2e_denorm_low)
    _d2e_norm_op1                            0x08005ddb   Thumb Code    96  btod.o(CL$$btod_d2e_norm_op1)
    __btod_div_common                        0x08005e3d   Thumb Code   696  btod.o(CL$$btod_div_common)
    _e2d                                     0x08006175   Thumb Code   122  btod.o(CL$$btod_e2d)
    _e2e                                     0x080061f9   Thumb Code   220  btod.o(CL$$btod_e2e)
    _btod_ediv                               0x080062d5   Thumb Code    42  btod.o(CL$$btod_ediv)
    _btod_edivd                              0x080062ff   Thumb Code    42  btod.o(CL$$btod_edivd)
    _btod_emul                               0x08006329   Thumb Code    42  btod.o(CL$$btod_emul)
    _btod_emuld                              0x08006353   Thumb Code    42  btod.o(CL$$btod_emuld)
    __btod_mult_common                       0x0800637d   Thumb Code   580  btod.o(CL$$btod_mult_common)
    __ARM_fpclassify                         0x080065c1   Thumb Code    48  fpclassify.o(i.__ARM_fpclassify)
    __hardfp___mathlib_tofloat               0x080065f1   Thumb Code   232  narrow.o(i.__hardfp___mathlib_tofloat)
    __hardfp_ldexp                           0x080066e9   Thumb Code   200  ldexp.o(i.__hardfp_ldexp)
    __mathlib_dbl_overflow                   0x080067b9   Thumb Code    24  dunder.o(i.__mathlib_dbl_overflow)
    __mathlib_dbl_underflow                  0x080067d9   Thumb Code    24  dunder.o(i.__mathlib_dbl_underflow)
    __mathlib_narrow                         0x080067f9   Thumb Code    18  narrow.o(i.__mathlib_narrow)
    __support_ldexp                          0x0800680b   Thumb Code    20  ldexp.o(i.__support_ldexp)
    _is_digit                                0x0800681f   Thumb Code    14  __printf_wp.o(i._is_digit)
    fputc                                    0x0800682d   Thumb Code    28  fputc.o(i.fputc)
    frexp                                    0x08006849   Thumb Code   118  frexp.o(i.frexp)
    _get_lc_numeric                          0x080068d5   Thumb Code    44  lc_numeric_c.o(locale$$code)
    _get_lc_ctype                            0x08006901   Thumb Code    44  lc_ctype_c.o(locale$$code)
    __aeabi_d2f                              0x0800692d   Thumb Code     0  d2f.o(x$fpl$d2f)
    _d2f                                     0x0800692d   Thumb Code    98  d2f.o(x$fpl$d2f)
    __fpl_dcheck_NaN1                        0x08006991   Thumb Code    10  dcheck1.o(x$fpl$dcheck1)
    __fpl_dcmp_Inf                           0x080069a1   Thumb Code    24  dcmpi.o(x$fpl$dcmpinf)
    __aeabi_cdcmpeq                          0x080069b9   Thumb Code     0  deqf.o(x$fpl$deqf)
    _dcmpeq                                  0x080069b9   Thumb Code   120  deqf.o(x$fpl$deqf)
    __aeabi_cdcmple                          0x08006a31   Thumb Code     0  dleqf.o(x$fpl$dleqf)
    _dcmple                                  0x08006a31   Thumb Code   120  dleqf.o(x$fpl$dleqf)
    __fpl_dcmple_InfNaN                      0x08006a93   Thumb Code     0  dleqf.o(x$fpl$dleqf)
    __aeabi_dmul                             0x08006aa9   Thumb Code     0  dmul.o(x$fpl$dmul)
    _dmul                                    0x08006aa9   Thumb Code   332  dmul.o(x$fpl$dmul)
    __fpl_dnaninf                            0x08006bfd   Thumb Code   156  dnaninf.o(x$fpl$dnaninf)
    __fpl_dretinf                            0x08006c99   Thumb Code    12  dretinf.o(x$fpl$dretinf)
    __aeabi_cdrcmple                         0x08006ca5   Thumb Code     0  drleqf.o(x$fpl$drleqf)
    _drcmple                                 0x08006ca5   Thumb Code   108  drleqf.o(x$fpl$drleqf)
    _fp_init                                 0x08006d11   Thumb Code    26  fpinit.o(x$fpl$fpinit)
    __fplib_config_fpu_vfp                   0x08006d29   Thumb Code     0  fpinit.o(x$fpl$fpinit)
    __fplib_config_pureend_doubles           0x08006d29   Thumb Code     0  fpinit.o(x$fpl$fpinit)
    __fpl_fretinf                            0x08006d2b   Thumb Code    10  fretinf.o(x$fpl$fretinf)
    __ieee_status                            0x08006d35   Thumb Code     6  istatus.o(x$fpl$ieeestatus)
    _printf_fp_dec                           0x08006d3b   Thumb Code     4  printf1.o(x$fpl$printf1)
    _printf_fp_hex                           0x08006d3f   Thumb Code     4  printf2.o(x$fpl$printf2)
    __fpl_return_NaN                         0x08006d43   Thumb Code   100  retnan.o(x$fpl$retnan)
    __ARM_scalbn                             0x08006da7   Thumb Code    92  scalbn.o(x$fpl$scalbn)
    _scanf_real                              0x08006e03   Thumb Code     4  scanf1.o(x$fpl$scanf1)
    _scanf_hex_real                          0x08006e07   Thumb Code     4  scanf2.o(x$fpl$scanf2)
    _scanf_infnan                            0x08006e0b   Thumb Code     4  scanf2.o(x$fpl$scanf2)
    __fpl_cmpreturn                          0x08006e0f   Thumb Code    48  trapv.o(x$fpl$trapveneer)
    __I$use$fp                               0x08006e3e   Number         0  usenofp.o(x$fpl$usenofp)
    AHBPrescTable                            0x08006f3c   Data          16  system_stm32f3xx.o(.rodata.AHBPrescTable)
    APBPrescTable                            0x08006f4c   Data           8  system_stm32f3xx.o(.rodata.APBPrescTable)
    __stderr_name                            0x08006f5b   Data           8  retarget_io.o(.rodata.__stderr_name)
    __stdin_name                             0x08006f63   Data           7  retarget_io.o(.rodata.__stdin_name)
    __stdout_name                            0x08006f6a   Data           8  retarget_io.o(.rodata.__stdout_name)
    Region$$Table$$Base                      0x08007050   Number         0  anon$$obj.o(Region$$Table)
    Region$$Table$$Limit                     0x08007070   Number         0  anon$$obj.o(Region$$Table)
    __aeabi_HUGE_VAL                         0x08007070   Data           0  fpconst.o(c$$dinf)
    __aeabi_HUGE_VALL                        0x08007070   Data           0  fpconst.o(c$$dinf)
    __aeabi_INFINITY                         0x08007070   Data           0  fpconst.o(c$$dinf)
    __dInf                                   0x08007070   Data           0  fpconst.o(c$$dinf)
    __huge_val                               0x08007070   Data           0  fpconst.o(c$$dinf)
    __dbl_max                                0x08007078   Data           0  fpconst.o(c$$dmax)
    __ctype                                  0x080070a9   Data           0  lc_ctype_c.o(locale$$data)
    __aeabi_stdin                            0x20000000   Data           4  stdio_streams.o(.data)
    __aeabi_stdout                           0x20000004   Data           4  stdio_streams.o(.data)
    __aeabi_stderr                           0x20000008   Data           4  stdio_streams.o(.data)
    SystemCoreClock                          0x2000000c   Data           4  system_stm32f3xx.o(.data.SystemCoreClock)
    __stdin                                  0x20000018   Data          84  stdio_streams.o(.bss)
    __stdout                                 0x2000006c   Data          84  stdio_streams.o(.bss)
    __stderr                                 0x200000c0   Data          84  stdio_streams.o(.bss)
    __libspace_start                         0x20000114   Data          96  libspace.o(.bss)
    __temporary_stack_top$libspace           0x20000174   Data           0  libspace.o(.bss)
    iic_st                                   0x200002e2   Data           1  i2cfram.o(.bss.iic_st)
    lenfsm                                   0x200002e4   Data           4  fsm_main.o(.bss.lenfsm)
    leni2c                                   0x200002e8   Data           1  i2cfram.o(.bss.leni2c)
    lenuart                                  0x200002e9   Data           1  uart.o(.bss.lenuart)



==============================================================================

Memory Map of the image

  Image Entry point : 0x08000189

  Load Region LR_IROM1 (Base: 0x08000000, Size: 0x000071c8, Max: 0x00040000, ABSOLUTE)

    Execution Region ER_IROM1 (Exec base: 0x08000000, Load base: 0x08000000, Size: 0x000071ac, Max: 0x00040000, ABSOLUTE)

    Exec Addr    Load Addr    Size         Type   Attr      Idx    E Section Name        Object

    0x08000000   0x08000000   0x00000188   Data   RO          617    RESET               startup_stm32f303xc.o
    0x08000188   0x08000188   0x00000008   Code   RO          658  * !!!main             c_w.l(__main.o)
    0x08000190   0x08000190   0x0000005c   Code   RO         1294    !!!scatter          c_w.l(__scatter.o)
    0x080001ec   0x080001ec   0x0000001a   Code   RO         1298    !!handler_copy      c_w.l(__scatter_copy.o)
    0x08000206   0x08000206   0x00000002   PAD
    0x08000208   0x08000208   0x00000002   Code   RO         1295    !!handler_null      c_w.l(__scatter.o)
    0x0800020a   0x0800020a   0x00000002   PAD
    0x0800020c   0x0800020c   0x0000001c   Code   RO         1300    !!handler_zi        c_w.l(__scatter_zi.o)
    0x08000228   0x08000228   0x00000000   Code   RO          744    .ARM.Collect$$_printf_percent$$00000000  c_w.l(_printf_percent.o)
    0x08000228   0x08000228   0x00000006   Code   RO          733    .ARM.Collect$$_printf_percent$$00000001  c_w.l(_printf_n.o)
    0x0800022e   0x0800022e   0x00000006   Code   RO          735    .ARM.Collect$$_printf_percent$$00000002  c_w.l(_printf_p.o)
    0x08000234   0x08000234   0x00000006   Code   RO          740    .ARM.Collect$$_printf_percent$$00000003  c_w.l(_printf_f.o)
    0x0800023a   0x0800023a   0x00000006   Code   RO          741    .ARM.Collect$$_printf_percent$$00000004  c_w.l(_printf_e.o)
    0x08000240   0x08000240   0x00000006   Code   RO          742    .ARM.Collect$$_printf_percent$$00000005  c_w.l(_printf_g.o)
    0x08000246   0x08000246   0x00000006   Code   RO          743    .ARM.Collect$$_printf_percent$$00000006  c_w.l(_printf_a.o)
    0x0800024c   0x0800024c   0x0000000a   Code   RO          748    .ARM.Collect$$_printf_percent$$00000007  c_w.l(_printf_ll.o)
    0x08000256   0x08000256   0x00000006   Code   RO          737    .ARM.Collect$$_printf_percent$$00000008  c_w.l(_printf_i.o)
    0x0800025c   0x0800025c   0x00000006   Code   RO          738    .ARM.Collect$$_printf_percent$$00000009  c_w.l(_printf_d.o)
    0x08000262   0x08000262   0x00000006   Code   RO          739    .ARM.Collect$$_printf_percent$$0000000A  c_w.l(_printf_u.o)
    0x08000268   0x08000268   0x00000006   Code   RO          736    .ARM.Collect$$_printf_percent$$0000000B  c_w.l(_printf_o.o)
    0x0800026e   0x0800026e   0x00000006   Code   RO          734    .ARM.Collect$$_printf_percent$$0000000C  c_w.l(_printf_x.o)
    0x08000274   0x08000274   0x00000006   Code   RO          745    .ARM.Collect$$_printf_percent$$0000000D  c_w.l(_printf_lli.o)
    0x0800027a   0x0800027a   0x00000006   Code   RO          746    .ARM.Collect$$_printf_percent$$0000000E  c_w.l(_printf_lld.o)
    0x08000280   0x08000280   0x00000006   Code   RO          747    .ARM.Collect$$_printf_percent$$0000000F  c_w.l(_printf_llu.o)
    0x08000286   0x08000286   0x00000006   Code   RO          752    .ARM.Collect$$_printf_percent$$00000010  c_w.l(_printf_llo.o)
    0x0800028c   0x0800028c   0x00000006   Code   RO          753    .ARM.Collect$$_printf_percent$$00000011  c_w.l(_printf_llx.o)
    0x08000292   0x08000292   0x0000000a   Code   RO          749    .ARM.Collect$$_printf_percent$$00000012  c_w.l(_printf_l.o)
    0x0800029c   0x0800029c   0x00000006   Code   RO          731    .ARM.Collect$$_printf_percent$$00000013  c_w.l(_printf_c.o)
    0x080002a2   0x080002a2   0x00000006   Code   RO          732    .ARM.Collect$$_printf_percent$$00000014  c_w.l(_printf_s.o)
    0x080002a8   0x080002a8   0x00000006   Code   RO          750    .ARM.Collect$$_printf_percent$$00000015  c_w.l(_printf_lc.o)
    0x080002ae   0x080002ae   0x00000006   Code   RO          751    .ARM.Collect$$_printf_percent$$00000016  c_w.l(_printf_ls.o)
    0x080002b4   0x080002b4   0x00000004   Code   RO          822    .ARM.Collect$$_printf_percent$$00000017  c_w.l(_printf_percent_end.o)
    0x080002b8   0x080002b8   0x00000002   Code   RO          986    .ARM.Collect$$libinit$$00000000  c_w.l(libinit.o)
    0x080002ba   0x080002ba   0x00000004   Code   RO          987    .ARM.Collect$$libinit$$00000001  c_w.l(libinit2.o)
    0x080002be   0x080002be   0x00000000   Code   RO          990    .ARM.Collect$$libinit$$00000004  c_w.l(libinit2.o)
    0x080002be   0x080002be   0x00000000   Code   RO          992    .ARM.Collect$$libinit$$00000006  c_w.l(libinit2.o)
    0x080002be   0x080002be   0x00000008   Code   RO          993    .ARM.Collect$$libinit$$00000007  c_w.l(libinit2.o)
    0x080002c6   0x080002c6   0x00000000   Code   RO          995    .ARM.Collect$$libinit$$0000000C  c_w.l(libinit2.o)
    0x080002c6   0x080002c6   0x00000000   Code   RO          997    .ARM.Collect$$libinit$$0000000E  c_w.l(libinit2.o)
    0x080002c6   0x080002c6   0x00000000   Code   RO          999    .ARM.Collect$$libinit$$00000010  c_w.l(libinit2.o)
    0x080002c6   0x080002c6   0x00000006   Code   RO         1000    .ARM.Collect$$libinit$$00000011  c_w.l(libinit2.o)
    0x080002cc   0x080002cc   0x00000000   Code   RO         1002    .ARM.Collect$$libinit$$00000013  c_w.l(libinit2.o)
    0x080002cc   0x080002cc   0x0000000c   Code   RO         1003    .ARM.Collect$$libinit$$00000014  c_w.l(libinit2.o)
    0x080002d8   0x080002d8   0x00000000   Code   RO         1004    .ARM.Collect$$libinit$$00000015  c_w.l(libinit2.o)
    0x080002d8   0x080002d8   0x00000000   Code   RO         1006    .ARM.Collect$$libinit$$00000017  c_w.l(libinit2.o)
    0x080002d8   0x080002d8   0x0000000a   Code   RO         1007    .ARM.Collect$$libinit$$00000018  c_w.l(libinit2.o)
    0x080002e2   0x080002e2   0x00000000   Code   RO         1008    .ARM.Collect$$libinit$$00000019  c_w.l(libinit2.o)
    0x080002e2   0x080002e2   0x00000000   Code   RO         1010    .ARM.Collect$$libinit$$0000001B  c_w.l(libinit2.o)
    0x080002e2   0x080002e2   0x00000000   Code   RO         1012    .ARM.Collect$$libinit$$0000001D  c_w.l(libinit2.o)
    0x080002e2   0x080002e2   0x00000000   Code   RO         1014    .ARM.Collect$$libinit$$0000001F  c_w.l(libinit2.o)
    0x080002e2   0x080002e2   0x00000000   Code   RO         1016    .ARM.Collect$$libinit$$00000021  c_w.l(libinit2.o)
    0x080002e2   0x080002e2   0x00000000   Code   RO         1018    .ARM.Collect$$libinit$$00000023  c_w.l(libinit2.o)
    0x080002e2   0x080002e2   0x00000000   Code   RO         1020    .ARM.Collect$$libinit$$00000025  c_w.l(libinit2.o)
    0x080002e2   0x080002e2   0x00000004   Code   RO         1021    .ARM.Collect$$libinit$$00000026  c_w.l(libinit2.o)
    0x080002e6   0x080002e6   0x00000000   Code   RO         1022    .ARM.Collect$$libinit$$00000027  c_w.l(libinit2.o)
    0x080002e6   0x080002e6   0x00000000   Code   RO         1026    .ARM.Collect$$libinit$$0000002E  c_w.l(libinit2.o)
    0x080002e6   0x080002e6   0x00000000   Code   RO         1028    .ARM.Collect$$libinit$$00000030  c_w.l(libinit2.o)
    0x080002e6   0x080002e6   0x00000000   Code   RO         1030    .ARM.Collect$$libinit$$00000032  c_w.l(libinit2.o)
    0x080002e6   0x080002e6   0x00000000   Code   RO         1032    .ARM.Collect$$libinit$$00000034  c_w.l(libinit2.o)
    0x080002e6   0x080002e6   0x00000002   Code   RO         1033    .ARM.Collect$$libinit$$00000035  c_w.l(libinit2.o)
    0x080002e8   0x080002e8   0x00000002   Code   RO         1239    .ARM.Collect$$libshutdown$$00000000  c_w.l(libshutdown.o)
    0x080002ea   0x080002ea   0x00000000   Code   RO         1035    .ARM.Collect$$libshutdown$$00000002  c_w.l(libshutdown2.o)
    0x080002ea   0x080002ea   0x00000004   Code   RO         1036    .ARM.Collect$$libshutdown$$00000003  c_w.l(libshutdown2.o)
    0x080002ee   0x080002ee   0x00000000   Code   RO         1037    .ARM.Collect$$libshutdown$$00000004  c_w.l(libshutdown2.o)
    0x080002ee   0x080002ee   0x00000000   Code   RO         1040    .ARM.Collect$$libshutdown$$00000007  c_w.l(libshutdown2.o)
    0x080002ee   0x080002ee   0x00000000   Code   RO         1043    .ARM.Collect$$libshutdown$$0000000A  c_w.l(libshutdown2.o)
    0x080002ee   0x080002ee   0x00000000   Code   RO         1045    .ARM.Collect$$libshutdown$$0000000C  c_w.l(libshutdown2.o)
    0x080002ee   0x080002ee   0x00000000   Code   RO         1048    .ARM.Collect$$libshutdown$$0000000F  c_w.l(libshutdown2.o)
    0x080002ee   0x080002ee   0x00000002   Code   RO         1049    .ARM.Collect$$libshutdown$$00000010  c_w.l(libshutdown2.o)
    0x080002f0   0x080002f0   0x00000000   Code   RO          660    .ARM.Collect$$rtentry$$00000000  c_w.l(__rtentry.o)
    0x080002f0   0x080002f0   0x00000000   Code   RO          789    .ARM.Collect$$rtentry$$00000002  c_w.l(__rtentry2.o)
    0x080002f0   0x080002f0   0x00000006   Code   RO          801    .ARM.Collect$$rtentry$$00000004  c_w.l(__rtentry4.o)
    0x080002f6   0x080002f6   0x00000000   Code   RO          791    .ARM.Collect$$rtentry$$00000009  c_w.l(__rtentry2.o)
    0x080002f6   0x080002f6   0x00000004   Code   RO          792    .ARM.Collect$$rtentry$$0000000A  c_w.l(__rtentry2.o)
    0x080002fa   0x080002fa   0x00000000   Code   RO          794    .ARM.Collect$$rtentry$$0000000C  c_w.l(__rtentry2.o)
    0x080002fa   0x080002fa   0x00000008   Code   RO          795    .ARM.Collect$$rtentry$$0000000D  c_w.l(__rtentry2.o)
    0x08000302   0x08000302   0x00000002   Code   RO         1078    .ARM.Collect$$rtexit$$00000000  c_w.l(rtexit.o)
    0x08000304   0x08000304   0x00000000   Code   RO         1155    .ARM.Collect$$rtexit$$00000002  c_w.l(rtexit2.o)
    0x08000304   0x08000304   0x00000004   Code   RO         1156    .ARM.Collect$$rtexit$$00000003  c_w.l(rtexit2.o)
    0x08000308   0x08000308   0x00000006   Code   RO         1157    .ARM.Collect$$rtexit$$00000004  c_w.l(rtexit2.o)
    0x0800030e   0x0800030e   0x00000002   PAD
    0x08000310   0x08000310   0x00000040   Code   RO          618    .text               startup_stm32f303xc.o
    0x08000350   0x08000350   0x00000018   Code   RO          640    .text               c_w.l(printf.o)
    0x08000368   0x08000368   0x0000002c   Code   RO          642    .text               c_w.l(sprintf.o)
    0x08000394   0x08000394   0x0000003c   Code   RO          644    .text               c_w.l(sscanf.o)
    0x080003d0   0x080003d0   0x00000014   Code   RO          646    .text               c_w.l(strchr.o)
    0x080003e4   0x080003e4   0x00000048   Code   RO          648    .text               c_w.l(strcpy.o)
    0x0800042c   0x0800042c   0x0000003e   Code   RO          650    .text               c_w.l(strlen.o)
    0x0800046a   0x0800046a   0x0000008a   Code   RO          652    .text               c_w.l(rt_memcpy_v6.o)
    0x080004f4   0x080004f4   0x00000004   PAD
    0x080004f8   0x080004f8   0x0000007c   Code   RO          654    .text               c_w.l(strcmpv7em.o)
    0x08000574   0x08000574   0x00000006   Code   RO          656    .text               c_w.l(heapauxi.o)
    0x0800057a   0x0800057a   0x0000004e   Code   RO          663    .text               c_w.l(_printf_pad.o)
    0x080005c8   0x080005c8   0x00000024   Code   RO          665    .text               c_w.l(_printf_truncate.o)
    0x080005ec   0x080005ec   0x00000052   Code   RO          667    .text               c_w.l(_printf_str.o)
    0x0800063e   0x0800063e   0x00000002   PAD
    0x08000640   0x08000640   0x00000078   Code   RO          669    .text               c_w.l(_printf_dec.o)
    0x080006b8   0x080006b8   0x00000028   Code   RO          671    .text               c_w.l(_printf_charcount.o)
    0x080006e0   0x080006e0   0x00000030   Code   RO          673    .text               c_w.l(_printf_char_common.o)
    0x08000710   0x08000710   0x0000000a   Code   RO          675    .text               c_w.l(_sputc.o)
    0x0800071a   0x0800071a   0x00000002   PAD
    0x0800071c   0x0800071c   0x00000024   Code   RO          677    .text               c_w.l(_printf_char_file.o)
    0x08000740   0x08000740   0x000000bc   Code   RO          679    .text               c_w.l(_printf_wctomb.o)
    0x080007fc   0x080007fc   0x0000007c   Code   RO          682    .text               c_w.l(_printf_longlong_dec.o)
    0x08000878   0x08000878   0x00000070   Code   RO          688    .text               c_w.l(_printf_oct_int_ll.o)
    0x080008e8   0x080008e8   0x00000094   Code   RO          708    .text               c_w.l(_printf_hex_int_ll_ptr.o)
    0x0800097c   0x0800097c   0x00000188   Code   RO          728    .text               c_w.l(__printf_flags_ss_wp.o)
    0x08000b04   0x08000b04   0x00000156   Code   RO          754    .text               c_w.l(_scanf_longlong.o)
    0x08000c5a   0x08000c5a   0x0000014c   Code   RO          756    .text               c_w.l(_scanf_int.o)
    0x08000da6   0x08000da6   0x000000e0   Code   RO          758    .text               c_w.l(_scanf_str.o)
    0x08000e86   0x08000e86   0x00000002   PAD
    0x08000e88   0x08000e88   0x0000002c   Code   RO          760    .text               c_w.l(scanf_char.o)
    0x08000eb4   0x08000eb4   0x00000040   Code   RO          762    .text               c_w.l(_sgetc.o)
    0x08000ef4   0x08000ef4   0x00000114   Code   RO          764    .text               c_w.l(_scanf_mbtowc.o)
    0x08001008   0x08001008   0x000000e8   Code   RO          766    .text               c_w.l(_scanf_wctomb.o)
    0x080010f0   0x080010f0   0x000000d0   Code   RO          768    .text               c_w.l(_scanf_wstr.o)
    0x080011c0   0x080011c0   0x00000064   Code   RO          776    .text               c_w.l(rt_memcpy_w.o)
    0x08001224   0x08001224   0x0000008a   Code   RO          803    .text               c_w.l(lludiv10.o)
    0x080012ae   0x080012ae   0x00000012   Code   RO          805    .text               c_w.l(isspace.o)
    0x080012c0   0x080012c0   0x000000b2   Code   RO          807    .text               c_w.l(_printf_intcommon.o)
    0x08001372   0x08001372   0x0000041c   Code   RO          809    .text               c_w.l(_printf_fp_dec.o)
    0x0800178e   0x0800178e   0x00000002   PAD
    0x08001790   0x08001790   0x000002fc   Code   RO          813    .text               c_w.l(_printf_fp_hex.o)
    0x08001a8c   0x08001a8c   0x0000002c   Code   RO          818    .text               c_w.l(_printf_char.o)
    0x08001ab8   0x08001ab8   0x0000002c   Code   RO          820    .text               c_w.l(_printf_wchar.o)
    0x08001ae4   0x08001ae4   0x0000001c   Code   RO          823    .text               c_w.l(_chval.o)
    0x08001b00   0x08001b00   0x00000374   Code   RO          825    .text               c_w.l(_scanf.o)
    0x08001e74   0x08001e74   0x000004f8   Code   RO          827    .text               c_w.l(scanf_fp.o)
    0x0800236c   0x0800236c   0x0000001e   Code   RO          831    .text               c_w.l(_scanf_wcharmap.o)
    0x0800238a   0x0800238a   0x00000008   Code   RO          833    .text               c_w.l(ferror.o)
    0x08002392   0x08002392   0x00000002   PAD
    0x08002394   0x08002394   0x00000138   Code   RO          839    .text               c_w.l(initio.o)
    0x080024cc   0x080024cc   0x00000040   Code   RO          847    .text               c_w.l(_mbrtoc16.o)
    0x0800250c   0x0800250c   0x00000048   Code   RO          849    .text               c_w.l(_c16rtomb.o)
    0x08002554   0x08002554   0x0000004a   Code   RO          853    .text               c_w.l(sys_stackheap_outer.o)
    0x0800259e   0x0800259e   0x00000002   PAD
    0x080025a0   0x080025a0   0x00000010   Code   RO          855    .text               c_w.l(rt_ctype_table.o)
    0x080025b0   0x080025b0   0x00000008   Code   RO          860    .text               c_w.l(rt_locale_intlibspace.o)
    0x080025b8   0x080025b8   0x00000008   Code   RO          865    .text               c_w.l(rt_errno_addr_intlibspace.o)
    0x080025c0   0x080025c0   0x0000004e   Code   RO          869    .text               c_w.l(h1_free.o)
    0x0800260e   0x0800260e   0x00000026   Code   RO          923    .text               c_w.l(llshl.o)
    0x08002634   0x08002634   0x00000080   Code   RO          925    .text               c_w.l(_printf_fp_infnan.o)
    0x080026b4   0x080026b4   0x000000e4   Code   RO          927    .text               c_w.l(bigflt0.o)
    0x08002798   0x08002798   0x000001e2   Code   RO          957    .text               c_w.l(flsbuf.o)
    0x0800297a   0x0800297a   0x00000046   Code   RO          959    .text               c_w.l(setvbuf.o)
    0x080029c0   0x080029c0   0x000000f0   Code   RO          962    .text               c_w.l(fopen.o)
    0x08002ab0   0x08002ab0   0x0000004c   Code   RO          964    .text               c_w.l(fclose.o)
    0x08002afc   0x08002afc   0x00000012   Code   RO          973    .text               c_w.l(exit.o)
    0x08002b0e   0x08002b0e   0x0000000e   Code   RO          975    .text               c_w.l(defsig_rtred_outer.o)
    0x08002b1c   0x08002b1c   0x0000004e   Code   RO          979    .text               c_w.l(rt_memclr_w.o)
    0x08002b6a   0x08002b6a   0x00000002   PAD
    0x08002b6c   0x08002b6c   0x00000008   Code   RO         1075    .text               c_w.l(libspace.o)
    0x08002b74   0x08002b74   0x00000008   Code   RO         1085    .text               c_w.l(rt_heap_descriptor_intlibspace.o)
    0x08002b7c   0x08002b7c   0x00000004   Code   RO         1087    .text               c_w.l(hguard.o)
    0x08002b80   0x08002b80   0x0000008a   Code   RO         1089    .text               c_w.l(init_alloc.o)
    0x08002c0a   0x08002c0a   0x0000005e   Code   RO         1095    .text               c_w.l(h1_alloc.o)
    0x08002c68   0x08002c68   0x00000016   Code   RO         1107    .text               c_w.l(_rserrno.o)
    0x08002c7e   0x08002c7e   0x00000002   PAD
    0x08002c80   0x08002c80   0x00000320   Code   RO         1111    .text               c_w.l(scanf_hexfp.o)
    0x08002fa0   0x08002fa0   0x00000134   Code   RO         1113    .text               c_w.l(scanf_infnan.o)
    0x080030d4   0x080030d4   0x000000f8   Code   RO         1117    .text               c_w.l(fseek.o)
    0x080031cc   0x080031cc   0x00000108   Code   RO         1119    .text               c_w.l(stdio.o)
    0x080032d4   0x080032d4   0x0000000a   Code   RO         1128    .text               c_w.l(defsig_exit.o)
    0x080032de   0x080032de   0x00000002   PAD
    0x080032e0   0x080032e0   0x00000034   Code   RO         1130    .text               c_w.l(defsig_rtred_inner.o)
    0x08003314   0x08003314   0x0000000c   Code   RO         1150    .text               c_w.l(sys_exit.o)
    0x08003320   0x08003320   0x00000000   Code   RO         1161    .text               c_w.l(maybetermalloc1.o)
    0x08003320   0x08003320   0x0000000c   Code   RO         1163    .text               c_w.l(h1_init.o)
    0x0800332c   0x0800332c   0x00000034   Code   RO         1165    .text               c_w.l(h1_extend.o)
    0x08003360   0x08003360   0x00000042   Code   RO         1177    .text               c_w.l(ftell.o)
    0x080033a2   0x080033a2   0x00000032   Code   RO         1185    .text               c_w.l(defsig_general.o)
    0x080033d4   0x080033d4   0x0000000e   Code   RO         1187    .text               c_w.l(defsig_rtmem_outer.o)
    0x080033e2   0x080033e2   0x0000000e   Code   RO         1218    .text               c_w.l(sys_wrch.o)
    0x080033f0   0x080033f0   0x00000002   Code   RO         1226    .text               c_w.l(use_no_semi.o)
    0x080033f2   0x080033f2   0x00000000   Code   RO         1228    .text               c_w.l(indicate_semi.o)
    0x080033f2   0x080033f2   0x00000002   PAD
    0x080033f4   0x080033f4   0x00000050   Code   RO         1233    .text               c_w.l(defsig_rtmem_inner.o)
    0x08003444   0x08003444   0x0000003c   Code   RO          274    .text.DMA1_Channel7_IRQHandler  uart.o
    0x08003480   0x08003480   0x0000004e   Code   RO          174    .text.GetMessage    messages.o
    0x080034ce   0x080034ce   0x00000002   PAD
    0x080034d0   0x080034d0   0x0000001a   Code   RO          188    .text.GetTimer      timers.o
    0x080034ea   0x080034ea   0x00000002   PAD
    0x080034ec   0x080034ec   0x0000015c   Code   RO           68    .text.I2C1_EV_IRQHandler  i2cfram.o
    0x08003648   0x08003648   0x00000042   Code   RO          296    .text.ITM_SendChar  retarget_io.o
    0x0800368a   0x0800368a   0x00000002   PAD
    0x0800368c   0x0800368c   0x0000007e   Code   RO          106    .text.InitKpd4      keypad.o
    0x0800370a   0x0800370a   0x00000002   PAD
    0x0800370c   0x0800370c   0x0000002e   Code   RO          168    .text.InitMessages  messages.o
    0x0800373a   0x0800373a   0x00000002   PAD
    0x0800373c   0x0800373c   0x0000002e   Code   RO          186    .text.InitTimers    timers.o
    0x0800376a   0x0800376a   0x00000002   PAD
    0x0800376c   0x0800376c   0x000001c2   Code   RO          210    .text.InitUartDMA   uart.o
    0x0800392e   0x0800392e   0x00000002   PAD
    0x08003930   0x08003930   0x00000022   Code   RO           38    .text.LL_AHB1_GRP1_EnableClock  i2cfram.o
    0x08003952   0x08003952   0x00000002   PAD
    0x08003954   0x08003954   0x00000022   Code   RO          108    .text.LL_AHB1_GRP1_EnableClock  keypad.o
    0x08003976   0x08003976   0x00000002   PAD
    0x08003978   0x08003978   0x00000022   Code   RO          124    .text.LL_AHB1_GRP1_EnableClock  main.o
    0x0800399a   0x0800399a   0x00000002   PAD
    0x0800399c   0x0800399c   0x00000022   Code   RO          212    .text.LL_AHB1_GRP1_EnableClock  uart.o
    0x080039be   0x080039be   0x00000002   PAD
    0x080039c0   0x080039c0   0x00000022   Code   RO           40    .text.LL_APB1_GRP1_EnableClock  i2cfram.o
    0x080039e2   0x080039e2   0x00000002   PAD
    0x080039e4   0x080039e4   0x00000022   Code   RO          214    .text.LL_APB1_GRP1_EnableClock  uart.o
    0x08003a06   0x08003a06   0x00000002   PAD
    0x08003a08   0x08003a08   0x00000010   Code   RO          280    .text.LL_DMA_ClearFlag_GI7  uart.o
    0x08003a18   0x08003a18   0x0000006e   Code   RO          226    .text.LL_DMA_ConfigAddresses  uart.o
    0x08003a86   0x08003a86   0x00000002   PAD
    0x08003a88   0x08003a88   0x00000036   Code   RO          224    .text.LL_DMA_ConfigTransfer  uart.o
    0x08003abe   0x08003abe   0x00000002   PAD
    0x08003ac0   0x08003ac0   0x00000024   Code   RO          282    .text.LL_DMA_DisableChannel  uart.o
    0x08003ae4   0x08003ae4   0x00000024   Code   RO          208    .text.LL_DMA_EnableChannel  uart.o
    0x08003b08   0x08003b08   0x00000024   Code   RO          232    .text.LL_DMA_EnableIT_TC  uart.o
    0x08003b2c   0x08003b2c   0x00000024   Code   RO          234    .text.LL_DMA_EnableIT_TE  uart.o
    0x08003b50   0x08003b50   0x00000022   Code   RO          266    .text.LL_DMA_GetDataLength  uart.o
    0x08003b72   0x08003b72   0x00000002   PAD
    0x08003b74   0x08003b74   0x00000024   Code   RO          230    .text.LL_DMA_GetDataTransferDirection  uart.o
    0x08003b98   0x08003b98   0x00000010   Code   RO          278    .text.LL_DMA_IsActiveFlag_TC7  uart.o
    0x08003ba8   0x08003ba8   0x00000022   Code   RO          204    .text.LL_DMA_IsEnabledChannel  uart.o
    0x08003bca   0x08003bca   0x00000002   PAD
    0x08003bcc   0x08003bcc   0x00000022   Code   RO          276    .text.LL_DMA_IsEnabledIT_TC  uart.o
    0x08003bee   0x08003bee   0x00000002   PAD
    0x08003bf0   0x08003bf0   0x0000003a   Code   RO          206    .text.LL_DMA_SetDataLength  uart.o
    0x08003c2a   0x08003c2a   0x00000002   PAD
    0x08003c2c   0x08003c2c   0x0000001c   Code   RO          134    .text.LL_FLASH_SetLatency  main.o
    0x08003c48   0x08003c48   0x000000da   Code   RO          370    .text.LL_GPIO_Init  stm32f3xx_ll_gpio.o
    0x08003d22   0x08003d22   0x00000002   PAD
    0x08003d24   0x08003d24   0x0000000c   Code   RO          102    .text.LL_GPIO_ReadInputPort  keypad.o
    0x08003d30   0x08003d30   0x00000010   Code   RO          100    .text.LL_GPIO_ResetOutputPin  keypad.o
    0x08003d40   0x08003d40   0x00000048   Code   RO          218    .text.LL_GPIO_SetAFPin_0_7  uart.o
    0x08003d88   0x08003d88   0x00000048   Code   RO          378    .text.LL_GPIO_SetAFPin_0_7  stm32f3xx_ll_gpio.o
    0x08003dd0   0x08003dd0   0x0000004c   Code   RO          380    .text.LL_GPIO_SetAFPin_8_15  stm32f3xx_ll_gpio.o
    0x08003e1c   0x08003e1c   0x00000010   Code   RO          104    .text.LL_GPIO_SetOutputPin  keypad.o
    0x08003e2c   0x08003e2c   0x00000048   Code   RO          126    .text.LL_GPIO_SetPinMode  main.o
    0x08003e74   0x08003e74   0x00000048   Code   RO          216    .text.LL_GPIO_SetPinMode  uart.o
    0x08003ebc   0x08003ebc   0x00000048   Code   RO          382    .text.LL_GPIO_SetPinMode  stm32f3xx_ll_gpio.o
    0x08003f04   0x08003f04   0x0000001e   Code   RO          374    .text.LL_GPIO_SetPinOutputType  stm32f3xx_ll_gpio.o
    0x08003f22   0x08003f22   0x00000002   PAD
    0x08003f24   0x08003f24   0x00000048   Code   RO          222    .text.LL_GPIO_SetPinPull  uart.o
    0x08003f6c   0x08003f6c   0x00000048   Code   RO          376    .text.LL_GPIO_SetPinPull  stm32f3xx_ll_gpio.o
    0x08003fb4   0x08003fb4   0x00000048   Code   RO          220    .text.LL_GPIO_SetPinSpeed  uart.o
    0x08003ffc   0x08003ffc   0x00000048   Code   RO          372    .text.LL_GPIO_SetPinSpeed  stm32f3xx_ll_gpio.o
    0x08004044   0x08004044   0x00000022   Code   RO          130    .text.LL_GPIO_TogglePin  main.o
    0x08004066   0x08004066   0x00000002   PAD
    0x08004068   0x08004068   0x00000012   Code   RO           82    .text.LL_I2C_ClearFlag_STOP  i2cfram.o
    0x0800407a   0x0800407a   0x00000002   PAD
    0x0800407c   0x0800407c   0x00000012   Code   RO           50    .text.LL_I2C_Enable  i2cfram.o
    0x0800408e   0x0800408e   0x00000002   PAD
    0x08004090   0x08004090   0x00000012   Code   RO           52    .text.LL_I2C_EnableIT_RX  i2cfram.o
    0x080040a2   0x080040a2   0x00000002   PAD
    0x080040a4   0x080040a4   0x00000012   Code   RO           58    .text.LL_I2C_EnableIT_STOP  i2cfram.o
    0x080040b6   0x080040b6   0x00000002   PAD
    0x080040b8   0x080040b8   0x00000012   Code   RO           56    .text.LL_I2C_EnableIT_TC  i2cfram.o
    0x080040ca   0x080040ca   0x00000002   PAD
    0x080040cc   0x080040cc   0x00000012   Code   RO           54    .text.LL_I2C_EnableIT_TX  i2cfram.o
    0x080040de   0x080040de   0x00000002   PAD
    0x080040e0   0x080040e0   0x00000042   Code   RO           64    .text.LL_I2C_HandleTransfer  i2cfram.o
    0x08004122   0x08004122   0x00000002   PAD
    0x08004124   0x08004124   0x00000010   Code   RO           62    .text.LL_I2C_IsActiveFlag_BUSY  i2cfram.o
    0x08004134   0x08004134   0x00000010   Code   RO           74    .text.LL_I2C_IsActiveFlag_RXNE  i2cfram.o
    0x08004144   0x08004144   0x00000010   Code   RO           80    .text.LL_I2C_IsActiveFlag_STOP  i2cfram.o
    0x08004154   0x08004154   0x00000010   Code   RO           78    .text.LL_I2C_IsActiveFlag_TC  i2cfram.o
    0x08004164   0x08004164   0x00000010   Code   RO           70    .text.LL_I2C_IsActiveFlag_TXIS  i2cfram.o
    0x08004174   0x08004174   0x0000000e   Code   RO           76    .text.LL_I2C_ReceiveData8  i2cfram.o
    0x08004182   0x08004182   0x00000002   PAD
    0x08004184   0x08004184   0x00000010   Code   RO           48    .text.LL_I2C_SetTiming  i2cfram.o
    0x08004194   0x08004194   0x00000014   Code   RO           72    .text.LL_I2C_TransmitData8  i2cfram.o
    0x080041a8   0x080041a8   0x00000014   Code   RO          554    .text.LL_Init1msTick  stm32f3xx_ll_utils.o
    0x080041bc   0x080041bc   0x00000036   Code   RO          556    .text.LL_InitTick   stm32f3xx_ll_utils.o
    0x080041f2   0x080041f2   0x00000002   PAD
    0x080041f4   0x080041f4   0x00000010   Code   RO          499    .text.LL_RCC_GetAHBPrescaler  stm32f3xx_ll_rcc.o
    0x08004204   0x08004204   0x00000010   Code   RO          501    .text.LL_RCC_GetAPB1Prescaler  stm32f3xx_ll_rcc.o
    0x08004214   0x08004214   0x00000010   Code   RO          503    .text.LL_RCC_GetAPB2Prescaler  stm32f3xx_ll_rcc.o
    0x08004224   0x08004224   0x00000010   Code   RO          150    .text.LL_RCC_GetSysClkSource  main.o
    0x08004234   0x08004234   0x00000010   Code   RO          449    .text.LL_RCC_GetSysClkSource  stm32f3xx_ll_rcc.o
    0x08004244   0x08004244   0x00000182   Code   RO          467    .text.LL_RCC_GetUSARTClockFreq  stm32f3xx_ll_rcc.o
    0x080043c6   0x080043c6   0x00000002   PAD
    0x080043c8   0x080043c8   0x0000001e   Code   RO          469    .text.LL_RCC_GetUSARTClockSource  stm32f3xx_ll_rcc.o
    0x080043e6   0x080043e6   0x00000002   PAD
    0x080043e8   0x080043e8   0x00000012   Code   RO          136    .text.LL_RCC_HSE_Enable  main.o
    0x080043fa   0x080043fa   0x00000002   PAD
    0x080043fc   0x080043fc   0x00000010   Code   RO          138    .text.LL_RCC_HSE_IsReady  main.o
    0x0800440c   0x0800440c   0x00000010   Code   RO          445    .text.LL_RCC_HSI_IsReady  stm32f3xx_ll_rcc.o
    0x0800441c   0x0800441c   0x00000010   Code   RO          471    .text.LL_RCC_LSE_IsReady  stm32f3xx_ll_rcc.o
    0x0800442c   0x0800442c   0x00000038   Code   RO          140    .text.LL_RCC_PLL_ConfigDomain_SYS  main.o
    0x08004464   0x08004464   0x00000012   Code   RO          142    .text.LL_RCC_PLL_Enable  main.o
    0x08004476   0x08004476   0x00000002   PAD
    0x08004478   0x08004478   0x00000010   Code   RO          505    .text.LL_RCC_PLL_GetMainSource  stm32f3xx_ll_rcc.o
    0x08004488   0x08004488   0x00000010   Code   RO          509    .text.LL_RCC_PLL_GetMultiplicator  stm32f3xx_ll_rcc.o
    0x08004498   0x08004498   0x00000010   Code   RO          507    .text.LL_RCC_PLL_GetPrediv  stm32f3xx_ll_rcc.o
    0x080044a8   0x080044a8   0x00000010   Code   RO          144    .text.LL_RCC_PLL_IsReady  main.o
    0x080044b8   0x080044b8   0x0000001c   Code   RO          146    .text.LL_RCC_SetAHBPrescaler  main.o
    0x080044d4   0x080044d4   0x0000001c   Code   RO          152    .text.LL_RCC_SetAPB1Prescaler  main.o
    0x080044f0   0x080044f0   0x0000001c   Code   RO          154    .text.LL_RCC_SetAPB2Prescaler  main.o
    0x0800450c   0x0800450c   0x00000020   Code   RO           42    .text.LL_RCC_SetI2CClockSource  i2cfram.o
    0x0800452c   0x0800452c   0x0000001c   Code   RO          148    .text.LL_RCC_SetSysClkSource  main.o
    0x08004548   0x08004548   0x00000012   Code   RO          128    .text.LL_SYSTICK_EnableIT  main.o
    0x0800455a   0x0800455a   0x00000002   PAD
    0x0800455c   0x0800455c   0x00000014   Code   RO          560    .text.LL_SetSystemCoreClock  stm32f3xx_ll_utils.o
    0x08004570   0x08004570   0x0000000e   Code   RO          268    .text.LL_USART_ClearFlag_FE  uart.o
    0x0800457e   0x0800457e   0x00000002   PAD
    0x08004580   0x08004580   0x0000000e   Code   RO          264    .text.LL_USART_ClearFlag_IDLE  uart.o
    0x0800458e   0x0800458e   0x00000002   PAD
    0x08004590   0x08004590   0x0000000e   Code   RO          272    .text.LL_USART_ClearFlag_ORE  uart.o
    0x0800459e   0x0800459e   0x00000002   PAD
    0x080045a0   0x080045a0   0x0000000e   Code   RO          270    .text.LL_USART_ClearFlag_PE  uart.o
    0x080045ae   0x080045ae   0x00000002   PAD
    0x080045b0   0x080045b0   0x00000032   Code   RO          238    .text.LL_USART_ConfigCharacter  uart.o
    0x080045e2   0x080045e2   0x00000002   PAD
    0x080045e4   0x080045e4   0x00000022   Code   RO          228    .text.LL_USART_DMA_GetRegAddr  uart.o
    0x08004606   0x08004606   0x00000002   PAD
    0x08004608   0x08004608   0x00000012   Code   RO          256    .text.LL_USART_Enable  uart.o
    0x0800461a   0x0800461a   0x00000002   PAD
    0x0800461c   0x0800461c   0x0000002a   Code   RO          252    .text.LL_USART_EnableDMAReq_RX  uart.o
    0x08004646   0x08004646   0x00000002   PAD
    0x08004648   0x08004648   0x0000002a   Code   RO          254    .text.LL_USART_EnableDMAReq_TX  uart.o
    0x08004672   0x08004672   0x00000002   PAD
    0x08004674   0x08004674   0x0000002a   Code   RO          246    .text.LL_USART_EnableIT_ERROR  uart.o
    0x0800469e   0x0800469e   0x00000002   PAD
    0x080046a0   0x080046a0   0x0000002a   Code   RO          244    .text.LL_USART_EnableIT_IDLE  uart.o
    0x080046ca   0x080046ca   0x00000002   PAD
    0x080046cc   0x080046cc   0x00000010   Code   RO          262    .text.LL_USART_IsActiveFlag_IDLE  uart.o
    0x080046dc   0x080046dc   0x00000010   Code   RO          260    .text.LL_USART_IsEnabledIT_IDLE  uart.o
    0x080046ec   0x080046ec   0x0000005e   Code   RO          242    .text.LL_USART_SetBaudRate  uart.o
    0x0800474a   0x0800474a   0x00000002   PAD
    0x0800474c   0x0800474c   0x0000001a   Code   RO          240    .text.LL_USART_SetTransferBitOrder  uart.o
    0x08004766   0x08004766   0x00000002   PAD
    0x08004768   0x08004768   0x00000030   Code   RO          236    .text.LL_USART_SetTransferDirection  uart.o
    0x08004798   0x08004798   0x0000011e   Code   RO           17    .text.ProcTm        fsm_tm.o
    0x080048b6   0x080048b6   0x00000002   PAD
    0x080048b8   0x080048b8   0x000002ba   Code   RO            2    .text.ProcessFsmMain  fsm_main.o
    0x08004b72   0x08004b72   0x00000002   PAD
    0x08004b74   0x08004b74   0x000002a6   Code   RO           15    .text.ProcessFsmTm  fsm_tm.o
    0x08004e1a   0x08004e1a   0x00000002   PAD
    0x08004e1c   0x08004e1c   0x0000013e   Code   RO          132    .text.ProcessKey    main.o
    0x08004f5a   0x08004f5a   0x00000002   PAD
    0x08004f5c   0x08004f5c   0x0000017c   Code   RO           96    .text.ProcessKeyKpd4  keypad.o
    0x080050d8   0x080050d8   0x0000006a   Code   RO          172    .text.ProcessMessages  messages.o
    0x08005142   0x08005142   0x00000002   PAD
    0x08005144   0x08005144   0x00000032   Code   RO          184    .text.ProcessTimers  timers.o
    0x08005176   0x08005176   0x00000002   PAD
    0x08005178   0x08005178   0x00000026   Code   RO          461    .text.RCC_GetHCLKClockFreq  stm32f3xx_ll_rcc.o
    0x0800519e   0x0800519e   0x00000002   PAD
    0x080051a0   0x080051a0   0x00000024   Code   RO          463    .text.RCC_GetPCLK1ClockFreq  stm32f3xx_ll_rcc.o
    0x080051c4   0x080051c4   0x00000024   Code   RO          465    .text.RCC_GetPCLK2ClockFreq  stm32f3xx_ll_rcc.o
    0x080051e8   0x080051e8   0x00000056   Code   RO          459    .text.RCC_GetSystemClockFreq  stm32f3xx_ll_rcc.o
    0x0800523e   0x0800523e   0x00000002   PAD
    0x08005240   0x08005240   0x00000084   Code   RO          489    .text.RCC_PLL_GetFreqDomain_SYS  stm32f3xx_ll_rcc.o
    0x080052c4   0x080052c4   0x0000001c   Code   RO          190    .text.ResetTimer    timers.o
    0x080052e0   0x080052e0   0x00000024   Code   RO          170    .text.SendMessage   messages.o
    0x08005304   0x08005304   0x00000008   Code   RO          192    .text.SysTick_Handler  timers.o
    0x0800530c   0x0800530c   0x0000007a   Code   RO          122    .text.SystemClock_Config  main.o
    0x08005386   0x08005386   0x00000002   PAD
    0x08005388   0x08005388   0x00000110   Code   RO          627    .text.SystemCoreClockUpdate  system_stm32f3xx.o
    0x08005498   0x08005498   0x00000012   Code   RO          625    .text.SystemInit    system_stm32f3xx.o
    0x080054aa   0x080054aa   0x00000002   PAD
    0x080054ac   0x080054ac   0x00000168   Code   RO          258    .text.USART2_IRQHandler  uart.o
    0x08005614   0x08005614   0x00000030   Code   RO           46    .text.__NVIC_EnableIRQ  i2cfram.o
    0x08005644   0x08005644   0x00000030   Code   RO          250    .text.__NVIC_EnableIRQ  uart.o
    0x08005674   0x08005674   0x00000042   Code   RO           44    .text.__NVIC_SetPriority  i2cfram.o
    0x080056b6   0x080056b6   0x00000002   PAD
    0x080056b8   0x080056b8   0x00000042   Code   RO          248    .text.__NVIC_SetPriority  uart.o
    0x080056fa   0x080056fa   0x00000002   PAD
    0x080056fc   0x080056fc   0x0000004a   Code   RO          302    .text._sys_close    retarget_io.o
    0x08005746   0x08005746   0x00000002   PAD
    0x08005748   0x08005748   0x00000048   Code   RO          314    .text._sys_flen     retarget_io.o
    0x08005790   0x08005790   0x00000048   Code   RO          310    .text._sys_istty    retarget_io.o
    0x080057d8   0x080057d8   0x00000084   Code   RO          300    .text._sys_open     retarget_io.o
    0x0800585c   0x0800585c   0x00000052   Code   RO          312    .text._sys_seek     retarget_io.o
    0x080058ae   0x080058ae   0x00000002   PAD
    0x080058b0   0x080058b0   0x00000076   Code   RO          304    .text._sys_write    retarget_io.o
    0x08005926   0x08005926   0x00000002   PAD
    0x08005928   0x08005928   0x000000d4   Code   RO           66    .text.i2cFRAM_rd    i2cfram.o
    0x080059fc   0x080059fc   0x000000f8   Code   RO           60    .text.i2cFRAM_wr    i2cfram.o
    0x08005af4   0x08005af4   0x000000c2   Code   RO           36    .text.init_I2C_FRAM  i2cfram.o
    0x08005bb6   0x08005bb6   0x00000002   PAD
    0x08005bb8   0x08005bb8   0x00000094   Code   RO          120    .text.main          main.o
    0x08005c4c   0x08005c4c   0x0000008a   Code   RO           98    .text.scankeypad    keypad.o
    0x08005cd6   0x08005cd6   0x00000002   PAD
    0x08005cd8   0x08005cd8   0x00000010   Code   RO          306    .text.stdout_putchar  retarget_io.o
    0x08005ce8   0x08005ce8   0x0000006e   Code   RO          202    .text.uart_transmit  uart.o
    0x08005d56   0x08005d56   0x0000003e   Code   RO          930    CL$$btod_d2e        c_w.l(btod.o)
    0x08005d94   0x08005d94   0x00000046   Code   RO          932    CL$$btod_d2e_denorm_low  c_w.l(btod.o)
    0x08005dda   0x08005dda   0x00000060   Code   RO          931    CL$$btod_d2e_norm_op1  c_w.l(btod.o)
    0x08005e3a   0x08005e3a   0x00000002   PAD
    0x08005e3c   0x08005e3c   0x00000338   Code   RO          940    CL$$btod_div_common  c_w.l(btod.o)
    0x08006174   0x08006174   0x00000084   Code   RO          938    CL$$btod_e2d        c_w.l(btod.o)
    0x080061f8   0x080061f8   0x000000dc   Code   RO          937    CL$$btod_e2e        c_w.l(btod.o)
    0x080062d4   0x080062d4   0x0000002a   Code   RO          934    CL$$btod_ediv       c_w.l(btod.o)
    0x080062fe   0x080062fe   0x0000002a   Code   RO          936    CL$$btod_edivd      c_w.l(btod.o)
    0x08006328   0x08006328   0x0000002a   Code   RO          933    CL$$btod_emul       c_w.l(btod.o)
    0x08006352   0x08006352   0x0000002a   Code   RO          935    CL$$btod_emuld      c_w.l(btod.o)
    0x0800637c   0x0800637c   0x00000244   Code   RO          939    CL$$btod_mult_common  c_w.l(btod.o)
    0x080065c0   0x080065c0   0x00000030   Code   RO         1065    i.__ARM_fpclassify  m_wm.l(fpclassify.o)
    0x080065f0   0x080065f0   0x000000f8   Code   RO         1067    i.__hardfp___mathlib_tofloat  m_wm.l(narrow.o)
    0x080066e8   0x080066e8   0x000000d0   Code   RO         1210    i.__hardfp_ldexp    m_wm.l(ldexp.o)
    0x080067b8   0x080067b8   0x00000020   Code   RO         1248    i.__mathlib_dbl_overflow  m_wm.l(dunder.o)
    0x080067d8   0x080067d8   0x00000020   Code   RO         1250    i.__mathlib_dbl_underflow  m_wm.l(dunder.o)
    0x080067f8   0x080067f8   0x00000012   Code   RO         1068    i.__mathlib_narrow  m_wm.l(narrow.o)
    0x0800680a   0x0800680a   0x00000014   Code   RO         1212    i.__support_ldexp   m_wm.l(ldexp.o)
    0x0800681e   0x0800681e   0x0000000e   Code   RO          721    i._is_digit         c_w.l(__printf_wp.o)
    0x0800682c   0x0800682c   0x0000001c   Code   RO          836    i.fputc             c_w.l(fputc.o)
    0x08006848   0x08006848   0x0000008c   Code   RO         1146    i.frexp             m_wm.l(frexp.o)
    0x080068d4   0x080068d4   0x0000002c   Code   RO          971    locale$$code        c_w.l(lc_numeric_c.o)
    0x08006900   0x08006900   0x0000002c   Code   RO         1126    locale$$code        c_w.l(lc_ctype_c.o)
    0x0800692c   0x0800692c   0x00000062   Code   RO         1136    x$fpl$d2f           fz_wm.l(d2f.o)
    0x0800698e   0x0800698e   0x00000002   PAD
    0x08006990   0x08006990   0x00000010   Code   RO         1282    x$fpl$dcheck1       fz_wm.l(dcheck1.o)
    0x080069a0   0x080069a0   0x00000018   Code   RO         1200    x$fpl$dcmpinf       fz_wm.l(dcmpi.o)
    0x080069b8   0x080069b8   0x00000078   Code   RO         1138    x$fpl$deqf          fz_wm.l(deqf.o)
    0x08006a30   0x08006a30   0x00000078   Code   RO         1202    x$fpl$dleqf         fz_wm.l(dleqf.o)
    0x08006aa8   0x08006aa8   0x00000154   Code   RO         1204    x$fpl$dmul          fz_wm.l(dmul.o)
    0x08006bfc   0x08006bfc   0x0000009c   Code   RO         1206    x$fpl$dnaninf       fz_wm.l(dnaninf.o)
    0x08006c98   0x08006c98   0x0000000c   Code   RO         1240    x$fpl$dretinf       fz_wm.l(dretinf.o)
    0x08006ca4   0x08006ca4   0x0000006c   Code   RO         1140    x$fpl$drleqf        fz_wm.l(drleqf.o)
    0x08006d10   0x08006d10   0x0000001a   Code   RO         1142    x$fpl$fpinit        fz_wm.l(fpinit.o)
    0x08006d2a   0x08006d2a   0x0000000a   Code   RO         1208    x$fpl$fretinf       fz_wm.l(fretinf.o)
    0x08006d34   0x08006d34   0x00000006   Code   RO         1056    x$fpl$ieeestatus    fz_wm.l(istatus.o)
    0x08006d3a   0x08006d3a   0x00000004   Code   RO          778    x$fpl$printf1       fz_wm.l(printf1.o)
    0x08006d3e   0x08006d3e   0x00000004   Code   RO          780    x$fpl$printf2       fz_wm.l(printf2.o)
    0x08006d42   0x08006d42   0x00000064   Code   RO         1288    x$fpl$retnan        fz_wm.l(retnan.o)
    0x08006da6   0x08006da6   0x0000005c   Code   RO         1242    x$fpl$scalbn        fz_wm.l(scalbn.o)
    0x08006e02   0x08006e02   0x00000004   Code   RO          786    x$fpl$scanf1        fz_wm.l(scanf1.o)
    0x08006e06   0x08006e06   0x00000008   Code   RO         1058    x$fpl$scanf2        fz_wm.l(scanf2.o)
    0x08006e0e   0x08006e0e   0x00000030   Code   RO         1290    x$fpl$trapveneer    fz_wm.l(trapv.o)
    0x08006e3e   0x08006e3e   0x00000000   Code   RO         1064    x$fpl$usenofp       fz_wm.l(usenofp.o)
    0x08006e3e   0x08006e3e   0x00000002   PAD
    0x08006e40   0x08006e40   0x00000008   Data   RO          680    .constdata          c_w.l(_printf_wctomb.o)
    0x08006e48   0x08006e48   0x00000028   Data   RO          709    .constdata          c_w.l(_printf_hex_int_ll_ptr.o)
    0x08006e70   0x08006e70   0x00000011   Data   RO          729    .constdata          c_w.l(__printf_flags_ss_wp.o)
    0x08006e81   0x08006e81   0x00000026   Data   RO          814    .constdata          c_w.l(_printf_fp_hex.o)
    0x08006ea7   0x08006ea7   0x00000001   PAD
    0x08006ea8   0x08006ea8   0x00000094   Data   RO          928    .constdata          c_w.l(bigflt0.o)
    0x08006f3c   0x08006f3c   0x00000010   Data   RO          630    .rodata.AHBPrescTable  system_stm32f3xx.o
    0x08006f4c   0x08006f4c   0x00000008   Data   RO          631    .rodata.APBPrescTable  system_stm32f3xx.o
    0x08006f54   0x08006f54   0x00000007   Data   RO          288    .rodata.CHANNEL_OFFSET_TAB  uart.o
    0x08006f5b   0x08006f5b   0x00000008   Data   RO          319    .rodata.__stderr_name  retarget_io.o
    0x08006f63   0x08006f63   0x00000007   Data   RO          317    .rodata.__stdin_name  retarget_io.o
    0x08006f6a   0x08006f6a   0x00000008   Data   RO          318    .rodata.__stdout_name  retarget_io.o
    0x08006f72   0x08006f72   0x00000020   Data   RO            7    .rodata.str1.1      fsm_main.o
    0x08006f92   0x08006f92   0x00000043   Data   RO           25    .rodata.str1.1      fsm_tm.o
    0x08006fd5   0x08006fd5   0x0000001c   Data   RO           87    .rodata.str1.1      i2cfram.o
    0x08006ff1   0x08006ff1   0x0000000e   Data   RO          112    .rodata.str1.1      keypad.o
    0x08006fff   0x08006fff   0x0000000f   Data   RO          156    .rodata.str1.1      main.o
    0x0800700e   0x0800700e   0x0000002b   Data   RO          286    .rodata.str1.1      uart.o
    0x08007039   0x08007039   0x00000017   Data   RO          320    .rodata.str1.1      retarget_io.o
    0x08007050   0x08007050   0x00000020   Data   RO         1293    Region$$Table       anon$$obj.o
    0x08007070   0x08007070   0x00000008   Data   RO         1052    c$$dinf             fz_wm.l(fpconst.o)
    0x08007078   0x08007078   0x00000008   Data   RO         1055    c$$dmax             fz_wm.l(fpconst.o)
    0x08007080   0x08007080   0x0000001c   Data   RO          970    locale$$data        c_w.l(lc_numeric_c.o)
    0x0800709c   0x0800709c   0x00000110   Data   RO         1125    locale$$data        c_w.l(lc_ctype_c.o)


    Execution Region RW_IRAM2 (Exec base: 0x10000000, Load base: 0x080071c8, Size: 0x00000000, Max: 0x00002000, ABSOLUTE)

    **** No section assigned to this execution region ****


    Execution Region RW_IRAM1 (Exec base: 0x20000000, Load base: 0x080071b0, Size: 0x00000d08, Max: 0x0000c000, ABSOLUTE)

    Exec Addr    Load Addr    Size         Type   Attr      Idx    E Section Name        Object

    0x20000000   0x080071b0   0x00000004   Data   RW          773    .data               c_w.l(stdio_streams.o)
    0x20000004   0x080071b4   0x00000004   Data   RW          774    .data               c_w.l(stdio_streams.o)
    0x20000008   0x080071b8   0x00000004   Data   RW          775    .data               c_w.l(stdio_streams.o)
    0x2000000c   0x080071bc   0x00000004   Data   RW          629    .data.SystemCoreClock  system_stm32f3xx.o
    0x20000010   0x080071c0   0x00000001   Data   RW           26    .data.fsmstate      fsm_tm.o
    0x20000011   0x080071c1   0x00000007   PAD
    0x20000018        -       0x00000054   Zero   RW          770    .bss                c_w.l(stdio_streams.o)
    0x2000006c        -       0x00000054   Zero   RW          771    .bss                c_w.l(stdio_streams.o)
    0x200000c0        -       0x00000054   Zero   RW          772    .bss                c_w.l(stdio_streams.o)
    0x20000114        -       0x00000060   Zero   RW         1076    .bss                c_w.l(libspace.o)
    0x20000174        -       0x00000018   Zero   RW          176    .bss.Messages       messages.o
    0x2000018c        -       0x00000004   Zero   RW           28    .bss.ProcTm.stepcnt  fsm_tm.o
    0x20000190        -       0x00000020   Zero   RW           22    .bss.ProcessFsmTm.aTrbuf  fsm_tm.o
    0x200001b0        -       0x00000001   Zero   RW           20    .bss.ProcessFsmTm.rdsymbol  fsm_tm.o
    0x200001b1   0x080071c1   0x00000003   PAD
    0x200001b4        -       0x00000004   Zero   RW           19    .bss.ProcessFsmTm.steptm  fsm_tm.o
    0x200001b8        -       0x00000001   Zero   RW           21    .bss.ProcessFsmTm.wrsymbol  fsm_tm.o
    0x200001b9   0x080071c1   0x00000003   PAD
    0x200001bc        -       0x00000004   Zero   RW          159    .bss.ProcessKey.count  main.o
    0x200001c0        -       0x00000001   Zero   RW          157    .bss.ProcessKey.fsmstate  main.o
    0x200001c1        -       0x00000011   Zero   RW          158    .bss.ProcessKey.textbuf  main.o
    0x200001d2        -       0x00000002   Zero   RW          110    .bss.ProcessKeyKpd4.keycode  keypad.o
    0x200001d4        -       0x00000001   Zero   RW          287    .bss.USART2_IRQHandler.old_pos  uart.o
    0x200001d5        -       0x000000ff   Zero   RW            8    .bss.aRecvbuf       fsm_main.o
    0x200002d4        -       0x00000004   Zero   RW           88    .bss.addrdat_FRAM   i2cfram.o
    0x200002d8        -       0x00000004   Zero   RW            5    .bss.addrfsm        fsm_main.o
    0x200002dc        -       0x00000004   Zero   RW           27    .bss.curraddrtm     fsm_tm.o
    0x200002e0        -       0x00000001   Zero   RW            4    .bss.fsmstate       fsm_main.o
    0x200002e1        -       0x00000001   Zero   RW          111    .bss.fsmstate       keypad.o
    0x200002e2        -       0x00000001   Zero   RW           85    .bss.iic_st         i2cfram.o
    0x200002e3   0x080071c1   0x00000001   PAD
    0x200002e4        -       0x00000004   Zero   RW            6    .bss.lenfsm         fsm_main.o
    0x200002e8        -       0x00000001   Zero   RW           84    .bss.leni2c         i2cfram.o
    0x200002e9        -       0x00000001   Zero   RW          284    .bss.lenuart        uart.o
    0x200002ea        -       0x00000001   Zero   RW           23    .bss.mtstatectrl    fsm_tm.o
    0x200002eb   0x080071c1   0x00000001   PAD
    0x200002ec        -       0x00000004   Zero   RW           24    .bss.nextaddrtm     fsm_tm.o
    0x200002f0        -       0x00000101   Zero   RW           86    .bss.tDati2c        i2cfram.o
    0x200003f1        -       0x00000302   Zero   RW          285    .bss.tDatuart       uart.o
    0x200006f3   0x080071c1   0x00000001   PAD
    0x200006f4        -       0x00000010   Zero   RW          194    .bss.v_timers       timers.o
    0x20000704   0x080071c1   0x00000004   PAD
    0x20000708        -       0x00000200   Zero   RW          616    HEAP                startup_stm32f303xc.o
    0x20000908        -       0x00000400   Zero   RW          615    STACK               startup_stm32f303xc.o


==============================================================================

Image component sizes


      Code (inc. data)   RO Data    RW Data    ZI Data      Debug   Object Name

       698          8         32          0        264       1344   fsm_main.o
       964         14         67          1         51       1710   fsm_tm.o
      1520          0         28          0        263       8643   i2cfram.o
       722          6         14          0          3       3228   keypad.o
      1026          0         15          0         22       4581   main.o
       266          0          0          0         24       1193   messages.o
       632          0         46          0          0       3087   retarget_io.o
        64         26        392          0       1536        900   startup_stm32f303xc.o
       612          0          0          0          0       3848   stm32f3xx_ll_gpio.o
       888          4          0          0          0       7435   stm32f3xx_ll_rcc.o
        94          0          0          0          0       6264   stm32f3xx_ll_utils.o
       290          0         24          4          0       2362   system_stm32f3xx.o
       158          0          0          0         16       1078   timers.o
      2512          0         50          0        772      11355   uart.o

    ----------------------------------------------------------------------
     10578         58        700          8       2968      57028   Object Totals
         0          0         32          0          0          0   (incl. Generated)
       132          0          0          3         17          0   (incl. Padding)

    ----------------------------------------------------------------------

      Code (inc. data)   RO Data    RW Data    ZI Data      Debug   Library Member Name

         8          0          0          0          0         68   __main.o
       392          4         17          0          0         92   __printf_flags_ss_wp.o
        14          0          0          0          0         68   __printf_wp.o
         0          0          0          0          0          0   __rtentry.o
        12          0          0          0          0          0   __rtentry2.o
         6          0          0          0          0          0   __rtentry4.o
        94          8          0          0          0          0   __scatter.o
        26          0          0          0          0          0   __scatter_copy.o
        28          0          0          0          0          0   __scatter_zi.o
        72          0          0          0          0         96   _c16rtomb.o
        28          0          0          0          0         68   _chval.o
        64          0          0          0          0         84   _mbrtoc16.o
         6          0          0          0          0          0   _printf_a.o
         6          0          0          0          0          0   _printf_c.o
        44          0          0          0          0        108   _printf_char.o
        48          6          0          0          0         96   _printf_char_common.o
        36          4          0          0          0         80   _printf_char_file.o
        40          0          0          0          0         68   _printf_charcount.o
         6          0          0          0          0          0   _printf_d.o
       120         16          0          0          0         92   _printf_dec.o
         6          0          0          0          0          0   _printf_e.o
         6          0          0          0          0          0   _printf_f.o
      1052          0          0          0          0        148   _printf_fp_dec.o
       764          8         38          0          0        100   _printf_fp_hex.o
       128         16          0          0          0         84   _printf_fp_infnan.o
         6          0          0          0          0          0   _printf_g.o
       148          4         40          0          0        160   _printf_hex_int_ll_ptr.o
         6          0          0          0          0          0   _printf_i.o
       178          0          0          0          0         88   _printf_intcommon.o
        10          0          0          0          0          0   _printf_l.o
         6          0          0          0          0          0   _printf_lc.o
        10          0          0          0          0          0   _printf_ll.o
         6          0          0          0          0          0   _printf_lld.o
         6          0          0          0          0          0   _printf_lli.o
         6          0          0          0          0          0   _printf_llo.o
         6          0          0          0          0          0   _printf_llu.o
         6          0          0          0          0          0   _printf_llx.o
       124         16          0          0          0         92   _printf_longlong_dec.o
         6          0          0          0          0          0   _printf_ls.o
         6          0          0          0          0          0   _printf_n.o
         6          0          0          0          0          0   _printf_o.o
       112          8          0          0          0        124   _printf_oct_int_ll.o
         6          0          0          0          0          0   _printf_p.o
        78          0          0          0          0        108   _printf_pad.o
         0          0          0          0          0          0   _printf_percent.o
         4          0          0          0          0          0   _printf_percent_end.o
         6          0          0          0          0          0   _printf_s.o
        82          0          0          0          0         80   _printf_str.o
        36          0          0          0          0         84   _printf_truncate.o
         6          0          0          0          0          0   _printf_u.o
        44          0          0          0          0        108   _printf_wchar.o
       188          6          8          0          0         92   _printf_wctomb.o
         6          0          0          0          0          0   _printf_x.o
        22          0          0          0          0        100   _rserrno.o
       884          6          0          0          0        100   _scanf.o
       332          0          0          0          0         96   _scanf_int.o
       342          0          0          0          0        100   _scanf_longlong.o
       276          0          0          0          0        100   _scanf_mbtowc.o
       224          0          0          0          0         96   _scanf_str.o
        30          0          0          0          0         76   _scanf_wcharmap.o
       232          0          0          0          0        100   _scanf_wctomb.o
       208          0          0          0          0         96   _scanf_wstr.o
        64          0          0          0          0         84   _sgetc.o
        10          0          0          0          0         68   _sputc.o
       228          4        148          0          0         96   bigflt0.o
      2152        136          0          0          0        956   btod.o
        10          0          0          0          0         68   defsig_exit.o
        50          0          0          0          0         88   defsig_general.o
        80         58          0          0          0         76   defsig_rtmem_inner.o
        14          0          0          0          0         80   defsig_rtmem_outer.o
        52         38          0          0          0         76   defsig_rtred_inner.o
        14          0          0          0          0         80   defsig_rtred_outer.o
        18          0          0          0          0         80   exit.o
        76          0          0          0          0         88   fclose.o
         8          0          0          0          0         68   ferror.o
       482          0          0          0          0         92   flsbuf.o
       240          6          0          0          0        128   fopen.o
        28          0          0          0          0         68   fputc.o
       248          6          0          0          0         84   fseek.o
        66          0          0          0          0         76   ftell.o
        94          0          0          0          0         80   h1_alloc.o
        52          0          0          0          0         68   h1_extend.o
        78          0          0          0          0         80   h1_free.o
        12          0          0          0          0         84   h1_init.o
         6          0          0          0          0        152   heapauxi.o
         4          0          0          0          0        136   hguard.o
         0          0          0          0          0          0   indicate_semi.o
       138          0          0          0          0        168   init_alloc.o
       312         46          0          0          0        112   initio.o
        18          0          0          0          0         76   isspace.o
        44         10        272          0          0         76   lc_ctype_c.o
        44         10         28          0          0         76   lc_numeric_c.o
         2          0          0          0          0          0   libinit.o
        46          0          0          0          0          0   libinit2.o
         2          0          0          0          0          0   libshutdown.o
         6          0          0          0          0          0   libshutdown2.o
         8          4          0          0         96         68   libspace.o
        38          0          0          0          0         68   llshl.o
       138          0          0          0          0         80   lludiv10.o
         0          0          0          0          0          0   maybetermalloc1.o
        24          4          0          0          0         84   printf.o
        16          4          0          0          0         76   rt_ctype_table.o
         8          4          0          0          0         68   rt_errno_addr_intlibspace.o
         8          4          0          0          0         68   rt_heap_descriptor_intlibspace.o
         8          4          0          0          0         68   rt_locale_intlibspace.o
        78          0          0          0          0         80   rt_memclr_w.o
       138          0          0          0          0         68   rt_memcpy_v6.o
       100          0          0          0          0         80   rt_memcpy_w.o
         2          0          0          0          0          0   rtexit.o
        10          0          0          0          0          0   rtexit2.o
        44          8          0          0          0         84   scanf_char.o
      1272         16          0          0          0        168   scanf_fp.o
       800         14          0          0          0        100   scanf_hexfp.o
       308         16          0          0          0        100   scanf_infnan.o
        70          0          0          0          0         80   setvbuf.o
        44          6          0          0          0         84   sprintf.o
        60          8          0          0          0         84   sscanf.o
       264          6          0          0          0        160   stdio.o
         0          0          0         12        252          0   stdio_streams.o
        20          0          0          0          0         68   strchr.o
       124          0          0          0          0         88   strcmpv7em.o
        72          0          0          0          0         80   strcpy.o
        62          0          0          0          0         76   strlen.o
        12          4          0          0          0         68   sys_exit.o
        74          0          0          0          0         80   sys_stackheap_outer.o
        14          0          0          0          0         76   sys_wrch.o
         2          0          0          0          0         68   use_no_semi.o
        98          4          0          0          0        140   d2f.o
        16          4          0          0          0        116   dcheck1.o
        24          0          0          0          0        116   dcmpi.o
       120          4          0          0          0        140   deqf.o
       120          4          0          0          0        140   dleqf.o
       340         12          0          0          0        152   dmul.o
       156          4          0          0          0        140   dnaninf.o
        12          0          0          0          0        116   dretinf.o
       108          0          0          0          0        128   drleqf.o
         0          0         16          0          0          0   fpconst.o
        26          0          0          0          0        116   fpinit.o
        10          0          0          0          0        116   fretinf.o
         6          0          0          0          0        116   istatus.o
         4          0          0          0          0        116   printf1.o
         4          0          0          0          0        116   printf2.o
       100          0          0          0          0        116   retnan.o
        92          0          0          0          0        116   scalbn.o
         4          0          0          0          0        116   scanf1.o
         8          0          0          0          0        132   scanf2.o
        48          0          0          0          0        116   trapv.o
         0          0          0          0          0          0   usenofp.o
        64         16          0          0          0        248   dunder.o
        48          0          0          0          0        124   fpclassify.o
       140         22          0          0          0        132   frexp.o
       228          8          0          0          0        308   ldexp.o
       266         16          0          0          0        308   narrow.o

    ----------------------------------------------------------------------
     17254        612        568         12        348      12272   Library Totals
        36          0          1          0          0          0   (incl. Padding)

    ----------------------------------------------------------------------

      Code (inc. data)   RO Data    RW Data    ZI Data      Debug   Library Name

     15176        518        551         12        348       8788   c_w.l
      1296         32         16          0          0       2364   fz_wm.l
       746         62          0          0          0       1120   m_wm.l

    ----------------------------------------------------------------------
     17254        612        568         12        348      12272   Library Totals

    ----------------------------------------------------------------------

==============================================================================


      Code (inc. data)   RO Data    RW Data    ZI Data      Debug   

     27832        670       1268         20       3316      61688   Grand Totals
     27832        670       1268         20       3316      61688   ELF Image Totals
     27832        670       1268         20          0          0   ROM Totals

==============================================================================

    Total RO  Size (Code + RO Data)                29100 (  28.42kB)
    Total RW  Size (RW Data + ZI Data)              3336 (   3.26kB)
    Total ROM Size (Code + RO Data + RW Data)      29120 (  28.44kB)

==============================================================================

