Component: Arm Compiler for Embedded 6.24 Tool: armlink [5f371500]

==============================================================================

Section Cross References

    fsm_main.o(.text.ProcessFsmMain) refers to fsm_main.o(.bss.fsmstate) for fsmstate
    fsm_main.o(.text.ProcessFsmMain) refers to messages.o(.text.GetMessage) for GetMessage
    fsm_main.o(.text.ProcessFsmMain) refers to uart.o(.bss.lenuart) for lenuart
    fsm_main.o(.text.ProcessFsmMain) refers to fsm_main.o(.rodata.str1.1) for .L.str
    fsm_main.o(.text.ProcessFsmMain) refers to sscanf.o(.text) for sscanf
    fsm_main.o(.text.ProcessFsmMain) refers to sprintf.o(.text) for sprintf
    fsm_main.o(.text.ProcessFsmMain) refers to messages.o(.text.SendMessage) for SendMessage
    fsm_main.o(.text.ProcessFsmMain) refers to fsm_main.o(.bss.aRecvbuf) for aRecvbuf
    fsm_main.o(.text.ProcessFsmMain) refers to snprintf.o(.text) for snprintf
    fsm_main.o(.text.ProcessFsmMain) refers to strlen.o(.text) for strlen
    fsm_main.o(.text.ProcessFsmMain) refers to fsm_main.o(.bss.lenfsm) for lenfsm
    fsm_main.o(.text.ProcessFsmMain) refers to strcpy.o(.text) for strcpy
    fsm_main.o(.text.ProcessFsmMain) refers to fsm_main.o(.bss.addrfsm) for addrfsm
    fsm_main.o(.text.ProcessFsmMain) refers to strchr.o(.text) for strchr
    fsm_main.o(.text.ProcessFsmMain) refers to rt_memcpy_v6.o(.text) for __aeabi_memcpy
    fsm_main.o(.text.ProcessFsmMain) refers to i2cfram.o(.text.i2cFRAM_rd) for i2cFRAM_rd
    fsm_main.o(.text.ProcessFsmMain) refers to i2cfram.o(.bss.leni2c) for leni2c
    fsm_main.o(.text.ProcessFsmMain) refers to i2cfram.o(.text.i2cFRAM_wr) for i2cFRAM_wr
    fsm_main.o(.text.ProcessFsmMain) refers to uart.o(.text.uart_transmit) for uart_transmit
    fsm_main.o(.ARM.exidx.text.ProcessFsmMain) refers to fsm_main.o(.text.ProcessFsmMain) for [Anonymous Symbol]
    fsm_tm.o(.ARM.exidx.text.normalize_symbol) refers to fsm_tm.o(.text.normalize_symbol) for [Anonymous Symbol]
    fsm_tm.o(.text.ProcTmStep) refers to fsm_tm.o(.rodata.str1.1) for .L.str
    fsm_tm.o(.text.ProcTmStep) refers to snprintf.o(.text) for snprintf
    fsm_tm.o(.text.ProcTmStep) refers to messages.o(.text.SendMessage) for SendMessage
    fsm_tm.o(.text.ProcTmStep) refers to strncpy.o(.text) for strncpy
    fsm_tm.o(.text.ProcTmStep) refers to fsm_tm.o(.bss.ProcTmStep.sync_data) for ProcTmStep.sync_data
    fsm_tm.o(.ARM.exidx.text.ProcTmStep) refers to fsm_tm.o(.text.ProcTmStep) for [Anonymous Symbol]
    fsm_tm.o(.text.ProcessOneTm) refers to messages.o(.text.GetMessage) for GetMessage
    fsm_tm.o(.text.ProcessOneTm) refers to fsm_tm.o(.rodata.str1.1) for .L.str.12
    fsm_tm.o(.text.ProcessOneTm) refers to strcmpv7em.o(.text) for strcmp
    fsm_tm.o(.text.ProcessOneTm) refers to sscanf.o(.text) for sscanf
    fsm_tm.o(.text.ProcessOneTm) refers to timers.o(.text.ResetTimer) for ResetTimer
    fsm_tm.o(.text.ProcessOneTm) refers to snprintf.o(.text) for snprintf
    fsm_tm.o(.text.ProcessOneTm) refers to strncpy.o(.text) for strncpy
    fsm_tm.o(.text.ProcessOneTm) refers to i2cfram.o(.text.i2cFRAM_rd) for i2cFRAM_rd
    fsm_tm.o(.text.ProcessOneTm) refers to fsm_tm.o(.text.normalize_symbol) for normalize_symbol
    fsm_tm.o(.text.ProcessOneTm) refers to fsm_tm.o(.text.ProcTmStep) for ProcTmStep
    fsm_tm.o(.text.ProcessOneTm) refers to i2cfram.o(.text.i2cFRAM_wr) for i2cFRAM_wr
    fsm_tm.o(.text.ProcessOneTm) refers to timers.o(.text.GetTimer) for GetTimer
    fsm_tm.o(.text.ProcessOneTm) refers to strlen.o(.text) for strlen
    fsm_tm.o(.text.ProcessOneTm) refers to uart.o(.text.uart_transmit) for uart_transmit
    fsm_tm.o(.ARM.exidx.text.ProcessOneTm) refers to fsm_tm.o(.text.ProcessOneTm) for [Anonymous Symbol]
    fsm_tm.o(.text.ProcessFsmTm) refers to fsm_tm.o(.bss.mt1) for mt1
    fsm_tm.o(.text.ProcessFsmTm) refers to fsm_tm.o(.text.ProcessOneTm) for ProcessOneTm
    fsm_tm.o(.text.ProcessFsmTm) refers to fsm_tm.o(.bss.mt2) for mt2
    fsm_tm.o(.ARM.exidx.text.ProcessFsmTm) refers to fsm_tm.o(.text.ProcessFsmTm) for [Anonymous Symbol]
    fsm_tm.o(.text.InitTM) refers to fsm_tm.o(.bss.mt1) for mt1
    fsm_tm.o(.text.InitTM) refers to rt_memclr.o(.text) for __aeabi_memclr
    fsm_tm.o(.text.InitTM) refers to fsm_tm.o(.rodata.str1.1) for .L.str.24
    fsm_tm.o(.text.InitTM) refers to strcpy.o(.text) for strcpy
    fsm_tm.o(.text.InitTM) refers to fsm_tm.o(.bss.mt2) for mt2
    fsm_tm.o(.ARM.exidx.text.InitTM) refers to fsm_tm.o(.text.InitTM) for [Anonymous Symbol]
    i2cfram.o(.text.init_I2C_FRAM) refers to i2cfram.o(.bss.iic_st) for iic_st
    i2cfram.o(.text.init_I2C_FRAM) refers to i2cfram.o(.text.LL_AHB1_GRP1_EnableClock) for LL_AHB1_GRP1_EnableClock
    i2cfram.o(.text.init_I2C_FRAM) refers to stm32f3xx_ll_gpio.o(.text.LL_GPIO_Init) for LL_GPIO_Init
    i2cfram.o(.text.init_I2C_FRAM) refers to i2cfram.o(.text.LL_APB1_GRP1_EnableClock) for LL_APB1_GRP1_EnableClock
[...]
    TIM8_BRK_IRQHandler                      0x0800032b   Thumb Code     0  startup_stm32f303xc.o(.text)
    TIM8_CC_IRQHandler                       0x0800032b   Thumb Code     0  startup_stm32f303xc.o(.text)
    TIM8_TRG_COM_IRQHandler                  0x0800032b   Thumb Code     0  startup_stm32f303xc.o(.text)
    TIM8_UP_IRQHandler                       0x0800032b   Thumb Code     0  startup_stm32f303xc.o(.text)
    UART4_IRQHandler                         0x0800032b   Thumb Code     0  startup_stm32f303xc.o(.text)
    UART5_IRQHandler                         0x0800032b   Thumb Code     0  startup_stm32f303xc.o(.text)
    USART1_IRQHandler                        0x0800032b   Thumb Code     0  startup_stm32f303xc.o(.text)
    USART3_IRQHandler                        0x0800032b   Thumb Code     0  startup_stm32f303xc.o(.text)
    USBWakeUp_IRQHandler                     0x0800032b   Thumb Code     0  startup_stm32f303xc.o(.text)
    USBWakeUp_RMP_IRQHandler                 0x0800032b   Thumb Code     0  startup_stm32f303xc.o(.text)
    USB_HP_CAN_TX_IRQHandler                 0x0800032b   Thumb Code     0  startup_stm32f303xc.o(.text)
    USB_HP_IRQHandler                        0x0800032b   Thumb Code     0  startup_stm32f303xc.o(.text)
    USB_LP_CAN_RX0_IRQHandler                0x0800032b   Thumb Code     0  startup_stm32f303xc.o(.text)
    USB_LP_IRQHandler                        0x0800032b   Thumb Code     0  startup_stm32f303xc.o(.text)
    WWDG_IRQHandler                          0x0800032b   Thumb Code     0  startup_stm32f303xc.o(.text)
    __user_initial_stackheap                 0x0800032d   Thumb Code     0  startup_stm32f303xc.o(.text)
    printf                                   0x08000351   Thumb Code    20  printf.o(.text)
    sprintf                                  0x08000369   Thumb Code    38  sprintf.o(.text)
    snprintf                                 0x08000395   Thumb Code    58  snprintf.o(.text)
    sscanf                                   0x080003d5   Thumb Code    52  sscanf.o(.text)
    strchr                                   0x08000411   Thumb Code    20  strchr.o(.text)
    strcpy                                   0x08000425   Thumb Code    72  strcpy.o(.text)
    strlen                                   0x0800046d   Thumb Code    62  strlen.o(.text)
    __aeabi_memcpy                           0x080004ab   Thumb Code     0  rt_memcpy_v6.o(.text)
    __rt_memcpy                              0x080004ab   Thumb Code   138  rt_memcpy_v6.o(.text)
    _memcpy_lastbytes                        0x08000511   Thumb Code     0  rt_memcpy_v6.o(.text)
    __aeabi_memclr                           0x08000535   Thumb Code     0  rt_memclr.o(.text)
    __rt_memclr                              0x08000535   Thumb Code     0  rt_memclr.o(.text)
    _memset                                  0x08000539   Thumb Code    64  rt_memclr.o(.text)
    strncpy                                  0x08000579   Thumb Code    86  strncpy.o(.text)
    strcmp                                   0x080005d1   Thumb Code   124  strcmpv7em.o(.text)
    __use_two_region_memory                  0x0800064d   Thumb Code     2  heapauxi.o(.text)
    __rt_heap_escrow                         0x0800064f   Thumb Code     2  heapauxi.o(.text)
    __rt_heap_expand                         0x08000651   Thumb Code     2  heapauxi.o(.text)
    _printf_pre_padding                      0x08000653   Thumb Code    44  _printf_pad.o(.text)
    _printf_post_padding                     0x0800067f   Thumb Code    34  _printf_pad.o(.text)
    _printf_truncate_signed                  0x080006a1   Thumb Code    18  _printf_truncate.o(.text)
    _printf_truncate_unsigned                0x080006b3   Thumb Code    18  _printf_truncate.o(.text)
    _printf_str                              0x080006c5   Thumb Code    82  _printf_str.o(.text)
    _printf_int_dec                          0x08000719   Thumb Code   104  _printf_dec.o(.text)
    _printf_charcount                        0x08000791   Thumb Code    40  _printf_charcount.o(.text)
    _printf_char_common                      0x080007c3   Thumb Code    32  _printf_char_common.o(.text)
    _sputc                                   0x080007e9   Thumb Code    10  _sputc.o(.text)
    _snputc                                  0x080007f3   Thumb Code    16  _snputc.o(.text)
    _printf_char_file                        0x08000805   Thumb Code    32  _printf_char_file.o(.text)
    _printf_wctomb                           0x08000829   Thumb Code   182  _printf_wctomb.o(.text)
    _printf_longlong_dec                     0x080008e5   Thumb Code   108  _printf_longlong_dec.o(.text)
    _printf_longlong_oct                     0x08000961   Thumb Code    68  _printf_oct_int_ll.o(.text)
    _printf_int_oct                          0x080009a5   Thumb Code    24  _printf_oct_int_ll.o(.text)
    _printf_ll_oct                           0x080009bd   Thumb Code    12  _printf_oct_int_ll.o(.text)
    _printf_longlong_hex                     0x080009d1   Thumb Code    86  _printf_hex_int_ll_ptr.o(.text)
    _printf_int_hex                          0x08000a27   Thumb Code    28  _printf_hex_int_ll_ptr.o(.text)
    _printf_ll_hex                           0x08000a43   Thumb Code    12  _printf_hex_int_ll_ptr.o(.text)
    _printf_hex_ptr                          0x08000a4f   Thumb Code    18  _printf_hex_int_ll_ptr.o(.text)
    __printf                                 0x08000a65   Thumb Code   388  __printf_flags_ss_wp.o(.text)
    _scanf_longlong                          0x08000bed   Thumb Code   342  _scanf_longlong.o(.text)
    _scanf_int                               0x08000d43   Thumb Code   332  _scanf_int.o(.text)
    _scanf_string                            0x08000e8f   Thumb Code   224  _scanf_str.o(.text)
    __vfscanf_char                           0x08000f7d   Thumb Code    24  scanf_char.o(.text)
    _sgetc                                   0x08000f9d   Thumb Code    30  _sgetc.o(.text)
    _sbackspace                              0x08000fbb   Thumb Code    34  _sgetc.o(.text)
    _scanf_mbtowc                            0x08000fdd   Thumb Code   276  _scanf_mbtowc.o(.text)
    _scanf_wctomb                            0x080010f1   Thumb Code   232  _scanf_wctomb.o(.text)
    _scanf_wstring                           0x080011d9   Thumb Code   208  _scanf_wstr.o(.text)
    __aeabi_memcpy4                          0x080012a9   Thumb Code     0  rt_memcpy_w.o(.text)
    __aeabi_memcpy8                          0x080012a9   Thumb Code     0  rt_memcpy_w.o(.text)
    __rt_memcpy_w                            0x080012a9   Thumb Code   100  rt_memcpy_w.o(.text)
    _memcpy_lastbytes_aligned                0x080012f1   Thumb Code     0  rt_memcpy_w.o(.text)
    __aeabi_memclr4                          0x0800130d   Thumb Code     0  rt_memclr_w.o(.text)
    __aeabi_memclr8                          0x0800130d   Thumb Code     0  rt_memclr_w.o(.text)
    __rt_memclr_w                            0x0800130d   Thumb Code     0  rt_memclr_w.o(.text)
    _memset_w                                0x08001311   Thumb Code    74  rt_memclr_w.o(.text)
    _ll_udiv10                               0x0800135b   Thumb Code   138  lludiv10.o(.text)
    isspace                                  0x080013e5   Thumb Code    18  isspace.o(.text)
    _printf_int_common                       0x080013f7   Thumb Code   178  _printf_intcommon.o(.text)
    _printf_fp_dec_real                      0x08001659   Thumb Code   620  _printf_fp_dec.o(.text)
    _printf_fp_hex_real                      0x080018c5   Thumb Code   756  _printf_fp_hex.o(.text)
    _printf_cs_common                        0x08001bc1   Thumb Code    20  _printf_char.o(.text)
    _printf_char                             0x08001bd5   Thumb Code    16  _printf_char.o(.text)
    _printf_string                           0x08001be5   Thumb Code     8  _printf_char.o(.text)
    _printf_lcs_common                       0x08001bed   Thumb Code    20  _printf_wchar.o(.text)
    _printf_wchar                            0x08001c01   Thumb Code    16  _printf_wchar.o(.text)
    _printf_wstring                          0x08001c11   Thumb Code     8  _printf_wchar.o(.text)
    _chval                                   0x08001c19   Thumb Code    28  _chval.o(.text)
    __vfscanf                                0x08001c35   Thumb Code   878  _scanf.o(.text)
    _scanf_really_real                       0x080021f5   Thumb Code   684  scanf_fp.o(.text)
    _scanf_wcharmap                          0x080024a1   Thumb Code    30  _scanf_wcharmap.o(.text)
    ferror                                   0x080024bf   Thumb Code     8  ferror.o(.text)
    _initio                                  0x080024c9   Thumb Code   210  initio.o(.text)
    _terminateio                             0x0800259b   Thumb Code    56  initio.o(.text)
    _mbrtoc16                                0x08002601   Thumb Code    64  _mbrtoc16.o(.text)
    _mbrtowc                                 0x08002601   Thumb Code     0  _mbrtoc16.o(.text)
    _c16rtomb                                0x08002641   Thumb Code    72  _c16rtomb.o(.text)
    _wcrtomb                                 0x08002641   Thumb Code     0  _c16rtomb.o(.text)
    __user_setup_stackheap                   0x08002689   Thumb Code    74  sys_stackheap_outer.o(.text)
    __rt_ctype_table                         0x080026d5   Thumb Code    16  rt_ctype_table.o(.text)
    __rt_locale                              0x080026e5   Thumb Code     8  rt_locale_intlibspace.o(.text)
    __aeabi_errno_addr                       0x080026ed   Thumb Code     8  rt_errno_addr_intlibspace.o(.text)
    __errno$intlibspace                      0x080026ed   Thumb Code     0  rt_errno_addr_intlibspace.o(.text)
    __rt_errno_addr$intlibspace              0x080026ed   Thumb Code     0  rt_errno_addr_intlibspace.o(.text)
    free                                     0x080026f5   Thumb Code    78  h1_free.o(.text)
    __aeabi_llsl                             0x08002743   Thumb Code     0  llshl.o(.text)
    _ll_shift_l                              0x08002743   Thumb Code    38  llshl.o(.text)
    _printf_fp_infnan                        0x08002769   Thumb Code   112  _printf_fp_infnan.o(.text)
    _btod_etento                             0x080027e9   Thumb Code   224  bigflt0.o(.text)
    __flsbuf                                 0x080028cd   Thumb Code   482  flsbuf.o(.text)
    __flsbuf_byte                            0x080028cd   Thumb Code     0  flsbuf.o(.text)
    __flsbuf_wide                            0x080028cd   Thumb Code     0  flsbuf.o(.text)
    setvbuf                                  0x08002aaf   Thumb Code    70  setvbuf.o(.text)
    freopen                                  0x08002af5   Thumb Code   160  fopen.o(.text)
    fopen                                    0x08002b95   Thumb Code    74  fopen.o(.text)
    _fclose_internal                         0x08002be5   Thumb Code    76  fclose.o(.text)
    fclose                                   0x08002be5   Thumb Code     0  fclose.o(.text)
    exit                                     0x08002c31   Thumb Code    18  exit.o(.text)
    __rt_SIGRTRED                            0x08002c43   Thumb Code    14  defsig_rtred_outer.o(.text)
    __user_libspace                          0x08002c51   Thumb Code     8  libspace.o(.text)
    __user_perproc_libspace                  0x08002c51   Thumb Code     0  libspace.o(.text)
    __user_perthread_libspace                0x08002c51   Thumb Code     0  libspace.o(.text)
    __rt_heap_descriptor                     0x08002c59   Thumb Code     8  rt_heap_descriptor_intlibspace.o(.text)
    __use_no_heap                            0x08002c61   Thumb Code     2  hguard.o(.text)
    __heap$guard                             0x08002c63   Thumb Code     2  hguard.o(.text)
    _terminate_user_alloc                    0x08002c65   Thumb Code     2  init_alloc.o(.text)
    _init_user_alloc                         0x08002c67   Thumb Code     2  init_alloc.o(.text)
    __Heap_Full                              0x08002c69   Thumb Code    34  init_alloc.o(.text)
    __Heap_Broken                            0x08002c8b   Thumb Code     6  init_alloc.o(.text)
    _init_alloc                              0x08002c91   Thumb Code    94  init_alloc.o(.text)
    malloc                                   0x08002cef   Thumb Code    94  h1_alloc.o(.text)
    __read_errno                             0x08002d4d   Thumb Code    10  _rserrno.o(.text)
    __set_errno                              0x08002d57   Thumb Code    12  _rserrno.o(.text)
    _scanf_really_hex_real                   0x08002d65   Thumb Code   786  scanf_hexfp.o(.text)
    _scanf_really_infnan                     0x08003085   Thumb Code   292  scanf_infnan.o(.text)
    _fseek                                   0x080031b9   Thumb Code   242  fseek.o(.text)
    fseek                                    0x080031b9   Thumb Code     0  fseek.o(.text)
    _seterr                                  0x080032b1   Thumb Code    20  stdio.o(.text)
    _writebuf                                0x080032c5   Thumb Code   108  stdio.o(.text)
    _fflush                                  0x08003331   Thumb Code    70  stdio.o(.text)
    _deferredlazyseek                        0x08003377   Thumb Code    60  stdio.o(.text)
    __sig_exit                               0x080033b9   Thumb Code    10  defsig_exit.o(.text)
    __rt_SIGRTRED_inner                      0x080033c5   Thumb Code    14  defsig_rtred_inner.o(.text)
    _sys_exit                                0x080033f9   Thumb Code     8  sys_exit.o(.text)
    __Heap_Initialize                        0x08003405   Thumb Code     8  h1_init.o(.text)
    _maybe_terminate_alloc                   0x08003405   Thumb Code     0  maybetermalloc1.o(.text)
    __Heap_DescSize                          0x0800340d   Thumb Code     4  h1_init.o(.text)
    __Heap_ProvideMemory                     0x08003411   Thumb Code    52  h1_extend.o(.text)
    _ftell_internal                          0x08003445   Thumb Code    66  ftell.o(.text)
    ftell                                    0x08003445   Thumb Code     0  ftell.o(.text)
    __default_signal_display                 0x08003487   Thumb Code    50  defsig_general.o(.text)
    __rt_SIGRTMEM                            0x080034b9   Thumb Code    14  defsig_rtmem_outer.o(.text)
    _ttywrch                                 0x080034c7   Thumb Code    14  sys_wrch.o(.text)
    __I$use$semihosting                      0x080034d5   Thumb Code     0  use_no_semi.o(.text)
    __use_no_semihosting_swi                 0x080034d5   Thumb Code     2  use_no_semi.o(.text)
    __semihosting_library_function           0x080034d7   Thumb Code     0  indicate_semi.o(.text)
    __rt_SIGRTMEM_inner                      0x080034d9   Thumb Code    22  defsig_rtmem_inner.o(.text)
    DMA1_Channel7_IRQHandler                 0x08003529   Thumb Code    60  uart.o(.text.DMA1_Channel7_IRQHandler)
    GetMessage                               0x08003565   Thumb Code    78  messages.o(.text.GetMessage)
    GetTimer                                 0x080035b5   Thumb Code    26  timers.o(.text.GetTimer)
    I2C1_EV_IRQHandler                       0x080035d1   Thumb Code   348  i2cfram.o(.text.I2C1_EV_IRQHandler)
    ITM_SendChar                             0x0800372d   Thumb Code    66  retarget_io.o(.text.ITM_SendChar)
    InitKpd4                                 0x08003771   Thumb Code   126  keypad.o(.text.InitKpd4)
    InitMessages                             0x080037f1   Thumb Code    46  messages.o(.text.InitMessages)
    InitTM                                   0x08003821   Thumb Code   210  fsm_tm.o(.text.InitTM)
    InitTimers                               0x080038f5   Thumb Code    46  timers.o(.text.InitTimers)
    InitUartDMA                              0x08003925   Thumb Code   450  uart.o(.text.InitUartDMA)
    LL_GPIO_Init                             0x08003e01   Thumb Code   218  stm32f3xx_ll_gpio.o(.text.LL_GPIO_Init)
    LL_Init1msTick                           0x08004361   Thumb Code    20  stm32f3xx_ll_utils.o(.text.LL_Init1msTick)
    LL_RCC_GetUSARTClockFreq                 0x080043fd   Thumb Code   386  stm32f3xx_ll_rcc.o(.text.LL_RCC_GetUSARTClockFreq)
    LL_SetSystemCoreClock                    0x08004715   Thumb Code    20  stm32f3xx_ll_utils.o(.text.LL_SetSystemCoreClock)
    ProcTmStep                               0x08004951   Thumb Code   834  fsm_tm.o(.text.ProcTmStep)
    ProcessFsmMain                           0x08004c95   Thumb Code  1060  fsm_main.o(.text.ProcessFsmMain)
    ProcessFsmTm                             0x080050b9   Thumb Code    28  fsm_tm.o(.text.ProcessFsmTm)
    ProcessKey                               0x080050d5   Thumb Code   318  main.o(.text.ProcessKey)
    ProcessKeyKpd4                           0x08005215   Thumb Code   380  keypad.o(.text.ProcessKeyKpd4)
    ProcessMessages                          0x08005391   Thumb Code   106  messages.o(.text.ProcessMessages)
    ProcessOneTm                             0x080053fd   Thumb Code  1810  fsm_tm.o(.text.ProcessOneTm)
    ProcessTimers                            0x08005b11   Thumb Code    50  timers.o(.text.ProcessTimers)
    RCC_GetHCLKClockFreq                     0x08005b45   Thumb Code    38  stm32f3xx_ll_rcc.o(.text.RCC_GetHCLKClockFreq)
    RCC_GetPCLK1ClockFreq                    0x08005b6d   Thumb Code    36  stm32f3xx_ll_rcc.o(.text.RCC_GetPCLK1ClockFreq)
    RCC_GetPCLK2ClockFreq                    0x08005b91   Thumb Code    36  stm32f3xx_ll_rcc.o(.text.RCC_GetPCLK2ClockFreq)
    RCC_GetSystemClockFreq                   0x08005bb5   Thumb Code    86  stm32f3xx_ll_rcc.o(.text.RCC_GetSystemClockFreq)
    RCC_PLL_GetFreqDomain_SYS                0x08005c0d   Thumb Code   132  stm32f3xx_ll_rcc.o(.text.RCC_PLL_GetFreqDomain_SYS)
    ResetTimer                               0x08005c91   Thumb Code    28  timers.o(.text.ResetTimer)
    SendMessage                              0x08005cad   Thumb Code    36  messages.o(.text.SendMessage)
    SysTick_Handler                          0x08005cd1   Thumb Code     8  timers.o(.text.SysTick_Handler)
    SystemClock_Config                       0x08005cd9   Thumb Code   122  main.o(.text.SystemClock_Config)
    SystemCoreClockUpdate                    0x08005d55   Thumb Code   272  system_stm32f3xx.o(.text.SystemCoreClockUpdate)
    SystemInit                               0x08005e65   Thumb Code    18  system_stm32f3xx.o(.text.SystemInit)
    USART2_IRQHandler                        0x08005e79   Thumb Code   360  uart.o(.text.USART2_IRQHandler)
    _sys_close                               0x080060c9   Thumb Code    74  retarget_io.o(.text._sys_close)
    _sys_flen                                0x08006115   Thumb Code    72  retarget_io.o(.text._sys_flen)
    _sys_istty                               0x0800615d   Thumb Code    72  retarget_io.o(.text._sys_istty)
    _sys_open                                0x080061a5   Thumb Code   132  retarget_io.o(.text._sys_open)
    _sys_seek                                0x08006229   Thumb Code    82  retarget_io.o(.text._sys_seek)
    _sys_write                               0x0800627d   Thumb Code   118  retarget_io.o(.text._sys_write)
    i2cFRAM_rd                               0x080062f5   Thumb Code   212  i2cfram.o(.text.i2cFRAM_rd)
    i2cFRAM_wr                               0x080063c9   Thumb Code   248  i2cfram.o(.text.i2cFRAM_wr)
    init_I2C_FRAM                            0x080064c1   Thumb Code   194  i2cfram.o(.text.init_I2C_FRAM)
    main                                     0x08006585   Thumb Code   152  main.o(.text.main)
    normalize_symbol                         0x0800661d   Thumb Code    52  fsm_tm.o(.text.normalize_symbol)
    scankeypad                               0x08006651   Thumb Code   138  keypad.o(.text.scankeypad)
    uart_transmit                            0x080066ed   Thumb Code   110  uart.o(.text.uart_transmit)
    _btod_d2e                                0x0800675b   Thumb Code    62  btod.o(CL$$btod_d2e)
    _d2e_denorm_low                          0x08006799   Thumb Code    70  btod.o(CL$$btod_d2e_denorm_low)
    _d2e_norm_op1                            0x080067df   Thumb Code    96  btod.o(CL$$btod_d2e_norm_op1)
    __btod_div_common                        0x08006841   Thumb Code   696  btod.o(CL$$btod_div_common)
    _e2d                                     0x08006b79   Thumb Code   122  btod.o(CL$$btod_e2d)
    _e2e                                     0x08006bfd   Thumb Code   220  btod.o(CL$$btod_e2e)
    _btod_ediv                               0x08006cd9   Thumb Code    42  btod.o(CL$$btod_ediv)
    _btod_edivd                              0x08006d03   Thumb Code    42  btod.o(CL$$btod_edivd)
    _btod_emul                               0x08006d2d   Thumb Code    42  btod.o(CL$$btod_emul)
    _btod_emuld                              0x08006d57   Thumb Code    42  btod.o(CL$$btod_emuld)
    __btod_mult_common                       0x08006d81   Thumb Code   580  btod.o(CL$$btod_mult_common)
    __ARM_fpclassify                         0x08006fc5   Thumb Code    48  fpclassify.o(i.__ARM_fpclassify)
    __hardfp___mathlib_tofloat               0x08006ff9   Thumb Code   232  narrow.o(i.__hardfp___mathlib_tofloat)
    __hardfp_ldexp                           0x080070f1   Thumb Code   200  ldexp.o(i.__hardfp_ldexp)
    __mathlib_dbl_overflow                   0x080071c1   Thumb Code    24  dunder.o(i.__mathlib_dbl_overflow)
    __mathlib_dbl_underflow                  0x080071e1   Thumb Code    24  dunder.o(i.__mathlib_dbl_underflow)
    __mathlib_narrow                         0x08007201   Thumb Code    18  narrow.o(i.__mathlib_narrow)
    __support_ldexp                          0x08007213   Thumb Code    20  ldexp.o(i.__support_ldexp)
    _is_digit                                0x08007227   Thumb Code    14  __printf_wp.o(i._is_digit)
    fputc                                    0x08007235   Thumb Code    28  fputc.o(i.fputc)
    frexp                                    0x08007251   Thumb Code   118  frexp.o(i.frexp)
    _get_lc_numeric                          0x080072dd   Thumb Code    44  lc_numeric_c.o(locale$$code)
    _get_lc_ctype                            0x08007309   Thumb Code    44  lc_ctype_c.o(locale$$code)
    __aeabi_d2f                              0x08007335   Thumb Code     0  d2f.o(x$fpl$d2f)
    _d2f                                     0x08007335   Thumb Code    98  d2f.o(x$fpl$d2f)
    __fpl_dcheck_NaN1                        0x08007399   Thumb Code    10  dcheck1.o(x$fpl$dcheck1)
    __fpl_dcmp_Inf                           0x080073a9   Thumb Code    24  dcmpi.o(x$fpl$dcmpinf)
    __aeabi_cdcmpeq                          0x080073c1   Thumb Code     0  deqf.o(x$fpl$deqf)
    _dcmpeq                                  0x080073c1   Thumb Code   120  deqf.o(x$fpl$deqf)
    __aeabi_cdcmple                          0x08007439   Thumb Code     0  dleqf.o(x$fpl$dleqf)
    _dcmple                                  0x08007439   Thumb Code   120  dleqf.o(x$fpl$dleqf)
    __fpl_dcmple_InfNaN                      0x0800749b   Thumb Code     0  dleqf.o(x$fpl$dleqf)
    __aeabi_dmul                             0x080074b1   Thumb Code     0  dmul.o(x$fpl$dmul)
    _dmul                                    0x080074b1   Thumb Code   332  dmul.o(x$fpl$dmul)
    __fpl_dnaninf                            0x08007605   Thumb Code   156  dnaninf.o(x$fpl$dnaninf)
    __fpl_dretinf                            0x080076a1   Thumb Code    12  dretinf.o(x$fpl$dretinf)
    __aeabi_cdrcmple                         0x080076ad   Thumb Code     0  drleqf.o(x$fpl$drleqf)
    _drcmple                                 0x080076ad   Thumb Code   108  drleqf.o(x$fpl$drleqf)
    _fp_init                                 0x08007719   Thumb Code    26  fpinit.o(x$fpl$fpinit)
    __fplib_config_fpu_vfp                   0x08007731   Thumb Code     0  fpinit.o(x$fpl$fpinit)
    __fplib_config_pureend_doubles           0x08007731   Thumb Code     0  fpinit.o(x$fpl$fpinit)
    __fpl_fretinf                            0x08007733   Thumb Code    10  fretinf.o(x$fpl$fretinf)
    __ieee_status                            0x0800773d   Thumb Code     6  istatus.o(x$fpl$ieeestatus)
    _printf_fp_dec                           0x08007743   Thumb Code     4  printf1.o(x$fpl$printf1)
    _printf_fp_hex                           0x08007747   Thumb Code     4  printf2.o(x$fpl$printf2)
    __fpl_return_NaN                         0x0800774b   Thumb Code   100  retnan.o(x$fpl$retnan)
    __ARM_scalbn                             0x080077af   Thumb Code    92  scalbn.o(x$fpl$scalbn)
    _scanf_real                              0x0800780b   Thumb Code     4  scanf1.o(x$fpl$scanf1)
    _scanf_hex_real                          0x0800780f   Thumb Code     4  scanf2.o(x$fpl$scanf2)
    _scanf_infnan                            0x08007813   Thumb Code     4  scanf2.o(x$fpl$scanf2)
    __fpl_cmpreturn                          0x08007817   Thumb Code    48  trapv.o(x$fpl$trapveneer)
    __I$use$fp                               0x08007846   Number         0  usenofp.o(x$fpl$usenofp)
    AHBPrescTable                            0x08007944   Data          16  system_stm32f3xx.o(.rodata.AHBPrescTable)
    APBPrescTable                            0x08007954   Data           8  system_stm32f3xx.o(.rodata.APBPrescTable)
    __stderr_name                            0x08007963   Data           8  retarget_io.o(.rodata.__stderr_name)
    __stdin_name                             0x0800796b   Data           7  retarget_io.o(.rodata.__stdin_name)
    __stdout_name                            0x08007972   Data           8  retarget_io.o(.rodata.__stdout_name)
    Region$$Table$$Base                      0x08007c70   Number         0  anon$$obj.o(Region$$Table)
    Region$$Table$$Limit                     0x08007c90   Number         0  anon$$obj.o(Region$$Table)
    __aeabi_HUGE_VAL                         0x08007c90   Data           0  fpconst.o(c$$dinf)
    __aeabi_HUGE_VALL                        0x08007c90   Data           0  fpconst.o(c$$dinf)
    __aeabi_INFINITY                         0x08007c90   Data           0  fpconst.o(c$$dinf)
    __dInf                                   0x08007c90   Data           0  fpconst.o(c$$dinf)
    __huge_val                               0x08007c90   Data           0  fpconst.o(c$$dinf)
    __dbl_max                                0x08007c98   Data           0  fpconst.o(c$$dmax)
    __ctype                                  0x08007cc9   Data           0  lc_ctype_c.o(locale$$data)
    __aeabi_stdin                            0x20000000   Data           4  stdio_streams.o(.data)
    __aeabi_stdout                           0x20000004   Data           4  stdio_streams.o(.data)
    __aeabi_stderr                           0x20000008   Data           4  stdio_streams.o(.data)
    SystemCoreClock                          0x2000000c   Data           4  system_stm32f3xx.o(.data.SystemCoreClock)
    __stdin                                  0x20000010   Data          84  stdio_streams.o(.bss)
    __stdout                                 0x20000064   Data          84  stdio_streams.o(.bss)
    __stderr                                 0x200000b8   Data          84  stdio_streams.o(.bss)
    __libspace_start                         0x2000010c   Data          96  libspace.o(.bss)
    __temporary_stack_top$libspace           0x2000016c   Data           0  libspace.o(.bss)
    iic_st                                   0x200002ce   Data           1  i2cfram.o(.bss.iic_st)
    lenfsm                                   0x200002d0   Data           4  fsm_main.o(.bss.lenfsm)
    leni2c                                   0x200002d4   Data           1  i2cfram.o(.bss.leni2c)
    lenuart                                  0x200002d5   Data           1  uart.o(.bss.lenuart)



==============================================================================

Memory Map of the image

  Image Entry point : 0x08000189

  Load Region LR_IROM1 (Base: 0x08000000, Size: 0x00007de0, Max: 0x00040000, ABSOLUTE)

    Execution Region ER_IROM1 (Exec base: 0x08000000, Load base: 0x08000000, Size: 0x00007dcc, Max: 0x00040000, ABSOLUTE)

    Exec Addr    Load Addr    Size         Type   Attr      Idx    E Section Name        Object

    0x08000000   0x08000000   0x00000188   Data   RO          617    RESET               startup_stm32f303xc.o
    0x08000188   0x08000188   0x00000008   Code   RO          664  * !!!main             c_w.l(__main.o)
    0x08000190   0x08000190   0x0000005c   Code   RO         1302    !!!scatter          c_w.l(__scatter.o)
    0x080001ec   0x080001ec   0x0000001a   Code   RO         1306    !!handler_copy      c_w.l(__scatter_copy.o)
    0x08000206   0x08000206   0x00000002   PAD
    0x08000208   0x08000208   0x00000002   Code   RO         1303    !!handler_null      c_w.l(__scatter.o)
    0x0800020a   0x0800020a   0x00000002   PAD
    0x0800020c   0x0800020c   0x0000001c   Code   RO         1308    !!handler_zi        c_w.l(__scatter_zi.o)
    0x08000228   0x08000228   0x00000000   Code   RO          752    .ARM.Collect$$_printf_percent$$00000000  c_w.l(_printf_percent.o)
    0x08000228   0x08000228   0x00000006   Code   RO          741    .ARM.Collect$$_printf_percent$$00000001  c_w.l(_printf_n.o)
    0x0800022e   0x0800022e   0x00000006   Code   RO          743    .ARM.Collect$$_printf_percent$$00000002  c_w.l(_printf_p.o)
    0x08000234   0x08000234   0x00000006   Code   RO          748    .ARM.Collect$$_printf_percent$$00000003  c_w.l(_printf_f.o)
    0x0800023a   0x0800023a   0x00000006   Code   RO          749    .ARM.Collect$$_printf_percent$$00000004  c_w.l(_printf_e.o)
    0x08000240   0x08000240   0x00000006   Code   RO          750    .ARM.Collect$$_printf_percent$$00000005  c_w.l(_printf_g.o)
    0x08000246   0x08000246   0x00000006   Code   RO          751    .ARM.Collect$$_printf_percent$$00000006  c_w.l(_printf_a.o)
    0x0800024c   0x0800024c   0x0000000a   Code   RO          756    .ARM.Collect$$_printf_percent$$00000007  c_w.l(_printf_ll.o)
    0x08000256   0x08000256   0x00000006   Code   RO          745    .ARM.Collect$$_printf_percent$$00000008  c_w.l(_printf_i.o)
    0x0800025c   0x0800025c   0x00000006   Code   RO          746    .ARM.Collect$$_printf_percent$$00000009  c_w.l(_printf_d.o)
    0x08000262   0x08000262   0x00000006   Code   RO          747    .ARM.Collect$$_printf_percent$$0000000A  c_w.l(_printf_u.o)
    0x08000268   0x08000268   0x00000006   Code   RO          744    .ARM.Collect$$_printf_percent$$0000000B  c_w.l(_printf_o.o)
    0x0800026e   0x0800026e   0x00000006   Code   RO          742    .ARM.Collect$$_printf_percent$$0000000C  c_w.l(_printf_x.o)
    0x08000274   0x08000274   0x00000006   Code   RO          753    .ARM.Collect$$_printf_percent$$0000000D  c_w.l(_printf_lli.o)
    0x0800027a   0x0800027a   0x00000006   Code   RO          754    .ARM.Collect$$_printf_percent$$0000000E  c_w.l(_printf_lld.o)
    0x08000280   0x08000280   0x00000006   Code   RO          755    .ARM.Collect$$_printf_percent$$0000000F  c_w.l(_printf_llu.o)
    0x08000286   0x08000286   0x00000006   Code   RO          760    .ARM.Collect$$_printf_percent$$00000010  c_w.l(_printf_llo.o)
    0x0800028c   0x0800028c   0x00000006   Code   RO          761    .ARM.Collect$$_printf_percent$$00000011  c_w.l(_printf_llx.o)
    0x08000292   0x08000292   0x0000000a   Code   RO          757    .ARM.Collect$$_printf_percent$$00000012  c_w.l(_printf_l.o)
    0x0800029c   0x0800029c   0x00000006   Code   RO          739    .ARM.Collect$$_printf_percent$$00000013  c_w.l(_printf_c.o)
    0x080002a2   0x080002a2   0x00000006   Code   RO          740    .ARM.Collect$$_printf_percent$$00000014  c_w.l(_printf_s.o)
    0x080002a8   0x080002a8   0x00000006   Code   RO          758    .ARM.Collect$$_printf_percent$$00000015  c_w.l(_printf_lc.o)
    0x080002ae   0x080002ae   0x00000006   Code   RO          759    .ARM.Collect$$_printf_percent$$00000016  c_w.l(_printf_ls.o)
    0x080002b4   0x080002b4   0x00000004   Code   RO          832    .ARM.Collect$$_printf_percent$$00000017  c_w.l(_printf_percent_end.o)
    0x080002b8   0x080002b8   0x00000002   Code   RO          994    .ARM.Collect$$libinit$$00000000  c_w.l(libinit.o)
    0x080002ba   0x080002ba   0x00000004   Code   RO          995    .ARM.Collect$$libinit$$00000001  c_w.l(libinit2.o)
    0x080002be   0x080002be   0x00000000   Code   RO          998    .ARM.Collect$$libinit$$00000004  c_w.l(libinit2.o)
    0x080002be   0x080002be   0x00000000   Code   RO         1000    .ARM.Collect$$libinit$$00000006  c_w.l(libinit2.o)
    0x080002be   0x080002be   0x00000008   Code   RO         1001    .ARM.Collect$$libinit$$00000007  c_w.l(libinit2.o)
    0x080002c6   0x080002c6   0x00000000   Code   RO         1003    .ARM.Collect$$libinit$$0000000C  c_w.l(libinit2.o)
    0x080002c6   0x080002c6   0x00000000   Code   RO         1005    .ARM.Collect$$libinit$$0000000E  c_w.l(libinit2.o)
    0x080002c6   0x080002c6   0x00000000   Code   RO         1007    .ARM.Collect$$libinit$$00000010  c_w.l(libinit2.o)
    0x080002c6   0x080002c6   0x00000006   Code   RO         1008    .ARM.Collect$$libinit$$00000011  c_w.l(libinit2.o)
    0x080002cc   0x080002cc   0x00000000   Code   RO         1010    .ARM.Collect$$libinit$$00000013  c_w.l(libinit2.o)
    0x080002cc   0x080002cc   0x0000000c   Code   RO         1011    .ARM.Collect$$libinit$$00000014  c_w.l(libinit2.o)
    0x080002d8   0x080002d8   0x00000000   Code   RO         1012    .ARM.Collect$$libinit$$00000015  c_w.l(libinit2.o)
    0x080002d8   0x080002d8   0x00000000   Code   RO         1014    .ARM.Collect$$libinit$$00000017  c_w.l(libinit2.o)
    0x080002d8   0x080002d8   0x0000000a   Code   RO         1015    .ARM.Collect$$libinit$$00000018  c_w.l(libinit2.o)
    0x080002e2   0x080002e2   0x00000000   Code   RO         1016    .ARM.Collect$$libinit$$00000019  c_w.l(libinit2.o)
    0x080002e2   0x080002e2   0x00000000   Code   RO         1018    .ARM.Collect$$libinit$$0000001B  c_w.l(libinit2.o)
    0x080002e2   0x080002e2   0x00000000   Code   RO         1020    .ARM.Collect$$libinit$$0000001D  c_w.l(libinit2.o)
    0x080002e2   0x080002e2   0x00000000   Code   RO         1022    .ARM.Collect$$libinit$$0000001F  c_w.l(libinit2.o)
    0x080002e2   0x080002e2   0x00000000   Code   RO         1024    .ARM.Collect$$libinit$$00000021  c_w.l(libinit2.o)
    0x080002e2   0x080002e2   0x00000000   Code   RO         1026    .ARM.Collect$$libinit$$00000023  c_w.l(libinit2.o)
    0x080002e2   0x080002e2   0x00000000   Code   RO         1028    .ARM.Collect$$libinit$$00000025  c_w.l(libinit2.o)
    0x080002e2   0x080002e2   0x00000004   Code   RO         1029    .ARM.Collect$$libinit$$00000026  c_w.l(libinit2.o)
    0x080002e6   0x080002e6   0x00000000   Code   RO         1030    .ARM.Collect$$libinit$$00000027  c_w.l(libinit2.o)
    0x080002e6   0x080002e6   0x00000000   Code   RO         1034    .ARM.Collect$$libinit$$0000002E  c_w.l(libinit2.o)
    0x080002e6   0x080002e6   0x00000000   Code   RO         1036    .ARM.Collect$$libinit$$00000030  c_w.l(libinit2.o)
    0x080002e6   0x080002e6   0x00000000   Code   RO         1038    .ARM.Collect$$libinit$$00000032  c_w.l(libinit2.o)
    0x080002e6   0x080002e6   0x00000000   Code   RO         1040    .ARM.Collect$$libinit$$00000034  c_w.l(libinit2.o)
    0x080002e6   0x080002e6   0x00000002   Code   RO         1041    .ARM.Collect$$libinit$$00000035  c_w.l(libinit2.o)
    0x080002e8   0x080002e8   0x00000002   Code   RO         1247    .ARM.Collect$$libshutdown$$00000000  c_w.l(libshutdown.o)
    0x080002ea   0x080002ea   0x00000000   Code   RO         1043    .ARM.Collect$$libshutdown$$00000002  c_w.l(libshutdown2.o)
    0x080002ea   0x080002ea   0x00000004   Code   RO         1044    .ARM.Collect$$libshutdown$$00000003  c_w.l(libshutdown2.o)
    0x080002ee   0x080002ee   0x00000000   Code   RO         1045    .ARM.Collect$$libshutdown$$00000004  c_w.l(libshutdown2.o)
    0x080002ee   0x080002ee   0x00000000   Code   RO         1048    .ARM.Collect$$libshutdown$$00000007  c_w.l(libshutdown2.o)
    0x080002ee   0x080002ee   0x00000000   Code   RO         1051    .ARM.Collect$$libshutdown$$0000000A  c_w.l(libshutdown2.o)
    0x080002ee   0x080002ee   0x00000000   Code   RO         1053    .ARM.Collect$$libshutdown$$0000000C  c_w.l(libshutdown2.o)
    0x080002ee   0x080002ee   0x00000000   Code   RO         1056    .ARM.Collect$$libshutdown$$0000000F  c_w.l(libshutdown2.o)
    0x080002ee   0x080002ee   0x00000002   Code   RO         1057    .ARM.Collect$$libshutdown$$00000010  c_w.l(libshutdown2.o)
    0x080002f0   0x080002f0   0x00000000   Code   RO          666    .ARM.Collect$$rtentry$$00000000  c_w.l(__rtentry.o)
    0x080002f0   0x080002f0   0x00000000   Code   RO          799    .ARM.Collect$$rtentry$$00000002  c_w.l(__rtentry2.o)
    0x080002f0   0x080002f0   0x00000006   Code   RO          811    .ARM.Collect$$rtentry$$00000004  c_w.l(__rtentry4.o)
    0x080002f6   0x080002f6   0x00000000   Code   RO          801    .ARM.Collect$$rtentry$$00000009  c_w.l(__rtentry2.o)
    0x080002f6   0x080002f6   0x00000004   Code   RO          802    .ARM.Collect$$rtentry$$0000000A  c_w.l(__rtentry2.o)
    0x080002fa   0x080002fa   0x00000000   Code   RO          804    .ARM.Collect$$rtentry$$0000000C  c_w.l(__rtentry2.o)
    0x080002fa   0x080002fa   0x00000008   Code   RO          805    .ARM.Collect$$rtentry$$0000000D  c_w.l(__rtentry2.o)
    0x08000302   0x08000302   0x00000002   Code   RO         1086    .ARM.Collect$$rtexit$$00000000  c_w.l(rtexit.o)
    0x08000304   0x08000304   0x00000000   Code   RO         1163    .ARM.Collect$$rtexit$$00000002  c_w.l(rtexit2.o)
    0x08000304   0x08000304   0x00000004   Code   RO         1164    .ARM.Collect$$rtexit$$00000003  c_w.l(rtexit2.o)
    0x08000308   0x08000308   0x00000006   Code   RO         1165    .ARM.Collect$$rtexit$$00000004  c_w.l(rtexit2.o)
    0x0800030e   0x0800030e   0x00000002   PAD
    0x08000310   0x08000310   0x00000040   Code   RO          618    .text               startup_stm32f303xc.o
    0x08000350   0x08000350   0x00000018   Code   RO          640    .text               c_w.l(printf.o)
    0x08000368   0x08000368   0x0000002c   Code   RO          642    .text               c_w.l(sprintf.o)
    0x08000394   0x08000394   0x00000040   Code   RO          644    .text               c_w.l(snprintf.o)
    0x080003d4   0x080003d4   0x0000003c   Code   RO          646    .text               c_w.l(sscanf.o)
    0x08000410   0x08000410   0x00000014   Code   RO          648    .text               c_w.l(strchr.o)
    0x08000424   0x08000424   0x00000048   Code   RO          650    .text               c_w.l(strcpy.o)
    0x0800046c   0x0800046c   0x0000003e   Code   RO          652    .text               c_w.l(strlen.o)
    0x080004aa   0x080004aa   0x0000008a   Code   RO          654    .text               c_w.l(rt_memcpy_v6.o)
    0x08000534   0x08000534   0x00000044   Code   RO          656    .text               c_w.l(rt_memclr.o)
    0x08000578   0x08000578   0x00000056   Code   RO          658    .text               c_w.l(strncpy.o)
    0x080005ce   0x080005ce   0x00000002   PAD
    0x080005d0   0x080005d0   0x0000007c   Code   RO          660    .text               c_w.l(strcmpv7em.o)
    0x0800064c   0x0800064c   0x00000006   Code   RO          662    .text               c_w.l(heapauxi.o)
    0x08000652   0x08000652   0x0000004e   Code   RO          669    .text               c_w.l(_printf_pad.o)
    0x080006a0   0x080006a0   0x00000024   Code   RO          671    .text               c_w.l(_printf_truncate.o)
    0x080006c4   0x080006c4   0x00000052   Code   RO          673    .text               c_w.l(_printf_str.o)
    0x08000716   0x08000716   0x00000002   PAD
    0x08000718   0x08000718   0x00000078   Code   RO          675    .text               c_w.l(_printf_dec.o)
    0x08000790   0x08000790   0x00000028   Code   RO          677    .text               c_w.l(_printf_charcount.o)
    0x080007b8   0x080007b8   0x00000030   Code   RO          679    .text               c_w.l(_printf_char_common.o)
    0x080007e8   0x080007e8   0x0000000a   Code   RO          681    .text               c_w.l(_sputc.o)
    0x080007f2   0x080007f2   0x00000010   Code   RO          683    .text               c_w.l(_snputc.o)
    0x08000802   0x08000802   0x00000002   PAD
    0x08000804   0x08000804   0x00000024   Code   RO          685    .text               c_w.l(_printf_char_file.o)
    0x08000828   0x08000828   0x000000bc   Code   RO          687    .text               c_w.l(_printf_wctomb.o)
    0x080008e4   0x080008e4   0x0000007c   Code   RO          690    .text               c_w.l(_printf_longlong_dec.o)
    0x08000960   0x08000960   0x00000070   Code   RO          696    .text               c_w.l(_printf_oct_int_ll.o)
    0x080009d0   0x080009d0   0x00000094   Code   RO          716    .text               c_w.l(_printf_hex_int_ll_ptr.o)
    0x08000a64   0x08000a64   0x00000188   Code   RO          736    .text               c_w.l(__printf_flags_ss_wp.o)
    0x08000bec   0x08000bec   0x00000156   Code   RO          762    .text               c_w.l(_scanf_longlong.o)
    0x08000d42   0x08000d42   0x0000014c   Code   RO          764    .text               c_w.l(_scanf_int.o)
    0x08000e8e   0x08000e8e   0x000000e0   Code   RO          766    .text               c_w.l(_scanf_str.o)
    0x08000f6e   0x08000f6e   0x00000002   PAD
    0x08000f70   0x08000f70   0x0000002c   Code   RO          768    .text               c_w.l(scanf_char.o)
    0x08000f9c   0x08000f9c   0x00000040   Code   RO          770    .text               c_w.l(_sgetc.o)
    0x08000fdc   0x08000fdc   0x00000114   Code   RO          772    .text               c_w.l(_scanf_mbtowc.o)
    0x080010f0   0x080010f0   0x000000e8   Code   RO          774    .text               c_w.l(_scanf_wctomb.o)
    0x080011d8   0x080011d8   0x000000d0   Code   RO          776    .text               c_w.l(_scanf_wstr.o)
    0x080012a8   0x080012a8   0x00000064   Code   RO          784    .text               c_w.l(rt_memcpy_w.o)
    0x0800130c   0x0800130c   0x0000004e   Code   RO          786    .text               c_w.l(rt_memclr_w.o)
    0x0800135a   0x0800135a   0x0000008a   Code   RO          813    .text               c_w.l(lludiv10.o)
    0x080013e4   0x080013e4   0x00000012   Code   RO          815    .text               c_w.l(isspace.o)
    0x080013f6   0x080013f6   0x000000b2   Code   RO          817    .text               c_w.l(_printf_intcommon.o)
    0x080014a8   0x080014a8   0x0000041c   Code   RO          819    .text               c_w.l(_printf_fp_dec.o)
    0x080018c4   0x080018c4   0x000002fc   Code   RO          823    .text               c_w.l(_printf_fp_hex.o)
    0x08001bc0   0x08001bc0   0x0000002c   Code   RO          828    .text               c_w.l(_printf_char.o)
    0x08001bec   0x08001bec   0x0000002c   Code   RO          830    .text               c_w.l(_printf_wchar.o)
    0x08001c18   0x08001c18   0x0000001c   Code   RO          833    .text               c_w.l(_chval.o)
    0x08001c34   0x08001c34   0x00000374   Code   RO          835    .text               c_w.l(_scanf.o)
    0x08001fa8   0x08001fa8   0x000004f8   Code   RO          837    .text               c_w.l(scanf_fp.o)
    0x080024a0   0x080024a0   0x0000001e   Code   RO          841    .text               c_w.l(_scanf_wcharmap.o)
    0x080024be   0x080024be   0x00000008   Code   RO          843    .text               c_w.l(ferror.o)
    0x080024c6   0x080024c6   0x00000002   PAD
    0x080024c8   0x080024c8   0x00000138   Code   RO          849    .text               c_w.l(initio.o)
    0x08002600   0x08002600   0x00000040   Code   RO          857    .text               c_w.l(_mbrtoc16.o)
    0x08002640   0x08002640   0x00000048   Code   RO          859    .text               c_w.l(_c16rtomb.o)
    0x08002688   0x08002688   0x0000004a   Code   RO          863    .text               c_w.l(sys_stackheap_outer.o)
    0x080026d2   0x080026d2   0x00000002   PAD
    0x080026d4   0x080026d4   0x00000010   Code   RO          865    .text               c_w.l(rt_ctype_table.o)
    0x080026e4   0x080026e4   0x00000008   Code   RO          870    .text               c_w.l(rt_locale_intlibspace.o)
    0x080026ec   0x080026ec   0x00000008   Code   RO          875    .text               c_w.l(rt_errno_addr_intlibspace.o)
    0x080026f4   0x080026f4   0x0000004e   Code   RO          879    .text               c_w.l(h1_free.o)
    0x08002742   0x08002742   0x00000026   Code   RO          933    .text               c_w.l(llshl.o)
    0x08002768   0x08002768   0x00000080   Code   RO          935    .text               c_w.l(_printf_fp_infnan.o)
    0x080027e8   0x080027e8   0x000000e4   Code   RO          937    .text               c_w.l(bigflt0.o)
    0x080028cc   0x080028cc   0x000001e2   Code   RO          967    .text               c_w.l(flsbuf.o)
    0x08002aae   0x08002aae   0x00000046   Code   RO          969    .text               c_w.l(setvbuf.o)
    0x08002af4   0x08002af4   0x000000f0   Code   RO          972    .text               c_w.l(fopen.o)
    0x08002be4   0x08002be4   0x0000004c   Code   RO          974    .text               c_w.l(fclose.o)
    0x08002c30   0x08002c30   0x00000012   Code   RO          983    .text               c_w.l(exit.o)
    0x08002c42   0x08002c42   0x0000000e   Code   RO          985    .text               c_w.l(defsig_rtred_outer.o)
    0x08002c50   0x08002c50   0x00000008   Code   RO         1083    .text               c_w.l(libspace.o)
    0x08002c58   0x08002c58   0x00000008   Code   RO         1093    .text               c_w.l(rt_heap_descriptor_intlibspace.o)
    0x08002c60   0x08002c60   0x00000004   Code   RO         1095    .text               c_w.l(hguard.o)
    0x08002c64   0x08002c64   0x0000008a   Code   RO         1097    .text               c_w.l(init_alloc.o)
    0x08002cee   0x08002cee   0x0000005e   Code   RO         1103    .text               c_w.l(h1_alloc.o)
    0x08002d4c   0x08002d4c   0x00000016   Code   RO         1115    .text               c_w.l(_rserrno.o)
    0x08002d62   0x08002d62   0x00000002   PAD
    0x08002d64   0x08002d64   0x00000320   Code   RO         1119    .text               c_w.l(scanf_hexfp.o)
    0x08003084   0x08003084   0x00000134   Code   RO         1121    .text               c_w.l(scanf_infnan.o)
    0x080031b8   0x080031b8   0x000000f8   Code   RO         1125    .text               c_w.l(fseek.o)
    0x080032b0   0x080032b0   0x00000108   Code   RO         1127    .text               c_w.l(stdio.o)
    0x080033b8   0x080033b8   0x0000000a   Code   RO         1136    .text               c_w.l(defsig_exit.o)
    0x080033c2   0x080033c2   0x00000002   PAD
    0x080033c4   0x080033c4   0x00000034   Code   RO         1138    .text               c_w.l(defsig_rtred_inner.o)
    0x080033f8   0x080033f8   0x0000000c   Code   RO         1158    .text               c_w.l(sys_exit.o)
    0x08003404   0x08003404   0x00000000   Code   RO         1169    .text               c_w.l(maybetermalloc1.o)
    0x08003404   0x08003404   0x0000000c   Code   RO         1171    .text               c_w.l(h1_init.o)
    0x08003410   0x08003410   0x00000034   Code   RO         1173    .text               c_w.l(h1_extend.o)
    0x08003444   0x08003444   0x00000042   Code   RO         1185    .text               c_w.l(ftell.o)
    0x08003486   0x08003486   0x00000032   Code   RO         1193    .text               c_w.l(defsig_general.o)
    0x080034b8   0x080034b8   0x0000000e   Code   RO         1195    .text               c_w.l(defsig_rtmem_outer.o)
    0x080034c6   0x080034c6   0x0000000e   Code   RO         1226    .text               c_w.l(sys_wrch.o)
    0x080034d4   0x080034d4   0x00000002   Code   RO         1234    .text               c_w.l(use_no_semi.o)
    0x080034d6   0x080034d6   0x00000000   Code   RO         1236    .text               c_w.l(indicate_semi.o)
    0x080034d6   0x080034d6   0x00000002   PAD
    0x080034d8   0x080034d8   0x00000050   Code   RO         1241    .text               c_w.l(defsig_rtmem_inner.o)
    0x08003528   0x08003528   0x0000003c   Code   RO          274    .text.DMA1_Channel7_IRQHandler  uart.o
    0x08003564   0x08003564   0x0000004e   Code   RO          174    .text.GetMessage    messages.o
    0x080035b2   0x080035b2   0x00000002   PAD
    0x080035b4   0x080035b4   0x0000001a   Code   RO          188    .text.GetTimer      timers.o
    0x080035ce   0x080035ce   0x00000002   PAD
    0x080035d0   0x080035d0   0x0000015c   Code   RO           68    .text.I2C1_EV_IRQHandler  i2cfram.o
    0x0800372c   0x0800372c   0x00000042   Code   RO          296    .text.ITM_SendChar  retarget_io.o
    0x0800376e   0x0800376e   0x00000002   PAD
    0x08003770   0x08003770   0x0000007e   Code   RO          106    .text.InitKpd4      keypad.o
    0x080037ee   0x080037ee   0x00000002   PAD
    0x080037f0   0x080037f0   0x0000002e   Code   RO          168    .text.InitMessages  messages.o
    0x0800381e   0x0800381e   0x00000002   PAD
    0x08003820   0x08003820   0x000000d2   Code   RO           23    .text.InitTM        fsm_tm.o
    0x080038f2   0x080038f2   0x00000002   PAD
    0x080038f4   0x080038f4   0x0000002e   Code   RO          186    .text.InitTimers    timers.o
    0x08003922   0x08003922   0x00000002   PAD
    0x08003924   0x08003924   0x000001c2   Code   RO          210    .text.InitUartDMA   uart.o
    0x08003ae6   0x08003ae6   0x00000002   PAD
    0x08003ae8   0x08003ae8   0x00000022   Code   RO           38    .text.LL_AHB1_GRP1_EnableClock  i2cfram.o
    0x08003b0a   0x08003b0a   0x00000002   PAD
    0x08003b0c   0x08003b0c   0x00000022   Code   RO          108    .text.LL_AHB1_GRP1_EnableClock  keypad.o
    0x08003b2e   0x08003b2e   0x00000002   PAD
    0x08003b30   0x08003b30   0x00000022   Code   RO          124    .text.LL_AHB1_GRP1_EnableClock  main.o
    0x08003b52   0x08003b52   0x00000002   PAD
    0x08003b54   0x08003b54   0x00000022   Code   RO          212    .text.LL_AHB1_GRP1_EnableClock  uart.o
    0x08003b76   0x08003b76   0x00000002   PAD
    0x08003b78   0x08003b78   0x00000022   Code   RO           40    .text.LL_APB1_GRP1_EnableClock  i2cfram.o
    0x08003b9a   0x08003b9a   0x00000002   PAD
    0x08003b9c   0x08003b9c   0x00000022   Code   RO          214    .text.LL_APB1_GRP1_EnableClock  uart.o
    0x08003bbe   0x08003bbe   0x00000002   PAD
    0x08003bc0   0x08003bc0   0x00000010   Code   RO          280    .text.LL_DMA_ClearFlag_GI7  uart.o
    0x08003bd0   0x08003bd0   0x0000006e   Code   RO          226    .text.LL_DMA_ConfigAddresses  uart.o
    0x08003c3e   0x08003c3e   0x00000002   PAD
    0x08003c40   0x08003c40   0x00000036   Code   RO          224    .text.LL_DMA_ConfigTransfer  uart.o
    0x08003c76   0x08003c76   0x00000002   PAD
    0x08003c78   0x08003c78   0x00000024   Code   RO          282    .text.LL_DMA_DisableChannel  uart.o
    0x08003c9c   0x08003c9c   0x00000024   Code   RO          208    .text.LL_DMA_EnableChannel  uart.o
    0x08003cc0   0x08003cc0   0x00000024   Code   RO          232    .text.LL_DMA_EnableIT_TC  uart.o
    0x08003ce4   0x08003ce4   0x00000024   Code   RO          234    .text.LL_DMA_EnableIT_TE  uart.o
    0x08003d08   0x08003d08   0x00000022   Code   RO          266    .text.LL_DMA_GetDataLength  uart.o
    0x08003d2a   0x08003d2a   0x00000002   PAD
    0x08003d2c   0x08003d2c   0x00000024   Code   RO          230    .text.LL_DMA_GetDataTransferDirection  uart.o
    0x08003d50   0x08003d50   0x00000010   Code   RO          278    .text.LL_DMA_IsActiveFlag_TC7  uart.o
    0x08003d60   0x08003d60   0x00000022   Code   RO          204    .text.LL_DMA_IsEnabledChannel  uart.o
    0x08003d82   0x08003d82   0x00000002   PAD
    0x08003d84   0x08003d84   0x00000022   Code   RO          276    .text.LL_DMA_IsEnabledIT_TC  uart.o
    0x08003da6   0x08003da6   0x00000002   PAD
    0x08003da8   0x08003da8   0x0000003a   Code   RO          206    .text.LL_DMA_SetDataLength  uart.o
    0x08003de2   0x08003de2   0x00000002   PAD
    0x08003de4   0x08003de4   0x0000001c   Code   RO          134    .text.LL_FLASH_SetLatency  main.o
    0x08003e00   0x08003e00   0x000000da   Code   RO          370    .text.LL_GPIO_Init  stm32f3xx_ll_gpio.o
    0x08003eda   0x08003eda   0x00000002   PAD
    0x08003edc   0x08003edc   0x0000000c   Code   RO          102    .text.LL_GPIO_ReadInputPort  keypad.o
    0x08003ee8   0x08003ee8   0x00000010   Code   RO          100    .text.LL_GPIO_ResetOutputPin  keypad.o
    0x08003ef8   0x08003ef8   0x00000048   Code   RO          218    .text.LL_GPIO_SetAFPin_0_7  uart.o
    0x08003f40   0x08003f40   0x00000048   Code   RO          378    .text.LL_GPIO_SetAFPin_0_7  stm32f3xx_ll_gpio.o
    0x08003f88   0x08003f88   0x0000004c   Code   RO          380    .text.LL_GPIO_SetAFPin_8_15  stm32f3xx_ll_gpio.o
    0x08003fd4   0x08003fd4   0x00000010   Code   RO          104    .text.LL_GPIO_SetOutputPin  keypad.o
    0x08003fe4   0x08003fe4   0x00000048   Code   RO          126    .text.LL_GPIO_SetPinMode  main.o
    0x0800402c   0x0800402c   0x00000048   Code   RO          216    .text.LL_GPIO_SetPinMode  uart.o
    0x08004074   0x08004074   0x00000048   Code   RO          382    .text.LL_GPIO_SetPinMode  stm32f3xx_ll_gpio.o
    0x080040bc   0x080040bc   0x0000001e   Code   RO          374    .text.LL_GPIO_SetPinOutputType  stm32f3xx_ll_gpio.o
    0x080040da   0x080040da   0x00000002   PAD
    0x080040dc   0x080040dc   0x00000048   Code   RO          222    .text.LL_GPIO_SetPinPull  uart.o
    0x08004124   0x08004124   0x00000048   Code   RO          376    .text.LL_GPIO_SetPinPull  stm32f3xx_ll_gpio.o
    0x0800416c   0x0800416c   0x00000048   Code   RO          220    .text.LL_GPIO_SetPinSpeed  uart.o
    0x080041b4   0x080041b4   0x00000048   Code   RO          372    .text.LL_GPIO_SetPinSpeed  stm32f3xx_ll_gpio.o
    0x080041fc   0x080041fc   0x00000022   Code   RO          130    .text.LL_GPIO_TogglePin  main.o
    0x0800421e   0x0800421e   0x00000002   PAD
    0x08004220   0x08004220   0x00000012   Code   RO           82    .text.LL_I2C_ClearFlag_STOP  i2cfram.o
    0x08004232   0x08004232   0x00000002   PAD
    0x08004234   0x08004234   0x00000012   Code   RO           50    .text.LL_I2C_Enable  i2cfram.o
    0x08004246   0x08004246   0x00000002   PAD
    0x08004248   0x08004248   0x00000012   Code   RO           52    .text.LL_I2C_EnableIT_RX  i2cfram.o
    0x0800425a   0x0800425a   0x00000002   PAD
    0x0800425c   0x0800425c   0x00000012   Code   RO           58    .text.LL_I2C_EnableIT_STOP  i2cfram.o
    0x0800426e   0x0800426e   0x00000002   PAD
    0x08004270   0x08004270   0x00000012   Code   RO           56    .text.LL_I2C_EnableIT_TC  i2cfram.o
    0x08004282   0x08004282   0x00000002   PAD
    0x08004284   0x08004284   0x00000012   Code   RO           54    .text.LL_I2C_EnableIT_TX  i2cfram.o
    0x08004296   0x08004296   0x00000002   PAD
    0x08004298   0x08004298   0x00000042   Code   RO           64    .text.LL_I2C_HandleTransfer  i2cfram.o
    0x080042da   0x080042da   0x00000002   PAD
    0x080042dc   0x080042dc   0x00000010   Code   RO           62    .text.LL_I2C_IsActiveFlag_BUSY  i2cfram.o
    0x080042ec   0x080042ec   0x00000010   Code   RO           74    .text.LL_I2C_IsActiveFlag_RXNE  i2cfram.o
    0x080042fc   0x080042fc   0x00000010   Code   RO           80    .text.LL_I2C_IsActiveFlag_STOP  i2cfram.o
    0x0800430c   0x0800430c   0x00000010   Code   RO           78    .text.LL_I2C_IsActiveFlag_TC  i2cfram.o
    0x0800431c   0x0800431c   0x00000010   Code   RO           70    .text.LL_I2C_IsActiveFlag_TXIS  i2cfram.o
    0x0800432c   0x0800432c   0x0000000e   Code   RO           76    .text.LL_I2C_ReceiveData8  i2cfram.o
    0x0800433a   0x0800433a   0x00000002   PAD
    0x0800433c   0x0800433c   0x00000010   Code   RO           48    .text.LL_I2C_SetTiming  i2cfram.o
    0x0800434c   0x0800434c   0x00000014   Code   RO           72    .text.LL_I2C_TransmitData8  i2cfram.o
    0x08004360   0x08004360   0x00000014   Code   RO          554    .text.LL_Init1msTick  stm32f3xx_ll_utils.o
    0x08004374   0x08004374   0x00000036   Code   RO          556    .text.LL_InitTick   stm32f3xx_ll_utils.o
    0x080043aa   0x080043aa   0x00000002   PAD
    0x080043ac   0x080043ac   0x00000010   Code   RO          499    .text.LL_RCC_GetAHBPrescaler  stm32f3xx_ll_rcc.o
    0x080043bc   0x080043bc   0x00000010   Code   RO          501    .text.LL_RCC_GetAPB1Prescaler  stm32f3xx_ll_rcc.o
    0x080043cc   0x080043cc   0x00000010   Code   RO          503    .text.LL_RCC_GetAPB2Prescaler  stm32f3xx_ll_rcc.o
    0x080043dc   0x080043dc   0x00000010   Code   RO          150    .text.LL_RCC_GetSysClkSource  main.o
    0x080043ec   0x080043ec   0x00000010   Code   RO          449    .text.LL_RCC_GetSysClkSource  stm32f3xx_ll_rcc.o
    0x080043fc   0x080043fc   0x00000182   Code   RO          467    .text.LL_RCC_GetUSARTClockFreq  stm32f3xx_ll_rcc.o
    0x0800457e   0x0800457e   0x00000002   PAD
    0x08004580   0x08004580   0x0000001e   Code   RO          469    .text.LL_RCC_GetUSARTClockSource  stm32f3xx_ll_rcc.o
    0x0800459e   0x0800459e   0x00000002   PAD
    0x080045a0   0x080045a0   0x00000012   Code   RO          136    .text.LL_RCC_HSE_Enable  main.o
    0x080045b2   0x080045b2   0x00000002   PAD
    0x080045b4   0x080045b4   0x00000010   Code   RO          138    .text.LL_RCC_HSE_IsReady  main.o
    0x080045c4   0x080045c4   0x00000010   Code   RO          445    .text.LL_RCC_HSI_IsReady  stm32f3xx_ll_rcc.o
    0x080045d4   0x080045d4   0x00000010   Code   RO          471    .text.LL_RCC_LSE_IsReady  stm32f3xx_ll_rcc.o
    0x080045e4   0x080045e4   0x00000038   Code   RO          140    .text.LL_RCC_PLL_ConfigDomain_SYS  main.o
    0x0800461c   0x0800461c   0x00000012   Code   RO          142    .text.LL_RCC_PLL_Enable  main.o
    0x0800462e   0x0800462e   0x00000002   PAD
    0x08004630   0x08004630   0x00000010   Code   RO          505    .text.LL_RCC_PLL_GetMainSource  stm32f3xx_ll_rcc.o
    0x08004640   0x08004640   0x00000010   Code   RO          509    .text.LL_RCC_PLL_GetMultiplicator  stm32f3xx_ll_rcc.o
    0x08004650   0x08004650   0x00000010   Code   RO          507    .text.LL_RCC_PLL_GetPrediv  stm32f3xx_ll_rcc.o
    0x08004660   0x08004660   0x00000010   Code   RO          144    .text.LL_RCC_PLL_IsReady  main.o
    0x08004670   0x08004670   0x0000001c   Code   RO          146    .text.LL_RCC_SetAHBPrescaler  main.o
    0x0800468c   0x0800468c   0x0000001c   Code   RO          152    .text.LL_RCC_SetAPB1Prescaler  main.o
    0x080046a8   0x080046a8   0x0000001c   Code   RO          154    .text.LL_RCC_SetAPB2Prescaler  main.o
    0x080046c4   0x080046c4   0x00000020   Code   RO           42    .text.LL_RCC_SetI2CClockSource  i2cfram.o
    0x080046e4   0x080046e4   0x0000001c   Code   RO          148    .text.LL_RCC_SetSysClkSource  main.o
    0x08004700   0x08004700   0x00000012   Code   RO          128    .text.LL_SYSTICK_EnableIT  main.o
    0x08004712   0x08004712   0x00000002   PAD
    0x08004714   0x08004714   0x00000014   Code   RO          560    .text.LL_SetSystemCoreClock  stm32f3xx_ll_utils.o
    0x08004728   0x08004728   0x0000000e   Code   RO          268    .text.LL_USART_ClearFlag_FE  uart.o
    0x08004736   0x08004736   0x00000002   PAD
    0x08004738   0x08004738   0x0000000e   Code   RO          264    .text.LL_USART_ClearFlag_IDLE  uart.o
    0x08004746   0x08004746   0x00000002   PAD
    0x08004748   0x08004748   0x0000000e   Code   RO          272    .text.LL_USART_ClearFlag_ORE  uart.o
    0x08004756   0x08004756   0x00000002   PAD
    0x08004758   0x08004758   0x0000000e   Code   RO          270    .text.LL_USART_ClearFlag_PE  uart.o
    0x08004766   0x08004766   0x00000002   PAD
    0x08004768   0x08004768   0x00000032   Code   RO          238    .text.LL_USART_ConfigCharacter  uart.o
    0x0800479a   0x0800479a   0x00000002   PAD
    0x0800479c   0x0800479c   0x00000022   Code   RO          228    .text.LL_USART_DMA_GetRegAddr  uart.o
    0x080047be   0x080047be   0x00000002   PAD
    0x080047c0   0x080047c0   0x00000012   Code   RO          256    .text.LL_USART_Enable  uart.o
    0x080047d2   0x080047d2   0x00000002   PAD
    0x080047d4   0x080047d4   0x0000002a   Code   RO          252    .text.LL_USART_EnableDMAReq_RX  uart.o
    0x080047fe   0x080047fe   0x00000002   PAD
    0x08004800   0x08004800   0x0000002a   Code   RO          254    .text.LL_USART_EnableDMAReq_TX  uart.o
    0x0800482a   0x0800482a   0x00000002   PAD
    0x0800482c   0x0800482c   0x0000002a   Code   RO          246    .text.LL_USART_EnableIT_ERROR  uart.o
    0x08004856   0x08004856   0x00000002   PAD
    0x08004858   0x08004858   0x0000002a   Code   RO          244    .text.LL_USART_EnableIT_IDLE  uart.o
    0x08004882   0x08004882   0x00000002   PAD
    0x08004884   0x08004884   0x00000010   Code   RO          262    .text.LL_USART_IsActiveFlag_IDLE  uart.o
    0x08004894   0x08004894   0x00000010   Code   RO          260    .text.LL_USART_IsEnabledIT_IDLE  uart.o
    0x080048a4   0x080048a4   0x0000005e   Code   RO          242    .text.LL_USART_SetBaudRate  uart.o
    0x08004902   0x08004902   0x00000002   PAD
    0x08004904   0x08004904   0x0000001a   Code   RO          240    .text.LL_USART_SetTransferBitOrder  uart.o
    0x0800491e   0x0800491e   0x00000002   PAD
    0x08004920   0x08004920   0x00000030   Code   RO          236    .text.LL_USART_SetTransferDirection  uart.o
    0x08004950   0x08004950   0x00000342   Code   RO           17    .text.ProcTmStep    fsm_tm.o
    0x08004c92   0x08004c92   0x00000002   PAD
    0x08004c94   0x08004c94   0x00000424   Code   RO            2    .text.ProcessFsmMain  fsm_main.o
    0x080050b8   0x080050b8   0x0000001c   Code   RO           21    .text.ProcessFsmTm  fsm_tm.o
    0x080050d4   0x080050d4   0x0000013e   Code   RO          132    .text.ProcessKey    main.o
    0x08005212   0x08005212   0x00000002   PAD
    0x08005214   0x08005214   0x0000017c   Code   RO           96    .text.ProcessKeyKpd4  keypad.o
    0x08005390   0x08005390   0x0000006a   Code   RO          172    .text.ProcessMessages  messages.o
    0x080053fa   0x080053fa   0x00000002   PAD
    0x080053fc   0x080053fc   0x00000712   Code   RO           19    .text.ProcessOneTm  fsm_tm.o
    0x08005b0e   0x08005b0e   0x00000002   PAD
    0x08005b10   0x08005b10   0x00000032   Code   RO          184    .text.ProcessTimers  timers.o
    0x08005b42   0x08005b42   0x00000002   PAD
    0x08005b44   0x08005b44   0x00000026   Code   RO          461    .text.RCC_GetHCLKClockFreq  stm32f3xx_ll_rcc.o
    0x08005b6a   0x08005b6a   0x00000002   PAD
    0x08005b6c   0x08005b6c   0x00000024   Code   RO          463    .text.RCC_GetPCLK1ClockFreq  stm32f3xx_ll_rcc.o
    0x08005b90   0x08005b90   0x00000024   Code   RO          465    .text.RCC_GetPCLK2ClockFreq  stm32f3xx_ll_rcc.o
    0x08005bb4   0x08005bb4   0x00000056   Code   RO          459    .text.RCC_GetSystemClockFreq  stm32f3xx_ll_rcc.o
    0x08005c0a   0x08005c0a   0x00000002   PAD
    0x08005c0c   0x08005c0c   0x00000084   Code   RO          489    .text.RCC_PLL_GetFreqDomain_SYS  stm32f3xx_ll_rcc.o
    0x08005c90   0x08005c90   0x0000001c   Code   RO          190    .text.ResetTimer    timers.o
    0x08005cac   0x08005cac   0x00000024   Code   RO          170    .text.SendMessage   messages.o
    0x08005cd0   0x08005cd0   0x00000008   Code   RO          192    .text.SysTick_Handler  timers.o
    0x08005cd8   0x08005cd8   0x0000007a   Code   RO          122    .text.SystemClock_Config  main.o
    0x08005d52   0x08005d52   0x00000002   PAD
    0x08005d54   0x08005d54   0x00000110   Code   RO          627    .text.SystemCoreClockUpdate  system_stm32f3xx.o
    0x08005e64   0x08005e64   0x00000012   Code   RO          625    .text.SystemInit    system_stm32f3xx.o
    0x08005e76   0x08005e76   0x00000002   PAD
    0x08005e78   0x08005e78   0x00000168   Code   RO          258    .text.USART2_IRQHandler  uart.o
    0x08005fe0   0x08005fe0   0x00000030   Code   RO           46    .text.__NVIC_EnableIRQ  i2cfram.o
    0x08006010   0x08006010   0x00000030   Code   RO          250    .text.__NVIC_EnableIRQ  uart.o
    0x08006040   0x08006040   0x00000042   Code   RO           44    .text.__NVIC_SetPriority  i2cfram.o
    0x08006082   0x08006082   0x00000002   PAD
    0x08006084   0x08006084   0x00000042   Code   RO          248    .text.__NVIC_SetPriority  uart.o
    0x080060c6   0x080060c6   0x00000002   PAD
    0x080060c8   0x080060c8   0x0000004a   Code   RO          302    .text._sys_close    retarget_io.o
    0x08006112   0x08006112   0x00000002   PAD
    0x08006114   0x08006114   0x00000048   Code   RO          314    .text._sys_flen     retarget_io.o
    0x0800615c   0x0800615c   0x00000048   Code   RO          310    .text._sys_istty    retarget_io.o
    0x080061a4   0x080061a4   0x00000084   Code   RO          300    .text._sys_open     retarget_io.o
    0x08006228   0x08006228   0x00000052   Code   RO          312    .text._sys_seek     retarget_io.o
    0x0800627a   0x0800627a   0x00000002   PAD
    0x0800627c   0x0800627c   0x00000076   Code   RO          304    .text._sys_write    retarget_io.o
    0x080062f2   0x080062f2   0x00000002   PAD
    0x080062f4   0x080062f4   0x000000d4   Code   RO           66    .text.i2cFRAM_rd    i2cfram.o
    0x080063c8   0x080063c8   0x000000f8   Code   RO           60    .text.i2cFRAM_wr    i2cfram.o
    0x080064c0   0x080064c0   0x000000c2   Code   RO           36    .text.init_I2C_FRAM  i2cfram.o
    0x08006582   0x08006582   0x00000002   PAD
    0x08006584   0x08006584   0x00000098   Code   RO          120    .text.main          main.o
    0x0800661c   0x0800661c   0x00000034   Code   RO           15    .text.normalize_symbol  fsm_tm.o
    0x08006650   0x08006650   0x0000008a   Code   RO           98    .text.scankeypad    keypad.o
    0x080066da   0x080066da   0x00000002   PAD
    0x080066dc   0x080066dc   0x00000010   Code   RO          306    .text.stdout_putchar  retarget_io.o
    0x080066ec   0x080066ec   0x0000006e   Code   RO          202    .text.uart_transmit  uart.o
    0x0800675a   0x0800675a   0x0000003e   Code   RO          940    CL$$btod_d2e        c_w.l(btod.o)
    0x08006798   0x08006798   0x00000046   Code   RO          942    CL$$btod_d2e_denorm_low  c_w.l(btod.o)
    0x080067de   0x080067de   0x00000060   Code   RO          941    CL$$btod_d2e_norm_op1  c_w.l(btod.o)
    0x0800683e   0x0800683e   0x00000002   PAD
    0x08006840   0x08006840   0x00000338   Code   RO          950    CL$$btod_div_common  c_w.l(btod.o)
    0x08006b78   0x08006b78   0x00000084   Code   RO          948    CL$$btod_e2d        c_w.l(btod.o)
    0x08006bfc   0x08006bfc   0x000000dc   Code   RO          947    CL$$btod_e2e        c_w.l(btod.o)
    0x08006cd8   0x08006cd8   0x0000002a   Code   RO          944    CL$$btod_ediv       c_w.l(btod.o)
    0x08006d02   0x08006d02   0x0000002a   Code   RO          946    CL$$btod_edivd      c_w.l(btod.o)
    0x08006d2c   0x08006d2c   0x0000002a   Code   RO          943    CL$$btod_emul       c_w.l(btod.o)
    0x08006d56   0x08006d56   0x0000002a   Code   RO          945    CL$$btod_emuld      c_w.l(btod.o)
    0x08006d80   0x08006d80   0x00000244   Code   RO          949    CL$$btod_mult_common  c_w.l(btod.o)
    0x08006fc4   0x08006fc4   0x00000030   Code   RO         1073    i.__ARM_fpclassify  m_wm.l(fpclassify.o)
    0x08006ff4   0x08006ff4   0x00000004   PAD
    0x08006ff8   0x08006ff8   0x000000f8   Code   RO         1075    i.__hardfp___mathlib_tofloat  m_wm.l(narrow.o)
    0x080070f0   0x080070f0   0x000000d0   Code   RO         1218    i.__hardfp_ldexp    m_wm.l(ldexp.o)
    0x080071c0   0x080071c0   0x00000020   Code   RO         1256    i.__mathlib_dbl_overflow  m_wm.l(dunder.o)
    0x080071e0   0x080071e0   0x00000020   Code   RO         1258    i.__mathlib_dbl_underflow  m_wm.l(dunder.o)
    0x08007200   0x08007200   0x00000012   Code   RO         1076    i.__mathlib_narrow  m_wm.l(narrow.o)
    0x08007212   0x08007212   0x00000014   Code   RO         1220    i.__support_ldexp   m_wm.l(ldexp.o)
    0x08007226   0x08007226   0x0000000e   Code   RO          729    i._is_digit         c_w.l(__printf_wp.o)
    0x08007234   0x08007234   0x0000001c   Code   RO          846    i.fputc             c_w.l(fputc.o)
    0x08007250   0x08007250   0x0000008c   Code   RO         1154    i.frexp             m_wm.l(frexp.o)
    0x080072dc   0x080072dc   0x0000002c   Code   RO          981    locale$$code        c_w.l(lc_numeric_c.o)
    0x08007308   0x08007308   0x0000002c   Code   RO         1134    locale$$code        c_w.l(lc_ctype_c.o)
    0x08007334   0x08007334   0x00000062   Code   RO         1144    x$fpl$d2f           fz_wm.l(d2f.o)
    0x08007396   0x08007396   0x00000002   PAD
    0x08007398   0x08007398   0x00000010   Code   RO         1290    x$fpl$dcheck1       fz_wm.l(dcheck1.o)
    0x080073a8   0x080073a8   0x00000018   Code   RO         1208    x$fpl$dcmpinf       fz_wm.l(dcmpi.o)
    0x080073c0   0x080073c0   0x00000078   Code   RO         1146    x$fpl$deqf          fz_wm.l(deqf.o)
    0x08007438   0x08007438   0x00000078   Code   RO         1210    x$fpl$dleqf         fz_wm.l(dleqf.o)
    0x080074b0   0x080074b0   0x00000154   Code   RO         1212    x$fpl$dmul          fz_wm.l(dmul.o)
    0x08007604   0x08007604   0x0000009c   Code   RO         1214    x$fpl$dnaninf       fz_wm.l(dnaninf.o)
    0x080076a0   0x080076a0   0x0000000c   Code   RO         1248    x$fpl$dretinf       fz_wm.l(dretinf.o)
    0x080076ac   0x080076ac   0x0000006c   Code   RO         1148    x$fpl$drleqf        fz_wm.l(drleqf.o)
    0x08007718   0x08007718   0x0000001a   Code   RO         1150    x$fpl$fpinit        fz_wm.l(fpinit.o)
    0x08007732   0x08007732   0x0000000a   Code   RO         1216    x$fpl$fretinf       fz_wm.l(fretinf.o)
    0x0800773c   0x0800773c   0x00000006   Code   RO         1064    x$fpl$ieeestatus    fz_wm.l(istatus.o)
    0x08007742   0x08007742   0x00000004   Code   RO          788    x$fpl$printf1       fz_wm.l(printf1.o)
    0x08007746   0x08007746   0x00000004   Code   RO          790    x$fpl$printf2       fz_wm.l(printf2.o)
    0x0800774a   0x0800774a   0x00000064   Code   RO         1296    x$fpl$retnan        fz_wm.l(retnan.o)
    0x080077ae   0x080077ae   0x0000005c   Code   RO         1250    x$fpl$scalbn        fz_wm.l(scalbn.o)
    0x0800780a   0x0800780a   0x00000004   Code   RO          796    x$fpl$scanf1        fz_wm.l(scanf1.o)
    0x0800780e   0x0800780e   0x00000008   Code   RO         1066    x$fpl$scanf2        fz_wm.l(scanf2.o)
    0x08007816   0x08007816   0x00000030   Code   RO         1298    x$fpl$trapveneer    fz_wm.l(trapv.o)
    0x08007846   0x08007846   0x00000000   Code   RO         1072    x$fpl$usenofp       fz_wm.l(usenofp.o)
    0x08007846   0x08007846   0x00000002   PAD
    0x08007848   0x08007848   0x00000008   Data   RO          688    .constdata          c_w.l(_printf_wctomb.o)
    0x08007850   0x08007850   0x00000028   Data   RO          717    .constdata          c_w.l(_printf_hex_int_ll_ptr.o)
    0x08007878   0x08007878   0x00000011   Data   RO          737    .constdata          c_w.l(__printf_flags_ss_wp.o)
    0x08007889   0x08007889   0x00000026   Data   RO          824    .constdata          c_w.l(_printf_fp_hex.o)
    0x080078af   0x080078af   0x00000001   PAD
    0x080078b0   0x080078b0   0x00000094   Data   RO          938    .constdata          c_w.l(bigflt0.o)
    0x08007944   0x08007944   0x00000010   Data   RO          630    .rodata.AHBPrescTable  system_stm32f3xx.o
    0x08007954   0x08007954   0x00000008   Data   RO          631    .rodata.APBPrescTable  system_stm32f3xx.o
    0x0800795c   0x0800795c   0x00000007   Data   RO          288    .rodata.CHANNEL_OFFSET_TAB  uart.o
    0x08007963   0x08007963   0x00000008   Data   RO          319    .rodata.__stderr_name  retarget_io.o
    0x0800796b   0x0800796b   0x00000007   Data   RO          317    .rodata.__stdin_name  retarget_io.o
    0x08007972   0x08007972   0x00000008   Data   RO          318    .rodata.__stdout_name  retarget_io.o
    0x0800797a   0x0800797a   0x00000093   Data   RO            5    .rodata.str1.1      fsm_main.o
    0x08007a0d   0x08007a0d   0x000001e5   Data   RO           26    .rodata.str1.1      fsm_tm.o
    0x08007bf2   0x08007bf2   0x0000001c   Data   RO           87    .rodata.str1.1      i2cfram.o
    0x08007c0e   0x08007c0e   0x0000000e   Data   RO          112    .rodata.str1.1      keypad.o
    0x08007c1c   0x08007c1c   0x0000000f   Data   RO          156    .rodata.str1.1      main.o
    0x08007c2b   0x08007c2b   0x0000002b   Data   RO          286    .rodata.str1.1      uart.o
    0x08007c56   0x08007c56   0x00000017   Data   RO          320    .rodata.str1.1      retarget_io.o
    0x08007c6d   0x08007c6d   0x00000003   PAD
    0x08007c70   0x08007c70   0x00000020   Data   RO         1301    Region$$Table       anon$$obj.o
    0x08007c90   0x08007c90   0x00000008   Data   RO         1060    c$$dinf             fz_wm.l(fpconst.o)
    0x08007c98   0x08007c98   0x00000008   Data   RO         1063    c$$dmax             fz_wm.l(fpconst.o)
    0x08007ca0   0x08007ca0   0x0000001c   Data   RO          980    locale$$data        c_w.l(lc_numeric_c.o)
    0x08007cbc   0x08007cbc   0x00000110   Data   RO         1133    locale$$data        c_w.l(lc_ctype_c.o)


    Execution Region RW_IRAM2 (Exec base: 0x10000000, Load base: 0x08007de0, Size: 0x00000000, Max: 0x00002000, ABSOLUTE)

    **** No section assigned to this execution region ****


    Execution Region RW_IRAM1 (Exec base: 0x20000000, Load base: 0x08007dd0, Size: 0x00001150, Max: 0x0000c000, ABSOLUTE)

    Exec Addr    Load Addr    Size         Type   Attr      Idx    E Section Name        Object

    0x20000000   0x08007dd0   0x00000004   Data   RW          781    .data               c_w.l(stdio_streams.o)
    0x20000004   0x08007dd4   0x00000004   Data   RW          782    .data               c_w.l(stdio_streams.o)
    0x20000008   0x08007dd8   0x00000004   Data   RW          783    .data               c_w.l(stdio_streams.o)
    0x2000000c   0x08007ddc   0x00000004   Data   RW          629    .data.SystemCoreClock  system_stm32f3xx.o
    0x20000010        -       0x00000054   Zero   RW          778    .bss                c_w.l(stdio_streams.o)
    0x20000064        -       0x00000054   Zero   RW          779    .bss                c_w.l(stdio_streams.o)
    0x200000b8        -       0x00000054   Zero   RW          780    .bss                c_w.l(stdio_streams.o)
    0x2000010c        -       0x00000060   Zero   RW         1084    .bss                c_w.l(libspace.o)
    0x2000016c        -       0x00000030   Zero   RW          176    .bss.Messages       messages.o
    0x2000019c        -       0x00000010   Zero   RW           25    .bss.ProcTmStep.sync_data  fsm_tm.o
    0x200001ac        -       0x00000004   Zero   RW          159    .bss.ProcessKey.count  main.o
    0x200001b0        -       0x00000001   Zero   RW          157    .bss.ProcessKey.fsmstate  main.o
    0x200001b1        -       0x00000011   Zero   RW          158    .bss.ProcessKey.textbuf  main.o
    0x200001c2        -       0x00000002   Zero   RW          110    .bss.ProcessKeyKpd4.keycode  keypad.o
    0x200001c4        -       0x00000001   Zero   RW          287    .bss.USART2_IRQHandler.old_pos  uart.o
    0x200001c5        -       0x000000ff   Zero   RW            6    .bss.aRecvbuf       fsm_main.o
    0x200002c4        -       0x00000004   Zero   RW           88    .bss.addrdat_FRAM   i2cfram.o
    0x200002c8        -       0x00000004   Zero   RW            8    .bss.addrfsm        fsm_main.o
    0x200002cc        -       0x00000001   Zero   RW            4    .bss.fsmstate       fsm_main.o
    0x200002cd        -       0x00000001   Zero   RW          111    .bss.fsmstate       keypad.o
    0x200002ce        -       0x00000001   Zero   RW           85    .bss.iic_st         i2cfram.o
    0x200002cf   0x08007de0   0x00000001   PAD
    0x200002d0        -       0x00000004   Zero   RW            7    .bss.lenfsm         fsm_main.o
    0x200002d4        -       0x00000001   Zero   RW           84    .bss.leni2c         i2cfram.o
    0x200002d5        -       0x00000001   Zero   RW          284    .bss.lenuart        uart.o
    0x200002d6   0x08007de0   0x00000002   PAD
    0x200002d8        -       0x00000230   Zero   RW           27    .bss.mt1            fsm_tm.o
    0x20000508        -       0x00000230   Zero   RW           28    .bss.mt2            fsm_tm.o
    0x20000738        -       0x00000101   Zero   RW           86    .bss.tDati2c        i2cfram.o
    0x20000839        -       0x00000302   Zero   RW          285    .bss.tDatuart       uart.o
    0x20000b3b   0x08007de0   0x00000001   PAD
    0x20000b3c        -       0x00000014   Zero   RW          194    .bss.v_timers       timers.o
    0x20000b50        -       0x00000200   Zero   RW          616    HEAP                startup_stm32f303xc.o
    0x20000d50        -       0x00000400   Zero   RW          615    STACK               startup_stm32f303xc.o


==============================================================================

Image component sizes


      Code (inc. data)   RO Data    RW Data    ZI Data      Debug   Object Name

      1060          8        147          0        264       1780   fsm_main.o
      2934         18        485          0       1136       5283   fsm_tm.o
      1520          0         28          0        263       8633   i2cfram.o
       722          6         14          0          3       3218   keypad.o
      1030          0         15          0         22       4573   main.o
       266          0          0          0         48       1183   messages.o
       632          0         46          0          0       3087   retarget_io.o
        64         26        392          0       1536        900   startup_stm32f303xc.o
       612          0          0          0          0       3848   stm32f3xx_ll_gpio.o
       888          4          0          0          0       7435   stm32f3xx_ll_rcc.o
        94          0          0          0          0       6264   stm32f3xx_ll_utils.o
       290          0         24          4          0       2362   system_stm32f3xx.o
       158          0          0          0         20       1068   timers.o
      2512          0         50          0        772      11345   uart.o

    ----------------------------------------------------------------------
     12914         62       1236          4       4068      60979   Object Totals
         0          0         32          0          0          0   (incl. Generated)
       132          0          3          0          4          0   (incl. Padding)

    ----------------------------------------------------------------------

      Code (inc. data)   RO Data    RW Data    ZI Data      Debug   Library Member Name

         8          0          0          0          0         68   __main.o
       392          4         17          0          0         92   __printf_flags_ss_wp.o
        14          0          0          0          0         68   __printf_wp.o
         0          0          0          0          0          0   __rtentry.o
        12          0          0          0          0          0   __rtentry2.o
         6          0          0          0          0          0   __rtentry4.o
        94          8          0          0          0          0   __scatter.o
        26          0          0          0          0          0   __scatter_copy.o
        28          0          0          0          0          0   __scatter_zi.o
        72          0          0          0          0         96   _c16rtomb.o
        28          0          0          0          0         68   _chval.o
        64          0          0          0          0         84   _mbrtoc16.o
         6          0          0          0          0          0   _printf_a.o
         6          0          0          0          0          0   _printf_c.o
        44          0          0          0          0        108   _printf_char.o
        48          6          0          0          0         96   _printf_char_common.o
        36          4          0          0          0         80   _printf_char_file.o
        40          0          0          0          0         68   _printf_charcount.o
         6          0          0          0          0          0   _printf_d.o
       120         16          0          0          0         92   _printf_dec.o
         6          0          0          0          0          0   _printf_e.o
         6          0          0          0          0          0   _printf_f.o
      1052          0          0          0          0        148   _printf_fp_dec.o
       764          8         38          0          0        100   _printf_fp_hex.o
       128         16          0          0          0         84   _printf_fp_infnan.o
         6          0          0          0          0          0   _printf_g.o
       148          4         40          0          0        160   _printf_hex_int_ll_ptr.o
         6          0          0          0          0          0   _printf_i.o
       178          0          0          0          0         88   _printf_intcommon.o
        10          0          0          0          0          0   _printf_l.o
         6          0          0          0          0          0   _printf_lc.o
        10          0          0          0          0          0   _printf_ll.o
         6          0          0          0          0          0   _printf_lld.o
         6          0          0          0          0          0   _printf_lli.o
         6          0          0          0          0          0   _printf_llo.o
         6          0          0          0          0          0   _printf_llu.o
         6          0          0          0          0          0   _printf_llx.o
       124         16          0          0          0         92   _printf_longlong_dec.o
         6          0          0          0          0          0   _printf_ls.o
         6          0          0          0          0          0   _printf_n.o
         6          0          0          0          0          0   _printf_o.o
       112          8          0          0          0        124   _printf_oct_int_ll.o
         6          0          0          0          0          0   _printf_p.o
        78          0          0          0          0        108   _printf_pad.o
         0          0          0          0          0          0   _printf_percent.o
         4          0          0          0          0          0   _printf_percent_end.o
         6          0          0          0          0          0   _printf_s.o
        82          0          0          0          0         80   _printf_str.o
        36          0          0          0          0         84   _printf_truncate.o
         6          0          0          0          0          0   _printf_u.o
        44          0          0          0          0        108   _printf_wchar.o
       188          6          8          0          0         92   _printf_wctomb.o
         6          0          0          0          0          0   _printf_x.o
        22          0          0          0          0        100   _rserrno.o
       884          6          0          0          0        100   _scanf.o
       332          0          0          0          0         96   _scanf_int.o
       342          0          0          0          0        100   _scanf_longlong.o
       276          0          0          0          0        100   _scanf_mbtowc.o
       224          0          0          0          0         96   _scanf_str.o
        30          0          0          0          0         76   _scanf_wcharmap.o
       232          0          0          0          0        100   _scanf_wctomb.o
       208          0          0          0          0         96   _scanf_wstr.o
        64          0          0          0          0         84   _sgetc.o
        16          0          0          0          0         68   _snputc.o
        10          0          0          0          0         68   _sputc.o
       228          4        148          0          0         96   bigflt0.o
      2152        136          0          0          0        956   btod.o
        10          0          0          0          0         68   defsig_exit.o
        50          0          0          0          0         88   defsig_general.o
        80         58          0          0          0         76   defsig_rtmem_inner.o
        14          0          0          0          0         80   defsig_rtmem_outer.o
        52         38          0          0          0         76   defsig_rtred_inner.o
        14          0          0          0          0         80   defsig_rtred_outer.o
        18          0          0          0          0         80   exit.o
        76          0          0          0          0         88   fclose.o
         8          0          0          0          0         68   ferror.o
       482          0          0          0          0         92   flsbuf.o
       240          6          0          0          0        128   fopen.o
        28          0          0          0          0         68   fputc.o
       248          6          0          0          0         84   fseek.o
        66          0          0          0          0         76   ftell.o
        94          0          0          0          0         80   h1_alloc.o
        52          0          0          0          0         68   h1_extend.o
        78          0          0          0          0         80   h1_free.o
        12          0          0          0          0         84   h1_init.o
         6          0          0          0          0        152   heapauxi.o
         4          0          0          0          0        136   hguard.o
         0          0          0          0          0          0   indicate_semi.o
       138          0          0          0          0        168   init_alloc.o
       312         46          0          0          0        112   initio.o
        18          0          0          0          0         76   isspace.o
        44         10        272          0          0         76   lc_ctype_c.o
        44         10         28          0          0         76   lc_numeric_c.o
         2          0          0          0          0          0   libinit.o
        46          0          0          0          0          0   libinit2.o
         2          0          0          0          0          0   libshutdown.o
         6          0          0          0          0          0   libshutdown2.o
         8          4          0          0         96         68   libspace.o
        38          0          0          0          0         68   llshl.o
       138          0          0          0          0         80   lludiv10.o
         0          0          0          0          0          0   maybetermalloc1.o
        24          4          0          0          0         84   printf.o
        16          4          0          0          0         76   rt_ctype_table.o
         8          4          0          0          0         68   rt_errno_addr_intlibspace.o
         8          4          0          0          0         68   rt_heap_descriptor_intlibspace.o
         8          4          0          0          0         68   rt_locale_intlibspace.o
        68          0          0          0          0         68   rt_memclr.o
        78          0          0          0          0         80   rt_memclr_w.o
       138          0          0          0          0         68   rt_memcpy_v6.o
       100          0          0          0          0         80   rt_memcpy_w.o
         2          0          0          0          0          0   rtexit.o
        10          0          0          0          0          0   rtexit2.o
        44          8          0          0          0         84   scanf_char.o
      1272         16          0          0          0        168   scanf_fp.o
       800         14          0          0          0        100   scanf_hexfp.o
       308         16          0          0          0        100   scanf_infnan.o
        70          0          0          0          0         80   setvbuf.o
        64          6          0          0          0         84   snprintf.o
        44          6          0          0          0         84   sprintf.o
        60          8          0          0          0         84   sscanf.o
       264          6          0          0          0        160   stdio.o
         0          0          0         12        252          0   stdio_streams.o
        20          0          0          0          0         68   strchr.o
       124          0          0          0          0         88   strcmpv7em.o
        72          0          0          0          0         80   strcpy.o
        62          0          0          0          0         76   strlen.o
        86          0          0          0          0         76   strncpy.o
        12          4          0          0          0         68   sys_exit.o
        74          0          0          0          0         80   sys_stackheap_outer.o
        14          0          0          0          0         76   sys_wrch.o
         2          0          0          0          0         68   use_no_semi.o
        98          4          0          0          0        140   d2f.o
        16          4          0          0          0        116   dcheck1.o
        24          0          0          0          0        116   dcmpi.o
       120          4          0          0          0        140   deqf.o
       120          4          0          0          0        140   dleqf.o
       340         12          0          0          0        152   dmul.o
       156          4          0          0          0        140   dnaninf.o
        12          0          0          0          0        116   dretinf.o
       108          0          0          0          0        128   drleqf.o
         0          0         16          0          0          0   fpconst.o
        26          0          0          0          0        116   fpinit.o
        10          0          0          0          0        116   fretinf.o
         6          0          0          0          0        116   istatus.o
         4          0          0          0          0        116   printf1.o
         4          0          0          0          0        116   printf2.o
       100          0          0          0          0        116   retnan.o
        92          0          0          0          0        116   scalbn.o
         4          0          0          0          0        116   scanf1.o
         8          0          0          0          0        132   scanf2.o
        48          0          0          0          0        116   trapv.o
         0          0          0          0          0          0   usenofp.o
        64         16          0          0          0        248   dunder.o
        48          0          0          0          0        124   fpclassify.o
       140         22          0          0          0        132   frexp.o
       228          8          0          0          0        308   ldexp.o
       266         16          0          0          0        308   narrow.o

    ----------------------------------------------------------------------
     17486        618        568         12        348      12568   Library Totals
        34          0          1          0          0          0   (incl. Padding)

    ----------------------------------------------------------------------

      Code (inc. data)   RO Data    RW Data    ZI Data      Debug   Library Name

     15410        524        551         12        348       9084   c_w.l
      1296         32         16          0          0       2364   fz_wm.l
       746         62          0          0          0       1120   m_wm.l

    ----------------------------------------------------------------------
     17486        618        568         12        348      12568   Library Totals

    ----------------------------------------------------------------------

==============================================================================


      Code (inc. data)   RO Data    RW Data    ZI Data      Debug   

     30400        680       1804         16       4416      65727   Grand Totals
     30400        680       1804         16       4416      65727   ELF Image Totals
     30400        680       1804         16          0          0   ROM Totals

==============================================================================

    Total RO  Size (Code + RO Data)                32204 (  31.45kB)
    Total RW  Size (RW Data + ZI Data)              4432 (   4.33kB)
    Total ROM Size (Code + RO Data + RW Data)      32220 (  31.46kB)

==============================================================================

